2026-03-23T14:19:54.339+07:00  INFO 28088 --- [EmailService] [main] c.e.E.EmailServiceApplication            : Starting EmailServiceApplication using Java 25.0.1 with PID 28088 (C:\Users\vuna1\Desktop\learniverse\learniverse\EmailService\target\classes started by vuna1 in C:\Users\vuna1\Desktop\learniverse\learniverse)
2026-03-23T14:19:54.343+07:00  INFO 28088 --- [EmailService] [main] c.e.E.EmailServiceApplication            : No active profile set, falling back to 1 default profile: "default"
2026-03-23T14:19:54.369+07:00  INFO 28088 --- [EmailService] [main] o.s.c.c.c.ConfigServerConfigDataLoader   : Fetching config from server at : http://localhost:8082
2026-03-23T14:19:54.370+07:00  INFO 28088 --- [EmailService] [main] o.s.c.c.c.ConfigServerConfigDataLoader   : Located environment: name=EmailService, profiles=[default], label=null, version=null, state=null
2026-03-23T14:19:55.104+07:00  INFO 28088 --- [EmailService] [main] o.s.cloud.context.scope.GenericScope     : BeanFactory id=f122a586-658f-3680-9327-c63c24e3a168
2026-03-23T14:19:55.299+07:00  INFO 28088 --- [EmailService] [main] o.s.b.w.embedded.tomcat.TomcatWebServer  : Tomcat initialized with port 8089 (http)
2026-03-23T14:19:55.308+07:00  INFO 28088 --- [EmailService] [main] o.apache.catalina.core.StandardService   : Starting service [Tomcat]
2026-03-23T14:19:55.308+07:00  INFO 28088 --- [EmailService] [main] o.apache.catalina.core.StandardEngine    : Starting Servlet engine: [Apache Tomcat/10.1.42]
2026-03-23T14:19:55.348+07:00  INFO 28088 --- [EmailService] [main] o.a.c.c.C.[Tomcat].[localhost].[/]       : Initializing Spring embedded WebApplicationContext
2026-03-23T14:19:55.348+07:00  INFO 28088 --- [EmailService] [main] w.s.c.ServletWebServerApplicationContext : Root WebApplicationContext: initialization completed in 977 ms
2026-03-23T14:19:55.911+07:00  INFO 28088 --- [EmailService] [main] r$InitializeUserDetailsManagerConfigurer : Global AuthenticationManager configured with UserDetailsService bean with name inMemoryUserDetailsManager
2026-03-23T14:19:55.972+07:00  INFO 28088 --- [EmailService] [main] o.s.b.a.e.web.EndpointLinksResolver      : Exposing 16 endpoints beneath base path '/actuator'
2026-03-23T14:19:56.058+07:00  INFO 28088 --- [EmailService] [main] DiscoveryClientOptionalArgsConfiguration : Eureka HTTP Client uses RestTemplate.
2026-03-23T14:19:56.130+07:00  INFO 28088 --- [EmailService] [main] o.s.c.n.eureka.InstanceInfoFactory       : Setting initial instance status as: STARTING
2026-03-23T14:19:56.145+07:00  INFO 28088 --- [EmailService] [main] com.netflix.discovery.DiscoveryClient    : Initializing Eureka in region us-east-1
2026-03-23T14:19:56.147+07:00  INFO 28088 --- [EmailService] [main] c.n.d.s.r.aws.ConfigClusterResolver      : Resolving eureka endpoints via configuration
2026-03-23T14:19:56.154+07:00  INFO 28088 --- [EmailService] [main] com.netflix.discovery.DiscoveryClient    : Disable delta property : false
2026-03-23T14:19:56.155+07:00  INFO 28088 --- [EmailService] [main] com.netflix.discovery.DiscoveryClient    : Single vip registry refresh property : null
2026-03-23T14:19:56.155+07:00  INFO 28088 --- [EmailService] [main] com.netflix.discovery.DiscoveryClient    : Force full registry fetch : false
2026-03-23T14:19:56.155+07:00  INFO 28088 --- [EmailService] [main] com.netflix.discovery.DiscoveryClient    : Application is null : false
2026-03-23T14:19:56.155+07:00  INFO 28088 --- [EmailService] [main] com.netflix.discovery.DiscoveryClient    : Registered Applications size is zero : true
2026-03-23T14:19:56.156+07:00  INFO 28088 --- [EmailService] [main] com.netflix.discovery.DiscoveryClient    : Application version is -1: true
2026-03-23T14:19:56.156+07:00  INFO 28088 --- [EmailService] [main] com.netflix.discovery.DiscoveryClient    : Getting all instance registry info from the eureka server
2026-03-23T14:19:56.310+07:00  INFO 28088 --- [EmailService] [main] com.netflix.discovery.DiscoveryClient    : The response status is 200
2026-03-23T14:19:56.310+07:00  INFO 28088 --- [EmailService] [main] com.netflix.discovery.DiscoveryClient    : Starting heartbeat executor: renew interval is: 30
2026-03-23T14:19:56.312+07:00  INFO 28088 --- [EmailService] [main] c.n.discovery.InstanceInfoReplicator     : InstanceInfoReplicator onDemand update allowed rate per min is 4
2026-03-23T14:19:56.313+07:00  INFO 28088 --- [EmailService] [main] com.netflix.discovery.DiscoveryClient    : Discovery Client initialized at timestamp 1774250396312 with initial instances count: 0
2026-03-23T14:19:56.315+07:00  INFO 28088 --- [EmailService] [main] o.s.c.n.e.s.EurekaServiceRegistry        : Registering application EMAILSERVICE with eureka with status UP
2026-03-23T14:19:56.316+07:00  INFO 28088 --- [EmailService] [main] com.netflix.discovery.DiscoveryClient    : Saw local status change event StatusChangeEvent [timestamp=1774250396316, current=UP, previous=STARTING]
2026-03-23T14:19:56.316+07:00  INFO 28088 --- [EmailService] [DiscoveryClient-InstanceInfoReplicator-%d] com.netflix.discovery.DiscoveryClient    : DiscoveryClient_EMAILSERVICE/host.docker.internal:EmailService:8089: registering service...
2026-03-23T14:19:56.326+07:00  INFO 28088 --- [EmailService] [main] o.s.b.w.embedded.tomcat.TomcatWebServer  : Tomcat started on port 8089 (http) with context path '/'
2026-03-23T14:19:56.326+07:00  INFO 28088 --- [EmailService] [main] .s.c.n.e.s.EurekaAutoServiceRegistration : Updating port to 8089
2026-03-23T14:19:56.338+07:00  INFO 28088 --- [EmailService] [DiscoveryClient-InstanceInfoReplicator-%d] com.netflix.discovery.DiscoveryClient    : DiscoveryClient_EMAILSERVICE/host.docker.internal:EmailService:8089 - registration status: 204
2026-03-23T14:19:56.358+07:00  INFO 28088 --- [EmailService] [main] o.a.k.clients.consumer.ConsumerConfig    : ConsumerConfig values: 
	allow.auto.create.topics = true
	auto.commit.interval.ms = 5000
	auto.include.jmx.reporter = true
	auto.offset.reset = earliest
	bootstrap.servers = [localhost:9092]
	check.crcs = true
	client.dns.lookup = use_all_dns_ips
	client.id = consumer-notification-1
	client.rack = 
	connections.max.idle.ms = 540000
	default.api.timeout.ms = 60000
	enable.auto.commit = false
	enable.metrics.push = true
	exclude.internal.topics = true
	fetch.max.bytes = 52428800
	fetch.max.wait.ms = 500
	fetch.min.bytes = 1
	group.id = notification
	group.instance.id = null
	group.protocol = classic
	group.remote.assignor = null
	heartbeat.interval.ms = 3000
	interceptor.classes = []
	internal.leave.group.on.close = true
	internal.throw.on.fetch.stable.offset.unsupported = false
	isolation.level = read_uncommitted
	key.deserializer = class org.apache.kafka.common.serialization.StringDeserializer
	max.partition.fetch.bytes = 1048576
	max.poll.interval.ms = 300000
	max.poll.records = 500
	metadata.max.age.ms = 300000
	metadata.recovery.strategy = none
	metric.reporters = []
	metrics.num.samples = 2
	metrics.recording.level = INFO
	metrics.sample.window.ms = 30000
	partition.assignment.strategy = [class org.apache.kafka.clients.consumer.RangeAssignor, class org.apache.kafka.clients.consumer.CooperativeStickyAssignor]
	receive.buffer.bytes = 65536
	reconnect.backoff.max.ms = 1000
	reconnect.backoff.ms = 50
	request.timeout.ms = 30000
	retry.backoff.max.ms = 1000
	retry.backoff.ms = 100
	sasl.client.callback.handler.class = null
	sasl.jaas.config = null
	sasl.kerberos.kinit.cmd = /usr/bin/kinit
	sasl.kerberos.min.time.before.relogin = 60000
	sasl.kerberos.service.name = null
	sasl.kerberos.ticket.renew.jitter = 0.05
	sasl.kerberos.ticket.renew.window.factor = 0.8
	sasl.login.callback.handler.class = null
	sasl.login.class = null
	sasl.login.connect.timeout.ms = null
	sasl.login.read.timeout.ms = null
	sasl.login.refresh.buffer.seconds = 300
	sasl.login.refresh.min.period.seconds = 60
	sasl.login.refresh.window.factor = 0.8
	sasl.login.refresh.window.jitter = 0.05
	sasl.login.retry.backoff.max.ms = 10000
	sasl.login.retry.backoff.ms = 100
	sasl.mechanism = GSSAPI
	sasl.oauthbearer.clock.skew.seconds = 30
	sasl.oauthbearer.expected.audience = null
	sasl.oauthbearer.expected.issuer = null
	sasl.oauthbearer.header.urlencode = false
	sasl.oauthbearer.jwks.endpoint.refresh.ms = 3600000
	sasl.oauthbearer.jwks.endpoint.retry.backoff.max.ms = 10000
	sasl.oauthbearer.jwks.endpoint.retry.backoff.ms = 100
	sasl.oauthbearer.jwks.endpoint.url = null
	sasl.oauthbearer.scope.claim.name = scope
	sasl.oauthbearer.sub.claim.name = sub
	sasl.oauthbearer.token.endpoint.url = null
	security.protocol = PLAINTEXT
	security.providers = null
	send.buffer.bytes = 131072
	session.timeout.ms = 45000
	socket.connection.setup.timeout.max.ms = 30000
	socket.connection.setup.timeout.ms = 10000
	ssl.cipher.suites = null
	ssl.enabled.protocols = [TLSv1.2, TLSv1.3]
	ssl.endpoint.identification.algorithm = https
	ssl.engine.factory.class = null
	ssl.key.password = null
	ssl.keymanager.algorithm = SunX509
	ssl.keystore.certificate.chain = null
	ssl.keystore.key = null
	ssl.keystore.location = null
	ssl.keystore.password = null
	ssl.keystore.type = JKS
	ssl.protocol = TLSv1.3
	ssl.provider = null
	ssl.secure.random.implementation = null
	ssl.trustmanager.algorithm = PKIX
	ssl.truststore.certificates = null
	ssl.truststore.location = null
	ssl.truststore.password = null
	ssl.truststore.type = JKS
	value.deserializer = class org.apache.kafka.common.serialization.StringDeserializer

2026-03-23T14:19:56.388+07:00  INFO 28088 --- [EmailService] [main] o.a.k.c.t.i.KafkaMetricsCollector        : initializing Kafka metrics collector
2026-03-23T14:19:56.479+07:00  INFO 28088 --- [EmailService] [main] o.a.k.clients.consumer.ConsumerConfig    : These configurations '[spring.json.trusted.packages]' were supplied but are not used yet.
2026-03-23T14:19:56.480+07:00  INFO 28088 --- [EmailService] [main] o.a.kafka.common.utils.AppInfoParser     : Kafka version: 3.9.1
2026-03-23T14:19:56.480+07:00  INFO 28088 --- [EmailService] [main] o.a.kafka.common.utils.AppInfoParser     : Kafka commitId: f745dfdcee2b9851
2026-03-23T14:19:56.481+07:00  INFO 28088 --- [EmailService] [main] o.a.kafka.common.utils.AppInfoParser     : Kafka startTimeMs: 1774250396479
2026-03-23T14:19:56.487+07:00  INFO 28088 --- [EmailService] [main] o.a.k.c.c.i.ClassicKafkaConsumer         : [Consumer clientId=consumer-notification-1, groupId=notification] Subscribed to topic(s): payment-processing-success
2026-03-23T14:19:56.493+07:00  INFO 28088 --- [EmailService] [main] o.a.k.clients.consumer.ConsumerConfig    : ConsumerConfig values: 
	allow.auto.create.topics = true
	auto.commit.interval.ms = 5000
	auto.include.jmx.reporter = true
	auto.offset.reset = earliest
	bootstrap.servers = [localhost:9092]
	check.crcs = true
	client.dns.lookup = use_all_dns_ips
	client.id = consumer-notification-2
	client.rack = 
	connections.max.idle.ms = 540000
	default.api.timeout.ms = 60000
	enable.auto.commit = false
	enable.metrics.push = true
	exclude.internal.topics = true
	fetch.max.bytes = 52428800
	fetch.max.wait.ms = 500
	fetch.min.bytes = 1
	group.id = notification
	group.instance.id = null
	group.protocol = classic
	group.remote.assignor = null
	heartbeat.interval.ms = 3000
	interceptor.classes = []
	internal.leave.group.on.close = true
	internal.throw.on.fetch.stable.offset.unsupported = false
	isolation.level = read_uncommitted
	key.deserializer = class org.apache.kafka.common.serialization.StringDeserializer
	max.partition.fetch.bytes = 1048576
	max.poll.interval.ms = 300000
	max.poll.records = 500
	metadata.max.age.ms = 300000
	metadata.recovery.strategy = none
	metric.reporters = []
	metrics.num.samples = 2
	metrics.recording.level = INFO
	metrics.sample.window.ms = 30000
	partition.assignment.strategy = [class org.apache.kafka.clients.consumer.RangeAssignor, class org.apache.kafka.clients.consumer.CooperativeStickyAssignor]
	receive.buffer.bytes = 65536
	reconnect.backoff.max.ms = 1000
	reconnect.backoff.ms = 50
	request.timeout.ms = 30000
	retry.backoff.max.ms = 1000
	retry.backoff.ms = 100
	sasl.client.callback.handler.class = null
	sasl.jaas.config = null
	sasl.kerberos.kinit.cmd = /usr/bin/kinit
	sasl.kerberos.min.time.before.relogin = 60000
	sasl.kerberos.service.name = null
	sasl.kerberos.ticket.renew.jitter = 0.05
	sasl.kerberos.ticket.renew.window.factor = 0.8
	sasl.login.callback.handler.class = null
	sasl.login.class = null
	sasl.login.connect.timeout.ms = null
	sasl.login.read.timeout.ms = null
	sasl.login.refresh.buffer.seconds = 300
	sasl.login.refresh.min.period.seconds = 60
	sasl.login.refresh.window.factor = 0.8
	sasl.login.refresh.window.jitter = 0.05
	sasl.login.retry.backoff.max.ms = 10000
	sasl.login.retry.backoff.ms = 100
	sasl.mechanism = GSSAPI
	sasl.oauthbearer.clock.skew.seconds = 30
	sasl.oauthbearer.expected.audience = null
	sasl.oauthbearer.expected.issuer = null
	sasl.oauthbearer.header.urlencode = false
	sasl.oauthbearer.jwks.endpoint.refresh.ms = 3600000
	sasl.oauthbearer.jwks.endpoint.retry.backoff.max.ms = 10000
	sasl.oauthbearer.jwks.endpoint.retry.backoff.ms = 100
	sasl.oauthbearer.jwks.endpoint.url = null
	sasl.oauthbearer.scope.claim.name = scope
	sasl.oauthbearer.sub.claim.name = sub
	sasl.oauthbearer.token.endpoint.url = null
	security.protocol = PLAINTEXT
	security.providers = null
	send.buffer.bytes = 131072
	session.timeout.ms = 45000
	socket.connection.setup.timeout.max.ms = 30000
	socket.connection.setup.timeout.ms = 10000
	ssl.cipher.suites = null
	ssl.enabled.protocols = [TLSv1.2, TLSv1.3]
	ssl.endpoint.identification.algorithm = https
	ssl.engine.factory.class = null
	ssl.key.password = null
	ssl.keymanager.algorithm = SunX509
	ssl.keystore.certificate.chain = null
	ssl.keystore.key = null
	ssl.keystore.location = null
	ssl.keystore.password = null
	ssl.keystore.type = JKS
	ssl.protocol = TLSv1.3
	ssl.provider = null
	ssl.secure.random.implementation = null
	ssl.trustmanager.algorithm = PKIX
	ssl.truststore.certificates = null
	ssl.truststore.location = null
	ssl.truststore.password = null
	ssl.truststore.type = JKS
	value.deserializer = class org.apache.kafka.common.serialization.StringDeserializer

2026-03-23T14:19:56.494+07:00  INFO 28088 --- [EmailService] [main] o.a.k.c.t.i.KafkaMetricsCollector        : initializing Kafka metrics collector
2026-03-23T14:19:56.497+07:00  INFO 28088 --- [EmailService] [main] o.a.k.clients.consumer.ConsumerConfig    : These configurations '[spring.json.trusted.packages]' were supplied but are not used yet.
2026-03-23T14:19:56.498+07:00  INFO 28088 --- [EmailService] [main] o.a.kafka.common.utils.AppInfoParser     : Kafka version: 3.9.1
2026-03-23T14:19:56.498+07:00  INFO 28088 --- [EmailService] [main] o.a.kafka.common.utils.AppInfoParser     : Kafka commitId: f745dfdcee2b9851
2026-03-23T14:19:56.498+07:00  INFO 28088 --- [EmailService] [main] o.a.kafka.common.utils.AppInfoParser     : Kafka startTimeMs: 1774250396498
2026-03-23T14:19:56.501+07:00  INFO 28088 --- [EmailService] [main] o.a.k.c.c.i.ClassicKafkaConsumer         : [Consumer clientId=consumer-notification-2, groupId=notification] Subscribed to topic(s): payment-processing-fail
2026-03-23T14:19:56.510+07:00  INFO 28088 --- [EmailService] [main] c.e.E.EmailServiceApplication            : Started EmailServiceApplication in 2.829 seconds (process running for 3.195)
2026-03-23T14:19:56.732+07:00  INFO 28088 --- [EmailService] [org.springframework.kafka.KafkaListenerEndpointContainer#1-0-C-1] org.apache.kafka.clients.Metadata        : [Consumer clientId=consumer-notification-2, groupId=notification] Cluster ID: TRE_F3PdR4SDra-wI1dJvg
2026-03-23T14:19:56.732+07:00  INFO 28088 --- [EmailService] [org.springframework.kafka.KafkaListenerEndpointContainer#0-0-C-1] org.apache.kafka.clients.Metadata        : [Consumer clientId=consumer-notification-1, groupId=notification] Cluster ID: TRE_F3PdR4SDra-wI1dJvg
2026-03-23T14:19:56.733+07:00  INFO 28088 --- [EmailService] [org.springframework.kafka.KafkaListenerEndpointContainer#1-0-C-1] o.a.k.c.c.internals.ConsumerCoordinator  : [Consumer clientId=consumer-notification-2, groupId=notification] Discovered group coordinator localhost:9092 (id: 2147483646 rack: null)
2026-03-23T14:19:56.733+07:00  INFO 28088 --- [EmailService] [org.springframework.kafka.KafkaListenerEndpointContainer#0-0-C-1] o.a.k.c.c.internals.ConsumerCoordinator  : [Consumer clientId=consumer-notification-1, groupId=notification] Discovered group coordinator localhost:9092 (id: 2147483646 rack: null)
2026-03-23T14:19:56.735+07:00  INFO 28088 --- [EmailService] [org.springframework.kafka.KafkaListenerEndpointContainer#0-0-C-1] o.a.k.c.c.internals.ConsumerCoordinator  : [Consumer clientId=consumer-notification-1, groupId=notification] (Re-)joining group
2026-03-23T14:19:56.735+07:00  INFO 28088 --- [EmailService] [org.springframework.kafka.KafkaListenerEndpointContainer#1-0-C-1] o.a.k.c.c.internals.ConsumerCoordinator  : [Consumer clientId=consumer-notification-2, groupId=notification] (Re-)joining group
2026-03-23T14:19:56.747+07:00  INFO 28088 --- [EmailService] [org.springframework.kafka.KafkaListenerEndpointContainer#1-0-C-1] o.a.k.c.c.internals.ConsumerCoordinator  : [Consumer clientId=consumer-notification-2, groupId=notification] Request joining group due to: need to re-join with the given member-id: consumer-notification-2-3249519e-470f-4538-b6bb-74b2b92c09fe
2026-03-23T14:19:56.747+07:00  INFO 28088 --- [EmailService] [org.springframework.kafka.KafkaListenerEndpointContainer#0-0-C-1] o.a.k.c.c.internals.ConsumerCoordinator  : [Consumer clientId=consumer-notification-1, groupId=notification] Request joining group due to: need to re-join with the given member-id: consumer-notification-1-a727a6ef-cb0a-4a60-bbea-e083735a6478
2026-03-23T14:19:56.747+07:00  INFO 28088 --- [EmailService] [org.springframework.kafka.KafkaListenerEndpointContainer#1-0-C-1] o.a.k.c.c.internals.ConsumerCoordinator  : [Consumer clientId=consumer-notification-2, groupId=notification] (Re-)joining group
2026-03-23T14:19:56.747+07:00  INFO 28088 --- [EmailService] [org.springframework.kafka.KafkaListenerEndpointContainer#0-0-C-1] o.a.k.c.c.internals.ConsumerCoordinator  : [Consumer clientId=consumer-notification-1, groupId=notification] (Re-)joining group
2026-03-23T14:19:59.754+07:00  INFO 28088 --- [EmailService] [org.springframework.kafka.KafkaListenerEndpointContainer#0-0-C-1] o.a.k.c.c.internals.ConsumerCoordinator  : [Consumer clientId=consumer-notification-1, groupId=notification] Successfully joined group with generation Generation{generationId=7, memberId='consumer-notification-1-a727a6ef-cb0a-4a60-bbea-e083735a6478', protocol='range'}
2026-03-23T14:19:59.755+07:00  INFO 28088 --- [EmailService] [org.springframework.kafka.KafkaListenerEndpointContainer#1-0-C-1] o.a.k.c.c.internals.ConsumerCoordinator  : [Consumer clientId=consumer-notification-2, groupId=notification] Successfully joined group with generation Generation{generationId=7, memberId='consumer-notification-2-3249519e-470f-4538-b6bb-74b2b92c09fe', protocol='range'}
2026-03-23T14:19:59.776+07:00  INFO 28088 --- [EmailService] [org.springframework.kafka.KafkaListenerEndpointContainer#1-0-C-1] o.a.k.c.c.internals.ConsumerCoordinator  : [Consumer clientId=consumer-notification-2, groupId=notification] Finished assignment for group at generation 7: {consumer-notification-1-a727a6ef-cb0a-4a60-bbea-e083735a6478=Assignment(partitions=[payment-processing-success-0]), consumer-notification-2-3249519e-470f-4538-b6bb-74b2b92c09fe=Assignment(partitions=[payment-processing-fail-0])}
2026-03-23T14:19:59.783+07:00  INFO 28088 --- [EmailService] [org.springframework.kafka.KafkaListenerEndpointContainer#0-0-C-1] o.a.k.c.c.internals.ConsumerCoordinator  : [Consumer clientId=consumer-notification-1, groupId=notification] Successfully synced group in generation Generation{generationId=7, memberId='consumer-notification-1-a727a6ef-cb0a-4a60-bbea-e083735a6478', protocol='range'}
2026-03-23T14:19:59.783+07:00  INFO 28088 --- [EmailService] [org.springframework.kafka.KafkaListenerEndpointContainer#1-0-C-1] o.a.k.c.c.internals.ConsumerCoordinator  : [Consumer clientId=consumer-notification-2, groupId=notification] Successfully synced group in generation Generation{generationId=7, memberId='consumer-notification-2-3249519e-470f-4538-b6bb-74b2b92c09fe', protocol='range'}
2026-03-23T14:19:59.783+07:00  INFO 28088 --- [EmailService] [org.springframework.kafka.KafkaListenerEndpointContainer#0-0-C-1] o.a.k.c.c.internals.ConsumerCoordinator  : [Consumer clientId=consumer-notification-1, groupId=notification] Notifying assignor about the new Assignment(partitions=[payment-processing-success-0])
2026-03-23T14:19:59.784+07:00  INFO 28088 --- [EmailService] [org.springframework.kafka.KafkaListenerEndpointContainer#1-0-C-1] o.a.k.c.c.internals.ConsumerCoordinator  : [Consumer clientId=consumer-notification-2, groupId=notification] Notifying assignor about the new Assignment(partitions=[payment-processing-fail-0])
2026-03-23T14:19:59.786+07:00  INFO 28088 --- [EmailService] [org.springframework.kafka.KafkaListenerEndpointContainer#1-0-C-1] k.c.c.i.ConsumerRebalanceListenerInvoker : [Consumer clientId=consumer-notification-2, groupId=notification] Adding newly assigned partitions: payment-processing-fail-0
2026-03-23T14:19:59.786+07:00  INFO 28088 --- [EmailService] [org.springframework.kafka.KafkaListenerEndpointContainer#0-0-C-1] k.c.c.i.ConsumerRebalanceListenerInvoker : [Consumer clientId=consumer-notification-1, groupId=notification] Adding newly assigned partitions: payment-processing-success-0
2026-03-23T14:19:59.792+07:00  INFO 28088 --- [EmailService] [org.springframework.kafka.KafkaListenerEndpointContainer#1-0-C-1] o.a.k.c.c.internals.ConsumerCoordinator  : [Consumer clientId=consumer-notification-2, groupId=notification] Found no committed offset for partition payment-processing-fail-0
2026-03-23T14:19:59.794+07:00  INFO 28088 --- [EmailService] [org.springframework.kafka.KafkaListenerEndpointContainer#0-0-C-1] o.a.k.c.c.internals.ConsumerUtils        : Setting offset for partition payment-processing-success-0 to the committed offset FetchPosition{offset=1, offsetEpoch=Optional.empty, currentLeader=LeaderAndEpoch{leader=Optional[localhost:9092 (id: 1 rack: null)], epoch=0}}
2026-03-23T14:19:59.794+07:00  INFO 28088 --- [EmailService] [org.springframework.kafka.KafkaListenerEndpointContainer#0-0-C-1] o.s.k.l.KafkaMessageListenerContainer    : notification: partitions assigned: [payment-processing-success-0]
2026-03-23T14:19:59.807+07:00  INFO 28088 --- [EmailService] [org.springframework.kafka.KafkaListenerEndpointContainer#1-0-C-1] o.a.k.c.c.internals.SubscriptionState    : [Consumer clientId=consumer-notification-2, groupId=notification] Resetting offset for partition payment-processing-fail-0 to position FetchPosition{offset=0, offsetEpoch=Optional.empty, currentLeader=LeaderAndEpoch{leader=Optional[localhost:9092 (id: 1 rack: null)], epoch=0}}.
2026-03-23T14:19:59.807+07:00  INFO 28088 --- [EmailService] [org.springframework.kafka.KafkaListenerEndpointContainer#1-0-C-1] o.s.k.l.KafkaMessageListenerContainer    : notification: partitions assigned: [payment-processing-fail-0]
2026-03-23T14:20:26.312+07:00  INFO 28088 --- [EmailService] [DiscoveryClient-CacheRefreshExecutor-%d] com.netflix.discovery.DiscoveryClient    : Disable delta property : false
2026-03-23T14:20:26.312+07:00  INFO 28088 --- [EmailService] [DiscoveryClient-CacheRefreshExecutor-%d] com.netflix.discovery.DiscoveryClient    : Single vip registry refresh property : null
2026-03-23T14:20:26.312+07:00  INFO 28088 --- [EmailService] [DiscoveryClient-CacheRefreshExecutor-%d] com.netflix.discovery.DiscoveryClient    : Force full registry fetch : false
2026-03-23T14:20:26.312+07:00  INFO 28088 --- [EmailService] [DiscoveryClient-CacheRefreshExecutor-%d] com.netflix.discovery.DiscoveryClient    : Application is null : false
2026-03-23T14:20:26.313+07:00  INFO 28088 --- [EmailService] [DiscoveryClient-CacheRefreshExecutor-%d] com.netflix.discovery.DiscoveryClient    : Registered Applications size is zero : true
2026-03-23T14:20:26.313+07:00  INFO 28088 --- [EmailService] [DiscoveryClient-CacheRefreshExecutor-%d] com.netflix.discovery.DiscoveryClient    : Application version is -1: false
2026-03-23T14:20:26.313+07:00  INFO 28088 --- [EmailService] [DiscoveryClient-CacheRefreshExecutor-%d] com.netflix.discovery.DiscoveryClient    : Getting all instance registry info from the eureka server
2026-03-23T14:20:26.327+07:00  INFO 28088 --- [EmailService] [DiscoveryClient-CacheRefreshExecutor-%d] com.netflix.discovery.DiscoveryClient    : The response status is 200
2026-03-23T14:24:56.158+07:00  INFO 28088 --- [EmailService] [AsyncResolver-bootstrap-executor-%d] c.n.d.s.r.aws.ConfigClusterResolver      : Resolving eureka endpoints via configuration
