2026-03-23T10:45:43.510+07:00  INFO 13040 --- [DiscoveryService] [main] c.e.D.DiscoveryServiceApplication        : Starting DiscoveryServiceApplication using Java 25.0.1 with PID 13040 (C:\Users\vuna1\Desktop\learniverse\learniverse\DiscoveryService\target\classes started by vuna1 in C:\Users\vuna1\Desktop\learniverse\learniverse)
2026-03-23T10:45:43.513+07:00  INFO 13040 --- [DiscoveryService] [main] c.e.D.DiscoveryServiceApplication        : No active profile set, falling back to 1 default profile: "default"
2026-03-23T10:45:43.539+07:00  INFO 13040 --- [DiscoveryService] [main] o.s.c.c.c.ConfigServerConfigDataLoader   : Fetching config from server at : http://localhost:8082
2026-03-23T10:45:43.540+07:00  INFO 13040 --- [DiscoveryService] [main] o.s.c.c.c.ConfigServerConfigDataLoader   : Located environment: name=DiscoveryService, profiles=[default], label=null, version=null, state=null
2026-03-23T10:45:44.070+07:00  INFO 13040 --- [DiscoveryService] [main] o.s.cloud.context.scope.GenericScope     : BeanFactory id=7e4021b6-1cc2-34cf-873d-8c7ef00d6903
2026-03-23T10:45:44.233+07:00  INFO 13040 --- [DiscoveryService] [main] o.s.b.w.embedded.tomcat.TomcatWebServer  : Tomcat initialized with port 8083 (http)
2026-03-23T10:45:44.243+07:00  INFO 13040 --- [DiscoveryService] [main] o.apache.catalina.core.StandardService   : Starting service [Tomcat]
2026-03-23T10:45:44.243+07:00  INFO 13040 --- [DiscoveryService] [main] o.apache.catalina.core.StandardEngine    : Starting Servlet engine: [Apache Tomcat/10.1.42]
2026-03-23T10:45:44.285+07:00  INFO 13040 --- [DiscoveryService] [main] o.a.c.c.C.[Tomcat].[localhost].[/]       : Initializing Spring embedded WebApplicationContext
2026-03-23T10:45:44.286+07:00  INFO 13040 --- [DiscoveryService] [main] w.s.c.ServletWebServerApplicationContext : Root WebApplicationContext: initialization completed in 745 ms
2026-03-23T10:45:44.820+07:00  INFO 13040 --- [DiscoveryService] [main] c.n.d.provider.DiscoveryJerseyProvider   : Using JSON encoding codec LegacyJacksonJson
2026-03-23T10:45:44.821+07:00  INFO 13040 --- [DiscoveryService] [main] c.n.d.provider.DiscoveryJerseyProvider   : Using JSON decoding codec LegacyJacksonJson
2026-03-23T10:45:44.929+07:00  INFO 13040 --- [DiscoveryService] [main] c.n.d.provider.DiscoveryJerseyProvider   : Using XML encoding codec XStreamXml
2026-03-23T10:45:44.929+07:00  INFO 13040 --- [DiscoveryService] [main] c.n.d.provider.DiscoveryJerseyProvider   : Using XML decoding codec XStreamXml
2026-03-23T10:45:45.015+07:00  INFO 13040 --- [DiscoveryService] [main] o.s.v.b.OptionalValidatorFactoryBean     : Failed to set up a Bean Validation provider: jakarta.validation.NoProviderFoundException: Unable to create a Configuration, because no Jakarta Bean Validation provider could be found. Add a provider like Hibernate Validator (RI) to your classpath.
2026-03-23T10:45:45.387+07:00  INFO 13040 --- [DiscoveryService] [main] o.s.c.n.eureka.InstanceInfoFactory       : Setting initial instance status as: STARTING
2026-03-23T10:45:45.397+07:00  INFO 13040 --- [DiscoveryService] [main] com.netflix.discovery.DiscoveryClient    : Initializing Eureka in region us-east-1
2026-03-23T10:45:45.397+07:00  INFO 13040 --- [DiscoveryService] [main] com.netflix.discovery.DiscoveryClient    : Client configured to neither register nor query for data.
2026-03-23T10:45:45.399+07:00  INFO 13040 --- [DiscoveryService] [main] com.netflix.discovery.DiscoveryClient    : Discovery Client initialized at timestamp 1774237545398 with initial instances count: 0
2026-03-23T10:45:45.419+07:00  INFO 13040 --- [DiscoveryService] [main] c.n.eureka.DefaultEurekaServerContext    : Initializing ...
2026-03-23T10:45:45.420+07:00  INFO 13040 --- [DiscoveryService] [main] c.n.eureka.cluster.PeerEurekaNodes       : Adding new peer nodes [http://localhost:8083/eureka/]
2026-03-23T10:45:45.471+07:00  INFO 13040 --- [DiscoveryService] [main] c.n.d.provider.DiscoveryJerseyProvider   : Using JSON encoding codec LegacyJacksonJson
2026-03-23T10:45:45.471+07:00  INFO 13040 --- [DiscoveryService] [main] c.n.d.provider.DiscoveryJerseyProvider   : Using JSON decoding codec LegacyJacksonJson
2026-03-23T10:45:45.471+07:00  INFO 13040 --- [DiscoveryService] [main] c.n.d.provider.DiscoveryJerseyProvider   : Using XML encoding codec XStreamXml
2026-03-23T10:45:45.472+07:00  INFO 13040 --- [DiscoveryService] [main] c.n.d.provider.DiscoveryJerseyProvider   : Using XML decoding codec XStreamXml
2026-03-23T10:45:45.490+07:00  INFO 13040 --- [DiscoveryService] [main] c.n.eureka.cluster.PeerEurekaNodes       : Replica node URL:  http://localhost:8083/eureka/
2026-03-23T10:45:45.494+07:00  INFO 13040 --- [DiscoveryService] [main] c.n.e.registry.AbstractInstanceRegistry  : Finished initializing remote region registries. All known remote regions: []
2026-03-23T10:45:45.495+07:00  INFO 13040 --- [DiscoveryService] [main] c.n.eureka.DefaultEurekaServerContext    : Initialized
2026-03-23T10:45:45.500+07:00  INFO 13040 --- [DiscoveryService] [main] o.s.b.a.e.web.EndpointLinksResolver      : Exposing 16 endpoints beneath base path '/actuator'
2026-03-23T10:45:45.531+07:00  INFO 13040 --- [DiscoveryService] [main] o.s.c.n.e.s.EurekaServiceRegistry        : Registering application DISCOVERYSERVICE with eureka with status UP
2026-03-23T10:45:45.536+07:00  INFO 13040 --- [DiscoveryService] [Thread-11] o.s.c.n.e.server.EurekaServerBootstrap   : isAws returned false
2026-03-23T10:45:45.538+07:00  INFO 13040 --- [DiscoveryService] [Thread-11] o.s.c.n.e.server.EurekaServerBootstrap   : Initialized server context
2026-03-23T10:45:45.538+07:00  INFO 13040 --- [DiscoveryService] [Thread-11] c.n.e.r.PeerAwareInstanceRegistryImpl    : Got 1 instances from neighboring DS node
2026-03-23T10:45:45.538+07:00  INFO 13040 --- [DiscoveryService] [Thread-11] c.n.e.r.PeerAwareInstanceRegistryImpl    : Renew threshold is: 1
2026-03-23T10:45:45.538+07:00  INFO 13040 --- [DiscoveryService] [Thread-11] c.n.e.r.PeerAwareInstanceRegistryImpl    : Changing status to UP
2026-03-23T10:45:45.539+07:00  INFO 13040 --- [DiscoveryService] [Thread-11] e.s.EurekaServerInitializerConfiguration : Started Eureka Server
2026-03-23T10:45:45.543+07:00  INFO 13040 --- [DiscoveryService] [main] o.s.b.w.embedded.tomcat.TomcatWebServer  : Tomcat started on port 8083 (http) with context path '/'
2026-03-23T10:45:45.544+07:00  INFO 13040 --- [DiscoveryService] [main] .s.c.n.e.s.EurekaAutoServiceRegistration : Updating port to 8083
2026-03-23T10:45:45.557+07:00  INFO 13040 --- [DiscoveryService] [main] c.e.D.DiscoveryServiceApplication        : Started DiscoveryServiceApplication in 2.839 seconds (process running for 3.237)
2026-03-23T10:45:56.481+07:00  INFO 13040 --- [DiscoveryService] [http-nio-8083-exec-1] o.a.c.c.C.[Tomcat].[localhost].[/]       : Initializing Spring DispatcherServlet 'dispatcherServlet'
2026-03-23T10:45:56.481+07:00  INFO 13040 --- [DiscoveryService] [http-nio-8083-exec-1] o.s.web.servlet.DispatcherServlet        : Initializing Servlet 'dispatcherServlet'
2026-03-23T10:45:56.482+07:00  INFO 13040 --- [DiscoveryService] [http-nio-8083-exec-1] o.s.web.servlet.DispatcherServlet        : Completed initialization in 1 ms
2026-03-23T10:45:56.617+07:00  INFO 13040 --- [DiscoveryService] [http-nio-8083-exec-4] c.n.e.registry.AbstractInstanceRegistry  : Registered instance GATEWAYSERVICE/host.docker.internal:GateWayService:8084 with status UP (replication=false)
2026-03-23T10:45:57.197+07:00  INFO 13040 --- [DiscoveryService] [http-nio-8083-exec-3] c.n.e.registry.AbstractInstanceRegistry  : Registered instance GATEWAYSERVICE/host.docker.internal:GateWayService:8084 with status UP (replication=true)
2026-03-23T10:46:00.038+07:00  INFO 13040 --- [DiscoveryService] [http-nio-8083-exec-5] c.n.e.registry.AbstractInstanceRegistry  : Registered instance USERSERVICE/host.docker.internal:UserService:8087 with status UP (replication=false)
2026-03-23T10:46:00.553+07:00  INFO 13040 --- [DiscoveryService] [http-nio-8083-exec-9] c.n.e.registry.AbstractInstanceRegistry  : Registered instance USERSERVICE/host.docker.internal:UserService:8087 with status UP (replication=true)
2026-03-23T10:46:45.539+07:00  INFO 13040 --- [DiscoveryService] [Eureka-EvictionTimer] c.n.e.registry.AbstractInstanceRegistry  : Running the evict task with compensationTime 0ms
2026-03-23T10:47:45.541+07:00  INFO 13040 --- [DiscoveryService] [Eureka-EvictionTimer] c.n.e.registry.AbstractInstanceRegistry  : Running the evict task with compensationTime 0ms
2026-03-23T10:48:45.542+07:00  INFO 13040 --- [DiscoveryService] [Eureka-EvictionTimer] c.n.e.registry.AbstractInstanceRegistry  : Running the evict task with compensationTime 0ms
2026-03-23T10:49:45.545+07:00  INFO 13040 --- [DiscoveryService] [Eureka-EvictionTimer] c.n.e.registry.AbstractInstanceRegistry  : Running the evict task with compensationTime 0ms
2026-03-23T10:50:45.546+07:00  INFO 13040 --- [DiscoveryService] [Eureka-EvictionTimer] c.n.e.registry.AbstractInstanceRegistry  : Running the evict task with compensationTime 0ms
2026-03-23T10:51:45.548+07:00  INFO 13040 --- [DiscoveryService] [Eureka-EvictionTimer] c.n.e.registry.AbstractInstanceRegistry  : Running the evict task with compensationTime 0ms
2026-03-23T10:52:45.549+07:00  INFO 13040 --- [DiscoveryService] [Eureka-EvictionTimer] c.n.e.registry.AbstractInstanceRegistry  : Running the evict task with compensationTime 0ms
2026-03-23T10:53:45.549+07:00  INFO 13040 --- [DiscoveryService] [Eureka-EvictionTimer] c.n.e.registry.AbstractInstanceRegistry  : Running the evict task with compensationTime 0ms
2026-03-23T10:54:45.550+07:00  INFO 13040 --- [DiscoveryService] [Eureka-EvictionTimer] c.n.e.registry.AbstractInstanceRegistry  : Running the evict task with compensationTime 0ms
2026-03-23T10:55:45.551+07:00  INFO 13040 --- [DiscoveryService] [Eureka-EvictionTimer] c.n.e.registry.AbstractInstanceRegistry  : Running the evict task with compensationTime 0ms
2026-03-23T10:56:45.551+07:00  INFO 13040 --- [DiscoveryService] [Eureka-EvictionTimer] c.n.e.registry.AbstractInstanceRegistry  : Running the evict task with compensationTime 0ms
2026-03-23T10:57:45.552+07:00  INFO 13040 --- [DiscoveryService] [Eureka-EvictionTimer] c.n.e.registry.AbstractInstanceRegistry  : Running the evict task with compensationTime 0ms
2026-03-23T10:58:45.552+07:00  INFO 13040 --- [DiscoveryService] [Eureka-EvictionTimer] c.n.e.registry.AbstractInstanceRegistry  : Running the evict task with compensationTime 0ms
2026-03-23T10:59:45.553+07:00  INFO 13040 --- [DiscoveryService] [Eureka-EvictionTimer] c.n.e.registry.AbstractInstanceRegistry  : Running the evict task with compensationTime 0ms
2026-03-23T11:00:45.505+07:00  INFO 13040 --- [DiscoveryService] [ReplicaAwareInstanceRegistry - RenewalThresholdUpdater] c.n.e.r.PeerAwareInstanceRegistryImpl    : Current renewal threshold is : 5
2026-03-23T11:00:45.554+07:00  INFO 13040 --- [DiscoveryService] [Eureka-EvictionTimer] c.n.e.registry.AbstractInstanceRegistry  : Running the evict task with compensationTime 0ms
2026-03-23T11:01:45.555+07:00  INFO 13040 --- [DiscoveryService] [Eureka-EvictionTimer] c.n.e.registry.AbstractInstanceRegistry  : Running the evict task with compensationTime 0ms
2026-03-23T11:02:45.555+07:00  INFO 13040 --- [DiscoveryService] [Eureka-EvictionTimer] c.n.e.registry.AbstractInstanceRegistry  : Running the evict task with compensationTime 0ms
2026-03-23T11:03:45.556+07:00  INFO 13040 --- [DiscoveryService] [Eureka-EvictionTimer] c.n.e.registry.AbstractInstanceRegistry  : Running the evict task with compensationTime 0ms
2026-03-23T11:04:45.557+07:00  INFO 13040 --- [DiscoveryService] [Eureka-EvictionTimer] c.n.e.registry.AbstractInstanceRegistry  : Running the evict task with compensationTime 0ms
2026-03-23T11:05:45.558+07:00  INFO 13040 --- [DiscoveryService] [Eureka-EvictionTimer] c.n.e.registry.AbstractInstanceRegistry  : Running the evict task with compensationTime 0ms
2026-03-23T11:06:45.560+07:00  INFO 13040 --- [DiscoveryService] [Eureka-EvictionTimer] c.n.e.registry.AbstractInstanceRegistry  : Running the evict task with compensationTime 0ms
2026-03-23T11:07:45.561+07:00  INFO 13040 --- [DiscoveryService] [Eureka-EvictionTimer] c.n.e.registry.AbstractInstanceRegistry  : Running the evict task with compensationTime 0ms
2026-03-23T11:08:45.563+07:00  INFO 13040 --- [DiscoveryService] [Eureka-EvictionTimer] c.n.e.registry.AbstractInstanceRegistry  : Running the evict task with compensationTime 0ms
2026-03-23T11:09:45.564+07:00  INFO 13040 --- [DiscoveryService] [Eureka-EvictionTimer] c.n.e.registry.AbstractInstanceRegistry  : Running the evict task with compensationTime 0ms
2026-03-23T11:10:45.565+07:00  INFO 13040 --- [DiscoveryService] [Eureka-EvictionTimer] c.n.e.registry.AbstractInstanceRegistry  : Running the evict task with compensationTime 0ms
2026-03-23T11:11:45.566+07:00  INFO 13040 --- [DiscoveryService] [Eureka-EvictionTimer] c.n.e.registry.AbstractInstanceRegistry  : Running the evict task with compensationTime 0ms
2026-03-23T11:12:45.567+07:00  INFO 13040 --- [DiscoveryService] [Eureka-EvictionTimer] c.n.e.registry.AbstractInstanceRegistry  : Running the evict task with compensationTime 0ms
2026-03-23T11:13:45.568+07:00  INFO 13040 --- [DiscoveryService] [Eureka-EvictionTimer] c.n.e.registry.AbstractInstanceRegistry  : Running the evict task with compensationTime 0ms
2026-03-23T11:14:45.569+07:00  INFO 13040 --- [DiscoveryService] [Eureka-EvictionTimer] c.n.e.registry.AbstractInstanceRegistry  : Running the evict task with compensationTime 0ms
2026-03-23T11:15:45.514+07:00  INFO 13040 --- [DiscoveryService] [ReplicaAwareInstanceRegistry - RenewalThresholdUpdater] c.n.e.r.PeerAwareInstanceRegistryImpl    : Current renewal threshold is : 5
2026-03-23T11:15:45.569+07:00  INFO 13040 --- [DiscoveryService] [Eureka-EvictionTimer] c.n.e.registry.AbstractInstanceRegistry  : Running the evict task with compensationTime 0ms
2026-03-23T11:16:45.570+07:00  INFO 13040 --- [DiscoveryService] [Eureka-EvictionTimer] c.n.e.registry.AbstractInstanceRegistry  : Running the evict task with compensationTime 0ms
2026-03-23T11:17:45.571+07:00  INFO 13040 --- [DiscoveryService] [Eureka-EvictionTimer] c.n.e.registry.AbstractInstanceRegistry  : Running the evict task with compensationTime 0ms
2026-03-23T11:18:45.571+07:00  INFO 13040 --- [DiscoveryService] [Eureka-EvictionTimer] c.n.e.registry.AbstractInstanceRegistry  : Running the evict task with compensationTime 0ms
2026-03-23T11:19:45.572+07:00  INFO 13040 --- [DiscoveryService] [Eureka-EvictionTimer] c.n.e.registry.AbstractInstanceRegistry  : Running the evict task with compensationTime 0ms
2026-03-23T11:20:45.572+07:00  INFO 13040 --- [DiscoveryService] [Eureka-EvictionTimer] c.n.e.registry.AbstractInstanceRegistry  : Running the evict task with compensationTime 0ms
2026-03-23T11:21:45.573+07:00  INFO 13040 --- [DiscoveryService] [Eureka-EvictionTimer] c.n.e.registry.AbstractInstanceRegistry  : Running the evict task with compensationTime 0ms
2026-03-23T11:22:45.574+07:00  INFO 13040 --- [DiscoveryService] [Eureka-EvictionTimer] c.n.e.registry.AbstractInstanceRegistry  : Running the evict task with compensationTime 0ms
2026-03-23T11:23:45.575+07:00  INFO 13040 --- [DiscoveryService] [Eureka-EvictionTimer] c.n.e.registry.AbstractInstanceRegistry  : Running the evict task with compensationTime 0ms
2026-03-23T11:24:45.576+07:00  INFO 13040 --- [DiscoveryService] [Eureka-EvictionTimer] c.n.e.registry.AbstractInstanceRegistry  : Running the evict task with compensationTime 1ms
2026-03-23T11:25:45.576+07:00  INFO 13040 --- [DiscoveryService] [Eureka-EvictionTimer] c.n.e.registry.AbstractInstanceRegistry  : Running the evict task with compensationTime 0ms
2026-03-23T11:26:45.577+07:00  INFO 13040 --- [DiscoveryService] [Eureka-EvictionTimer] c.n.e.registry.AbstractInstanceRegistry  : Running the evict task with compensationTime 0ms
2026-03-23T11:27:45.577+07:00  INFO 13040 --- [DiscoveryService] [Eureka-EvictionTimer] c.n.e.registry.AbstractInstanceRegistry  : Running the evict task with compensationTime 0ms
2026-03-23T11:28:45.578+07:00  INFO 13040 --- [DiscoveryService] [Eureka-EvictionTimer] c.n.e.registry.AbstractInstanceRegistry  : Running the evict task with compensationTime 0ms
2026-03-23T11:29:45.578+07:00  INFO 13040 --- [DiscoveryService] [Eureka-EvictionTimer] c.n.e.registry.AbstractInstanceRegistry  : Running the evict task with compensationTime 0ms
2026-03-23T11:30:45.517+07:00  INFO 13040 --- [DiscoveryService] [ReplicaAwareInstanceRegistry - RenewalThresholdUpdater] c.n.e.r.PeerAwareInstanceRegistryImpl    : Current renewal threshold is : 5
2026-03-23T11:30:45.578+07:00  INFO 13040 --- [DiscoveryService] [Eureka-EvictionTimer] c.n.e.registry.AbstractInstanceRegistry  : Running the evict task with compensationTime 0ms
2026-03-23T11:31:45.579+07:00  INFO 13040 --- [DiscoveryService] [Eureka-EvictionTimer] c.n.e.registry.AbstractInstanceRegistry  : Running the evict task with compensationTime 0ms
2026-03-23T11:32:45.579+07:00  INFO 13040 --- [DiscoveryService] [Eureka-EvictionTimer] c.n.e.registry.AbstractInstanceRegistry  : Running the evict task with compensationTime 0ms
2026-03-23T11:33:45.579+07:00  INFO 13040 --- [DiscoveryService] [Eureka-EvictionTimer] c.n.e.registry.AbstractInstanceRegistry  : Running the evict task with compensationTime 0ms
2026-03-23T11:34:45.580+07:00  INFO 13040 --- [DiscoveryService] [Eureka-EvictionTimer] c.n.e.registry.AbstractInstanceRegistry  : Running the evict task with compensationTime 0ms
2026-03-23T11:35:45.580+07:00  INFO 13040 --- [DiscoveryService] [Eureka-EvictionTimer] c.n.e.registry.AbstractInstanceRegistry  : Running the evict task with compensationTime 0ms
2026-03-23T11:36:45.581+07:00  INFO 13040 --- [DiscoveryService] [Eureka-EvictionTimer] c.n.e.registry.AbstractInstanceRegistry  : Running the evict task with compensationTime 0ms
2026-03-23T11:37:45.581+07:00  INFO 13040 --- [DiscoveryService] [Eureka-EvictionTimer] c.n.e.registry.AbstractInstanceRegistry  : Running the evict task with compensationTime 0ms
2026-03-23T11:38:45.584+07:00  INFO 13040 --- [DiscoveryService] [Eureka-EvictionTimer] c.n.e.registry.AbstractInstanceRegistry  : Running the evict task with compensationTime 0ms
2026-03-23T11:39:45.587+07:00  INFO 13040 --- [DiscoveryService] [Eureka-EvictionTimer] c.n.e.registry.AbstractInstanceRegistry  : Running the evict task with compensationTime 0ms
2026-03-23T11:40:45.590+07:00  INFO 13040 --- [DiscoveryService] [Eureka-EvictionTimer] c.n.e.registry.AbstractInstanceRegistry  : Running the evict task with compensationTime 0ms
2026-03-23T11:41:45.593+07:00  INFO 13040 --- [DiscoveryService] [Eureka-EvictionTimer] c.n.e.registry.AbstractInstanceRegistry  : Running the evict task with compensationTime 0ms
2026-03-23T11:42:45.596+07:00  INFO 13040 --- [DiscoveryService] [Eureka-EvictionTimer] c.n.e.registry.AbstractInstanceRegistry  : Running the evict task with compensationTime 0ms
2026-03-23T11:43:45.597+07:00  INFO 13040 --- [DiscoveryService] [Eureka-EvictionTimer] c.n.e.registry.AbstractInstanceRegistry  : Running the evict task with compensationTime 0ms
2026-03-23T11:44:45.598+07:00  INFO 13040 --- [DiscoveryService] [Eureka-EvictionTimer] c.n.e.registry.AbstractInstanceRegistry  : Running the evict task with compensationTime 0ms
2026-03-23T11:45:45.531+07:00  INFO 13040 --- [DiscoveryService] [ReplicaAwareInstanceRegistry - RenewalThresholdUpdater] c.n.e.r.PeerAwareInstanceRegistryImpl    : Current renewal threshold is : 5
2026-03-23T11:45:45.599+07:00  INFO 13040 --- [DiscoveryService] [Eureka-EvictionTimer] c.n.e.registry.AbstractInstanceRegistry  : Running the evict task with compensationTime 0ms
2026-03-23T11:46:45.600+07:00  INFO 13040 --- [DiscoveryService] [Eureka-EvictionTimer] c.n.e.registry.AbstractInstanceRegistry  : Running the evict task with compensationTime 0ms
2026-03-23T11:47:45.602+07:00  INFO 13040 --- [DiscoveryService] [Eureka-EvictionTimer] c.n.e.registry.AbstractInstanceRegistry  : Running the evict task with compensationTime 0ms
2026-03-23T11:48:45.602+07:00  INFO 13040 --- [DiscoveryService] [Eureka-EvictionTimer] c.n.e.registry.AbstractInstanceRegistry  : Running the evict task with compensationTime 0ms
2026-03-23T11:49:45.603+07:00  INFO 13040 --- [DiscoveryService] [Eureka-EvictionTimer] c.n.e.registry.AbstractInstanceRegistry  : Running the evict task with compensationTime 0ms
2026-03-23T11:50:45.604+07:00  INFO 13040 --- [DiscoveryService] [Eureka-EvictionTimer] c.n.e.registry.AbstractInstanceRegistry  : Running the evict task with compensationTime 0ms
2026-03-23T11:51:45.605+07:00  INFO 13040 --- [DiscoveryService] [Eureka-EvictionTimer] c.n.e.registry.AbstractInstanceRegistry  : Running the evict task with compensationTime 0ms
2026-03-23T11:52:45.605+07:00  INFO 13040 --- [DiscoveryService] [Eureka-EvictionTimer] c.n.e.registry.AbstractInstanceRegistry  : Running the evict task with compensationTime 0ms
2026-03-23T11:53:45.606+07:00  INFO 13040 --- [DiscoveryService] [Eureka-EvictionTimer] c.n.e.registry.AbstractInstanceRegistry  : Running the evict task with compensationTime 0ms
2026-03-23T11:54:45.607+07:00  INFO 13040 --- [DiscoveryService] [Eureka-EvictionTimer] c.n.e.registry.AbstractInstanceRegistry  : Running the evict task with compensationTime 0ms
2026-03-23T11:55:45.607+07:00  INFO 13040 --- [DiscoveryService] [Eureka-EvictionTimer] c.n.e.registry.AbstractInstanceRegistry  : Running the evict task with compensationTime 0ms
2026-03-23T11:56:45.608+07:00  INFO 13040 --- [DiscoveryService] [Eureka-EvictionTimer] c.n.e.registry.AbstractInstanceRegistry  : Running the evict task with compensationTime 0ms
2026-03-23T11:57:45.609+07:00  INFO 13040 --- [DiscoveryService] [Eureka-EvictionTimer] c.n.e.registry.AbstractInstanceRegistry  : Running the evict task with compensationTime 0ms
2026-03-23T11:58:45.610+07:00  INFO 13040 --- [DiscoveryService] [Eureka-EvictionTimer] c.n.e.registry.AbstractInstanceRegistry  : Running the evict task with compensationTime 0ms
2026-03-23T11:59:45.610+07:00  INFO 13040 --- [DiscoveryService] [Eureka-EvictionTimer] c.n.e.registry.AbstractInstanceRegistry  : Running the evict task with compensationTime 0ms
2026-03-23T12:00:45.537+07:00  INFO 13040 --- [DiscoveryService] [ReplicaAwareInstanceRegistry - RenewalThresholdUpdater] c.n.e.r.PeerAwareInstanceRegistryImpl    : Current renewal threshold is : 5
2026-03-23T12:00:45.611+07:00  INFO 13040 --- [DiscoveryService] [Eureka-EvictionTimer] c.n.e.registry.AbstractInstanceRegistry  : Running the evict task with compensationTime 0ms
2026-03-23T12:01:45.611+07:00  INFO 13040 --- [DiscoveryService] [Eureka-EvictionTimer] c.n.e.registry.AbstractInstanceRegistry  : Running the evict task with compensationTime 0ms
2026-03-23T12:02:45.612+07:00  INFO 13040 --- [DiscoveryService] [Eureka-EvictionTimer] c.n.e.registry.AbstractInstanceRegistry  : Running the evict task with compensationTime 0ms
2026-03-23T12:03:45.613+07:00  INFO 13040 --- [DiscoveryService] [Eureka-EvictionTimer] c.n.e.registry.AbstractInstanceRegistry  : Running the evict task with compensationTime 0ms
2026-03-23T12:04:45.614+07:00  INFO 13040 --- [DiscoveryService] [Eureka-EvictionTimer] c.n.e.registry.AbstractInstanceRegistry  : Running the evict task with compensationTime 1ms
2026-03-23T12:05:45.615+07:00  INFO 13040 --- [DiscoveryService] [Eureka-EvictionTimer] c.n.e.registry.AbstractInstanceRegistry  : Running the evict task with compensationTime 0ms
2026-03-23T12:06:45.616+07:00  INFO 13040 --- [DiscoveryService] [Eureka-EvictionTimer] c.n.e.registry.AbstractInstanceRegistry  : Running the evict task with compensationTime 0ms
2026-03-23T12:07:45.617+07:00  INFO 13040 --- [DiscoveryService] [Eureka-EvictionTimer] c.n.e.registry.AbstractInstanceRegistry  : Running the evict task with compensationTime 0ms
2026-03-23T12:08:45.617+07:00  INFO 13040 --- [DiscoveryService] [Eureka-EvictionTimer] c.n.e.registry.AbstractInstanceRegistry  : Running the evict task with compensationTime 0ms
2026-03-23T12:09:45.618+07:00  INFO 13040 --- [DiscoveryService] [Eureka-EvictionTimer] c.n.e.registry.AbstractInstanceRegistry  : Running the evict task with compensationTime 0ms
2026-03-23T12:10:45.618+07:00  INFO 13040 --- [DiscoveryService] [Eureka-EvictionTimer] c.n.e.registry.AbstractInstanceRegistry  : Running the evict task with compensationTime 0ms
2026-03-23T12:11:45.619+07:00  INFO 13040 --- [DiscoveryService] [Eureka-EvictionTimer] c.n.e.registry.AbstractInstanceRegistry  : Running the evict task with compensationTime 0ms
2026-03-23T12:12:45.620+07:00  INFO 13040 --- [DiscoveryService] [Eureka-EvictionTimer] c.n.e.registry.AbstractInstanceRegistry  : Running the evict task with compensationTime 0ms
2026-03-23T12:13:45.621+07:00  INFO 13040 --- [DiscoveryService] [Eureka-EvictionTimer] c.n.e.registry.AbstractInstanceRegistry  : Running the evict task with compensationTime 0ms
2026-03-23T12:14:45.623+07:00  INFO 13040 --- [DiscoveryService] [Eureka-EvictionTimer] c.n.e.registry.AbstractInstanceRegistry  : Running the evict task with compensationTime 0ms
2026-03-23T12:15:45.543+07:00  INFO 13040 --- [DiscoveryService] [ReplicaAwareInstanceRegistry - RenewalThresholdUpdater] c.n.e.r.PeerAwareInstanceRegistryImpl    : Current renewal threshold is : 5
2026-03-23T12:15:45.625+07:00  INFO 13040 --- [DiscoveryService] [Eureka-EvictionTimer] c.n.e.registry.AbstractInstanceRegistry  : Running the evict task with compensationTime 0ms
2026-03-23T12:16:45.626+07:00  INFO 13040 --- [DiscoveryService] [Eureka-EvictionTimer] c.n.e.registry.AbstractInstanceRegistry  : Running the evict task with compensationTime 0ms
2026-03-23T12:17:45.628+07:00  INFO 13040 --- [DiscoveryService] [Eureka-EvictionTimer] c.n.e.registry.AbstractInstanceRegistry  : Running the evict task with compensationTime 0ms
2026-03-23T12:18:45.630+07:00  INFO 13040 --- [DiscoveryService] [Eureka-EvictionTimer] c.n.e.registry.AbstractInstanceRegistry  : Running the evict task with compensationTime 0ms
2026-03-23T12:19:45.631+07:00  INFO 13040 --- [DiscoveryService] [Eureka-EvictionTimer] c.n.e.registry.AbstractInstanceRegistry  : Running the evict task with compensationTime 0ms
2026-03-23T12:20:45.632+07:00  INFO 13040 --- [DiscoveryService] [Eureka-EvictionTimer] c.n.e.registry.AbstractInstanceRegistry  : Running the evict task with compensationTime 0ms
2026-03-23T12:21:45.633+07:00  INFO 13040 --- [DiscoveryService] [Eureka-EvictionTimer] c.n.e.registry.AbstractInstanceRegistry  : Running the evict task with compensationTime 0ms
2026-03-23T12:22:45.634+07:00  INFO 13040 --- [DiscoveryService] [Eureka-EvictionTimer] c.n.e.registry.AbstractInstanceRegistry  : Running the evict task with compensationTime 0ms
2026-03-23T12:23:45.635+07:00  INFO 13040 --- [DiscoveryService] [Eureka-EvictionTimer] c.n.e.registry.AbstractInstanceRegistry  : Running the evict task with compensationTime 0ms
2026-03-23T12:24:45.636+07:00  INFO 13040 --- [DiscoveryService] [Eureka-EvictionTimer] c.n.e.registry.AbstractInstanceRegistry  : Running the evict task with compensationTime 0ms
2026-03-23T12:25:45.638+07:00  INFO 13040 --- [DiscoveryService] [Eureka-EvictionTimer] c.n.e.registry.AbstractInstanceRegistry  : Running the evict task with compensationTime 1ms
2026-03-23T12:26:45.638+07:00  INFO 13040 --- [DiscoveryService] [Eureka-EvictionTimer] c.n.e.registry.AbstractInstanceRegistry  : Running the evict task with compensationTime 0ms
2026-03-23T12:27:45.640+07:00  INFO 13040 --- [DiscoveryService] [Eureka-EvictionTimer] c.n.e.registry.AbstractInstanceRegistry  : Running the evict task with compensationTime 0ms
2026-03-23T12:28:45.641+07:00  INFO 13040 --- [DiscoveryService] [Eureka-EvictionTimer] c.n.e.registry.AbstractInstanceRegistry  : Running the evict task with compensationTime 0ms
2026-03-23T12:29:45.642+07:00  INFO 13040 --- [DiscoveryService] [Eureka-EvictionTimer] c.n.e.registry.AbstractInstanceRegistry  : Running the evict task with compensationTime 0ms
2026-03-23T12:30:45.554+07:00  INFO 13040 --- [DiscoveryService] [ReplicaAwareInstanceRegistry - RenewalThresholdUpdater] c.n.e.r.PeerAwareInstanceRegistryImpl    : Current renewal threshold is : 5
2026-03-23T12:30:45.643+07:00  INFO 13040 --- [DiscoveryService] [Eureka-EvictionTimer] c.n.e.registry.AbstractInstanceRegistry  : Running the evict task with compensationTime 0ms
2026-03-23T12:31:45.644+07:00  INFO 13040 --- [DiscoveryService] [Eureka-EvictionTimer] c.n.e.registry.AbstractInstanceRegistry  : Running the evict task with compensationTime 0ms
2026-03-23T12:32:45.645+07:00  INFO 13040 --- [DiscoveryService] [Eureka-EvictionTimer] c.n.e.registry.AbstractInstanceRegistry  : Running the evict task with compensationTime 0ms
2026-03-23T12:33:45.645+07:00  INFO 13040 --- [DiscoveryService] [Eureka-EvictionTimer] c.n.e.registry.AbstractInstanceRegistry  : Running the evict task with compensationTime 0ms
2026-03-23T12:34:45.646+07:00  INFO 13040 --- [DiscoveryService] [Eureka-EvictionTimer] c.n.e.registry.AbstractInstanceRegistry  : Running the evict task with compensationTime 0ms
2026-03-23T12:35:45.646+07:00  INFO 13040 --- [DiscoveryService] [Eureka-EvictionTimer] c.n.e.registry.AbstractInstanceRegistry  : Running the evict task with compensationTime 0ms
2026-03-23T12:36:45.647+07:00  INFO 13040 --- [DiscoveryService] [Eureka-EvictionTimer] c.n.e.registry.AbstractInstanceRegistry  : Running the evict task with compensationTime 0ms
2026-03-23T12:37:45.648+07:00  INFO 13040 --- [DiscoveryService] [Eureka-EvictionTimer] c.n.e.registry.AbstractInstanceRegistry  : Running the evict task with compensationTime 0ms
2026-03-23T12:38:45.649+07:00  INFO 13040 --- [DiscoveryService] [Eureka-EvictionTimer] c.n.e.registry.AbstractInstanceRegistry  : Running the evict task with compensationTime 0ms
2026-03-23T12:39:45.650+07:00  INFO 13040 --- [DiscoveryService] [Eureka-EvictionTimer] c.n.e.registry.AbstractInstanceRegistry  : Running the evict task with compensationTime 0ms
2026-03-23T12:40:45.650+07:00  INFO 13040 --- [DiscoveryService] [Eureka-EvictionTimer] c.n.e.registry.AbstractInstanceRegistry  : Running the evict task with compensationTime 0ms
2026-03-23T12:41:45.650+07:00  INFO 13040 --- [DiscoveryService] [Eureka-EvictionTimer] c.n.e.registry.AbstractInstanceRegistry  : Running the evict task with compensationTime 0ms
2026-03-23T12:42:45.651+07:00  INFO 13040 --- [DiscoveryService] [Eureka-EvictionTimer] c.n.e.registry.AbstractInstanceRegistry  : Running the evict task with compensationTime 0ms
2026-03-23T12:43:45.651+07:00  INFO 13040 --- [DiscoveryService] [Eureka-EvictionTimer] c.n.e.registry.AbstractInstanceRegistry  : Running the evict task with compensationTime 0ms
2026-03-23T12:44:45.652+07:00  INFO 13040 --- [DiscoveryService] [Eureka-EvictionTimer] c.n.e.registry.AbstractInstanceRegistry  : Running the evict task with compensationTime 0ms
2026-03-23T12:45:45.558+07:00  INFO 13040 --- [DiscoveryService] [ReplicaAwareInstanceRegistry - RenewalThresholdUpdater] c.n.e.r.PeerAwareInstanceRegistryImpl    : Current renewal threshold is : 5
2026-03-23T12:45:45.652+07:00  INFO 13040 --- [DiscoveryService] [Eureka-EvictionTimer] c.n.e.registry.AbstractInstanceRegistry  : Running the evict task with compensationTime 0ms
2026-03-23T12:46:45.653+07:00  INFO 13040 --- [DiscoveryService] [Eureka-EvictionTimer] c.n.e.registry.AbstractInstanceRegistry  : Running the evict task with compensationTime 0ms
2026-03-23T12:47:45.655+07:00  INFO 13040 --- [DiscoveryService] [Eureka-EvictionTimer] c.n.e.registry.AbstractInstanceRegistry  : Running the evict task with compensationTime 0ms
2026-03-23T12:48:45.656+07:00  INFO 13040 --- [DiscoveryService] [Eureka-EvictionTimer] c.n.e.registry.AbstractInstanceRegistry  : Running the evict task with compensationTime 0ms
2026-03-23T12:49:45.658+07:00  INFO 13040 --- [DiscoveryService] [Eureka-EvictionTimer] c.n.e.registry.AbstractInstanceRegistry  : Running the evict task with compensationTime 0ms
2026-03-23T12:50:45.660+07:00  INFO 13040 --- [DiscoveryService] [Eureka-EvictionTimer] c.n.e.registry.AbstractInstanceRegistry  : Running the evict task with compensationTime 0ms
2026-03-23T12:51:45.661+07:00  INFO 13040 --- [DiscoveryService] [Eureka-EvictionTimer] c.n.e.registry.AbstractInstanceRegistry  : Running the evict task with compensationTime 0ms
2026-03-23T12:52:45.663+07:00  INFO 13040 --- [DiscoveryService] [Eureka-EvictionTimer] c.n.e.registry.AbstractInstanceRegistry  : Running the evict task with compensationTime 0ms
2026-03-23T12:53:45.664+07:00  INFO 13040 --- [DiscoveryService] [Eureka-EvictionTimer] c.n.e.registry.AbstractInstanceRegistry  : Running the evict task with compensationTime 0ms
2026-03-23T12:54:45.665+07:00  INFO 13040 --- [DiscoveryService] [Eureka-EvictionTimer] c.n.e.registry.AbstractInstanceRegistry  : Running the evict task with compensationTime 0ms
2026-03-23T12:55:45.667+07:00  INFO 13040 --- [DiscoveryService] [Eureka-EvictionTimer] c.n.e.registry.AbstractInstanceRegistry  : Running the evict task with compensationTime 0ms
2026-03-23T12:56:45.668+07:00  INFO 13040 --- [DiscoveryService] [Eureka-EvictionTimer] c.n.e.registry.AbstractInstanceRegistry  : Running the evict task with compensationTime 0ms
2026-03-23T12:57:45.669+07:00  INFO 13040 --- [DiscoveryService] [Eureka-EvictionTimer] c.n.e.registry.AbstractInstanceRegistry  : Running the evict task with compensationTime 0ms
2026-03-23T12:58:45.670+07:00  INFO 13040 --- [DiscoveryService] [Eureka-EvictionTimer] c.n.e.registry.AbstractInstanceRegistry  : Running the evict task with compensationTime 0ms
2026-03-23T12:59:45.671+07:00  INFO 13040 --- [DiscoveryService] [Eureka-EvictionTimer] c.n.e.registry.AbstractInstanceRegistry  : Running the evict task with compensationTime 0ms
2026-03-23T13:00:45.572+07:00  INFO 13040 --- [DiscoveryService] [ReplicaAwareInstanceRegistry - RenewalThresholdUpdater] c.n.e.r.PeerAwareInstanceRegistryImpl    : Current renewal threshold is : 5
2026-03-23T13:00:45.673+07:00  INFO 13040 --- [DiscoveryService] [Eureka-EvictionTimer] c.n.e.registry.AbstractInstanceRegistry  : Running the evict task with compensationTime 0ms
2026-03-23T13:01:45.674+07:00  INFO 13040 --- [DiscoveryService] [Eureka-EvictionTimer] c.n.e.registry.AbstractInstanceRegistry  : Running the evict task with compensationTime 0ms
2026-03-23T13:02:45.674+07:00  INFO 13040 --- [DiscoveryService] [Eureka-EvictionTimer] c.n.e.registry.AbstractInstanceRegistry  : Running the evict task with compensationTime 0ms
2026-03-23T13:03:45.675+07:00  INFO 13040 --- [DiscoveryService] [Eureka-EvictionTimer] c.n.e.registry.AbstractInstanceRegistry  : Running the evict task with compensationTime 0ms
2026-03-23T13:04:45.676+07:00  INFO 13040 --- [DiscoveryService] [Eureka-EvictionTimer] c.n.e.registry.AbstractInstanceRegistry  : Running the evict task with compensationTime 0ms
2026-03-23T13:05:45.677+07:00  INFO 13040 --- [DiscoveryService] [Eureka-EvictionTimer] c.n.e.registry.AbstractInstanceRegistry  : Running the evict task with compensationTime 0ms
2026-03-23T13:06:45.678+07:00  INFO 13040 --- [DiscoveryService] [Eureka-EvictionTimer] c.n.e.registry.AbstractInstanceRegistry  : Running the evict task with compensationTime 0ms
2026-03-23T13:07:45.679+07:00  INFO 13040 --- [DiscoveryService] [Eureka-EvictionTimer] c.n.e.registry.AbstractInstanceRegistry  : Running the evict task with compensationTime 0ms
2026-03-23T13:08:45.680+07:00  INFO 13040 --- [DiscoveryService] [Eureka-EvictionTimer] c.n.e.registry.AbstractInstanceRegistry  : Running the evict task with compensationTime 0ms
2026-03-23T13:09:45.681+07:00  INFO 13040 --- [DiscoveryService] [Eureka-EvictionTimer] c.n.e.registry.AbstractInstanceRegistry  : Running the evict task with compensationTime 0ms
2026-03-23T13:10:45.682+07:00  INFO 13040 --- [DiscoveryService] [Eureka-EvictionTimer] c.n.e.registry.AbstractInstanceRegistry  : Running the evict task with compensationTime 0ms
2026-03-23T13:11:45.683+07:00  INFO 13040 --- [DiscoveryService] [Eureka-EvictionTimer] c.n.e.registry.AbstractInstanceRegistry  : Running the evict task with compensationTime 0ms
2026-03-23T13:12:45.685+07:00  INFO 13040 --- [DiscoveryService] [Eureka-EvictionTimer] c.n.e.registry.AbstractInstanceRegistry  : Running the evict task with compensationTime 0ms
2026-03-23T13:13:45.686+07:00  INFO 13040 --- [DiscoveryService] [Eureka-EvictionTimer] c.n.e.registry.AbstractInstanceRegistry  : Running the evict task with compensationTime 0ms
2026-03-23T13:14:45.687+07:00  INFO 13040 --- [DiscoveryService] [Eureka-EvictionTimer] c.n.e.registry.AbstractInstanceRegistry  : Running the evict task with compensationTime 0ms
2026-03-23T13:15:45.577+07:00  INFO 13040 --- [DiscoveryService] [ReplicaAwareInstanceRegistry - RenewalThresholdUpdater] c.n.e.r.PeerAwareInstanceRegistryImpl    : Current renewal threshold is : 5
2026-03-23T13:15:45.687+07:00  INFO 13040 --- [DiscoveryService] [Eureka-EvictionTimer] c.n.e.registry.AbstractInstanceRegistry  : Running the evict task with compensationTime 0ms
2026-03-23T13:16:45.689+07:00  INFO 13040 --- [DiscoveryService] [Eureka-EvictionTimer] c.n.e.registry.AbstractInstanceRegistry  : Running the evict task with compensationTime 0ms
2026-03-23T13:17:45.689+07:00  INFO 13040 --- [DiscoveryService] [Eureka-EvictionTimer] c.n.e.registry.AbstractInstanceRegistry  : Running the evict task with compensationTime 0ms
2026-03-23T13:18:45.690+07:00  INFO 13040 --- [DiscoveryService] [Eureka-EvictionTimer] c.n.e.registry.AbstractInstanceRegistry  : Running the evict task with compensationTime 0ms
2026-03-23T13:19:45.690+07:00  INFO 13040 --- [DiscoveryService] [Eureka-EvictionTimer] c.n.e.registry.AbstractInstanceRegistry  : Running the evict task with compensationTime 0ms
2026-03-23T13:20:45.691+07:00  INFO 13040 --- [DiscoveryService] [Eureka-EvictionTimer] c.n.e.registry.AbstractInstanceRegistry  : Running the evict task with compensationTime 0ms
2026-03-23T13:21:45.694+07:00  INFO 13040 --- [DiscoveryService] [Eureka-EvictionTimer] c.n.e.registry.AbstractInstanceRegistry  : Running the evict task with compensationTime 0ms
2026-03-23T13:22:45.696+07:00  INFO 13040 --- [DiscoveryService] [Eureka-EvictionTimer] c.n.e.registry.AbstractInstanceRegistry  : Running the evict task with compensationTime 0ms
2026-03-23T13:23:45.697+07:00  INFO 13040 --- [DiscoveryService] [Eureka-EvictionTimer] c.n.e.registry.AbstractInstanceRegistry  : Running the evict task with compensationTime 0ms
2026-03-23T13:24:45.699+07:00  INFO 13040 --- [DiscoveryService] [Eureka-EvictionTimer] c.n.e.registry.AbstractInstanceRegistry  : Running the evict task with compensationTime 0ms
2026-03-23T13:25:45.701+07:00  INFO 13040 --- [DiscoveryService] [Eureka-EvictionTimer] c.n.e.registry.AbstractInstanceRegistry  : Running the evict task with compensationTime 0ms
2026-03-23T13:26:45.702+07:00  INFO 13040 --- [DiscoveryService] [Eureka-EvictionTimer] c.n.e.registry.AbstractInstanceRegistry  : Running the evict task with compensationTime 0ms
2026-03-23T13:27:45.704+07:00  INFO 13040 --- [DiscoveryService] [Eureka-EvictionTimer] c.n.e.registry.AbstractInstanceRegistry  : Running the evict task with compensationTime 0ms
2026-03-23T13:28:45.705+07:00  INFO 13040 --- [DiscoveryService] [Eureka-EvictionTimer] c.n.e.registry.AbstractInstanceRegistry  : Running the evict task with compensationTime 0ms
2026-03-23T13:29:45.706+07:00  INFO 13040 --- [DiscoveryService] [Eureka-EvictionTimer] c.n.e.registry.AbstractInstanceRegistry  : Running the evict task with compensationTime 0ms
2026-03-23T13:30:45.589+07:00  INFO 13040 --- [DiscoveryService] [ReplicaAwareInstanceRegistry - RenewalThresholdUpdater] c.n.e.r.PeerAwareInstanceRegistryImpl    : Current renewal threshold is : 5
2026-03-23T13:30:45.707+07:00  INFO 13040 --- [DiscoveryService] [Eureka-EvictionTimer] c.n.e.registry.AbstractInstanceRegistry  : Running the evict task with compensationTime 0ms
2026-03-23T13:31:45.708+07:00  INFO 13040 --- [DiscoveryService] [Eureka-EvictionTimer] c.n.e.registry.AbstractInstanceRegistry  : Running the evict task with compensationTime 0ms
2026-03-23T13:32:45.710+07:00  INFO 13040 --- [DiscoveryService] [Eureka-EvictionTimer] c.n.e.registry.AbstractInstanceRegistry  : Running the evict task with compensationTime 0ms
2026-03-23T13:33:45.711+07:00  INFO 13040 --- [DiscoveryService] [Eureka-EvictionTimer] c.n.e.registry.AbstractInstanceRegistry  : Running the evict task with compensationTime 0ms
2026-03-23T13:34:45.712+07:00  INFO 13040 --- [DiscoveryService] [Eureka-EvictionTimer] c.n.e.registry.AbstractInstanceRegistry  : Running the evict task with compensationTime 0ms
2026-03-23T13:35:45.713+07:00  INFO 13040 --- [DiscoveryService] [Eureka-EvictionTimer] c.n.e.registry.AbstractInstanceRegistry  : Running the evict task with compensationTime 0ms
2026-03-23T13:36:45.714+07:00  INFO 13040 --- [DiscoveryService] [Eureka-EvictionTimer] c.n.e.registry.AbstractInstanceRegistry  : Running the evict task with compensationTime 0ms
2026-03-23T13:37:45.715+07:00  INFO 13040 --- [DiscoveryService] [Eureka-EvictionTimer] c.n.e.registry.AbstractInstanceRegistry  : Running the evict task with compensationTime 0ms
2026-03-23T13:38:45.716+07:00  INFO 13040 --- [DiscoveryService] [Eureka-EvictionTimer] c.n.e.registry.AbstractInstanceRegistry  : Running the evict task with compensationTime 0ms
2026-03-23T13:39:45.717+07:00  INFO 13040 --- [DiscoveryService] [Eureka-EvictionTimer] c.n.e.registry.AbstractInstanceRegistry  : Running the evict task with compensationTime 0ms
2026-03-23T13:40:45.718+07:00  INFO 13040 --- [DiscoveryService] [Eureka-EvictionTimer] c.n.e.registry.AbstractInstanceRegistry  : Running the evict task with compensationTime 0ms
2026-03-23T13:41:45.719+07:00  INFO 13040 --- [DiscoveryService] [Eureka-EvictionTimer] c.n.e.registry.AbstractInstanceRegistry  : Running the evict task with compensationTime 0ms
2026-03-23T13:42:45.720+07:00  INFO 13040 --- [DiscoveryService] [Eureka-EvictionTimer] c.n.e.registry.AbstractInstanceRegistry  : Running the evict task with compensationTime 0ms
2026-03-23T13:43:45.720+07:00  INFO 13040 --- [DiscoveryService] [Eureka-EvictionTimer] c.n.e.registry.AbstractInstanceRegistry  : Running the evict task with compensationTime 0ms
2026-03-23T13:44:45.721+07:00  INFO 13040 --- [DiscoveryService] [Eureka-EvictionTimer] c.n.e.registry.AbstractInstanceRegistry  : Running the evict task with compensationTime 0ms
2026-03-23T13:45:45.597+07:00  INFO 13040 --- [DiscoveryService] [ReplicaAwareInstanceRegistry - RenewalThresholdUpdater] c.n.e.r.PeerAwareInstanceRegistryImpl    : Current renewal threshold is : 5
2026-03-23T13:45:45.722+07:00  INFO 13040 --- [DiscoveryService] [Eureka-EvictionTimer] c.n.e.registry.AbstractInstanceRegistry  : Running the evict task with compensationTime 0ms
2026-03-23T13:46:45.723+07:00  INFO 13040 --- [DiscoveryService] [Eureka-EvictionTimer] c.n.e.registry.AbstractInstanceRegistry  : Running the evict task with compensationTime 1ms
2026-03-23T13:47:45.724+07:00  INFO 13040 --- [DiscoveryService] [Eureka-EvictionTimer] c.n.e.registry.AbstractInstanceRegistry  : Running the evict task with compensationTime 0ms
2026-03-23T13:48:45.725+07:00  INFO 13040 --- [DiscoveryService] [Eureka-EvictionTimer] c.n.e.registry.AbstractInstanceRegistry  : Running the evict task with compensationTime 1ms
2026-03-23T13:49:45.727+07:00  INFO 13040 --- [DiscoveryService] [Eureka-EvictionTimer] c.n.e.registry.AbstractInstanceRegistry  : Running the evict task with compensationTime 1ms
2026-03-23T13:50:45.728+07:00  INFO 13040 --- [DiscoveryService] [Eureka-EvictionTimer] c.n.e.registry.AbstractInstanceRegistry  : Running the evict task with compensationTime 0ms
2026-03-23T13:51:28.274+07:00  INFO 13040 --- [DiscoveryService] [SpringApplicationShutdownHook] o.s.c.n.e.s.EurekaServiceRegistry        : Unregistering application DISCOVERYSERVICE with eureka with status DOWN
2026-03-23T13:51:28.276+07:00  INFO 13040 --- [DiscoveryService] [http-nio-8083-exec-10] c.n.e.registry.AbstractInstanceRegistry  : Registered instance GATEWAYSERVICE/host.docker.internal:GateWayService:8084 with status DOWN (replication=false)
2026-03-23T13:51:28.302+07:00  INFO 13040 --- [DiscoveryService] [SpringApplicationShutdownHook] o.s.b.w.e.tomcat.GracefulShutdown        : Commencing graceful shutdown. Waiting for active requests to complete
2026-03-23T13:51:28.324+07:00  INFO 13040 --- [DiscoveryService] [tomcat-shutdown] o.s.b.w.e.tomcat.GracefulShutdown        : Graceful shutdown complete
2026-03-23T13:51:28.333+07:00  INFO 13040 --- [DiscoveryService] [SpringApplicationShutdownHook] o.s.c.n.e.server.EurekaServerBootstrap   : Shutting down Eureka Server..
2026-03-23T13:51:28.333+07:00  INFO 13040 --- [DiscoveryService] [SpringApplicationShutdownHook] c.n.eureka.DefaultEurekaServerContext    : Shutting down ...
2026-03-23T13:51:28.351+07:00  INFO 13040 --- [DiscoveryService] [SpringApplicationShutdownHook] c.n.eureka.DefaultEurekaServerContext    : Shut down
2026-03-23T13:51:28.351+07:00  INFO 13040 --- [DiscoveryService] [SpringApplicationShutdownHook] o.s.c.n.e.server.EurekaServerBootstrap   : Eureka Service is now shutdown...
2026-03-23T13:51:28.353+07:00  INFO 13040 --- [DiscoveryService] [SpringApplicationShutdownHook] c.n.eureka.DefaultEurekaServerContext    : Shutting down ...
2026-03-23T13:51:28.353+07:00  INFO 13040 --- [DiscoveryService] [SpringApplicationShutdownHook] c.n.eureka.DefaultEurekaServerContext    : Shut down
2026-03-23T13:51:28.362+07:00  INFO 13040 --- [DiscoveryService] [SpringApplicationShutdownHook] com.netflix.discovery.DiscoveryClient    : Shutting down DiscoveryClient ...
2026-03-23T13:51:28.362+07:00  INFO 13040 --- [DiscoveryService] [SpringApplicationShutdownHook] com.netflix.discovery.DiscoveryClient    : Completed shut down of DiscoveryClient
2026-03-23T13:52:05.544+07:00  INFO 20692 --- [DiscoveryService] [main] c.e.D.DiscoveryServiceApplication        : Starting DiscoveryServiceApplication using Java 25.0.1 with PID 20692 (C:\Users\vuna1\Desktop\learniverse\learniverse\DiscoveryService\target\classes started by vuna1 in C:\Users\vuna1\Desktop\learniverse\learniverse)
2026-03-23T13:52:05.546+07:00  INFO 20692 --- [DiscoveryService] [main] c.e.D.DiscoveryServiceApplication        : No active profile set, falling back to 1 default profile: "default"
2026-03-23T13:52:05.582+07:00  INFO 20692 --- [DiscoveryService] [main] o.s.c.c.c.ConfigServerConfigDataLoader   : Fetching config from server at : http://localhost:8082
2026-03-23T13:52:05.582+07:00  INFO 20692 --- [DiscoveryService] [main] o.s.c.c.c.ConfigServerConfigDataLoader   : Located environment: name=DiscoveryService, profiles=[default], label=null, version=null, state=null
2026-03-23T13:52:06.137+07:00  INFO 20692 --- [DiscoveryService] [main] o.s.cloud.context.scope.GenericScope     : BeanFactory id=7e4021b6-1cc2-34cf-873d-8c7ef00d6903
2026-03-23T13:52:06.303+07:00  INFO 20692 --- [DiscoveryService] [main] o.s.b.w.embedded.tomcat.TomcatWebServer  : Tomcat initialized with port 8083 (http)
2026-03-23T13:52:06.311+07:00  INFO 20692 --- [DiscoveryService] [main] o.apache.catalina.core.StandardService   : Starting service [Tomcat]
2026-03-23T13:52:06.312+07:00  INFO 20692 --- [DiscoveryService] [main] o.apache.catalina.core.StandardEngine    : Starting Servlet engine: [Apache Tomcat/10.1.42]
2026-03-23T13:52:06.353+07:00  INFO 20692 --- [DiscoveryService] [main] o.a.c.c.C.[Tomcat].[localhost].[/]       : Initializing Spring embedded WebApplicationContext
2026-03-23T13:52:06.353+07:00  INFO 20692 --- [DiscoveryService] [main] w.s.c.ServletWebServerApplicationContext : Root WebApplicationContext: initialization completed in 770 ms
2026-03-23T13:52:06.933+07:00  INFO 20692 --- [DiscoveryService] [main] c.n.d.provider.DiscoveryJerseyProvider   : Using JSON encoding codec LegacyJacksonJson
2026-03-23T13:52:06.934+07:00  INFO 20692 --- [DiscoveryService] [main] c.n.d.provider.DiscoveryJerseyProvider   : Using JSON decoding codec LegacyJacksonJson
2026-03-23T13:52:07.070+07:00  INFO 20692 --- [DiscoveryService] [main] c.n.d.provider.DiscoveryJerseyProvider   : Using XML encoding codec XStreamXml
2026-03-23T13:52:07.070+07:00  INFO 20692 --- [DiscoveryService] [main] c.n.d.provider.DiscoveryJerseyProvider   : Using XML decoding codec XStreamXml
2026-03-23T13:52:07.162+07:00  INFO 20692 --- [DiscoveryService] [main] o.s.v.b.OptionalValidatorFactoryBean     : Failed to set up a Bean Validation provider: jakarta.validation.NoProviderFoundException: Unable to create a Configuration, because no Jakarta Bean Validation provider could be found. Add a provider like Hibernate Validator (RI) to your classpath.
2026-03-23T13:52:07.627+07:00  INFO 20692 --- [DiscoveryService] [main] o.s.c.n.eureka.InstanceInfoFactory       : Setting initial instance status as: STARTING
2026-03-23T13:52:07.643+07:00  INFO 20692 --- [DiscoveryService] [main] com.netflix.discovery.DiscoveryClient    : Initializing Eureka in region us-east-1
2026-03-23T13:52:07.644+07:00  INFO 20692 --- [DiscoveryService] [main] com.netflix.discovery.DiscoveryClient    : Client configured to neither register nor query for data.
2026-03-23T13:52:07.645+07:00  INFO 20692 --- [DiscoveryService] [main] com.netflix.discovery.DiscoveryClient    : Discovery Client initialized at timestamp 1774248727645 with initial instances count: 0
2026-03-23T13:52:07.681+07:00  INFO 20692 --- [DiscoveryService] [main] c.n.eureka.DefaultEurekaServerContext    : Initializing ...
2026-03-23T13:52:07.683+07:00  INFO 20692 --- [DiscoveryService] [main] c.n.eureka.cluster.PeerEurekaNodes       : Adding new peer nodes [http://localhost:8083/eureka/]
2026-03-23T13:52:07.860+07:00  INFO 20692 --- [DiscoveryService] [main] c.n.d.provider.DiscoveryJerseyProvider   : Using JSON encoding codec LegacyJacksonJson
2026-03-23T13:52:07.861+07:00  INFO 20692 --- [DiscoveryService] [main] c.n.d.provider.DiscoveryJerseyProvider   : Using JSON decoding codec LegacyJacksonJson
2026-03-23T13:52:07.862+07:00  INFO 20692 --- [DiscoveryService] [main] c.n.d.provider.DiscoveryJerseyProvider   : Using XML encoding codec XStreamXml
2026-03-23T13:52:07.862+07:00  INFO 20692 --- [DiscoveryService] [main] c.n.d.provider.DiscoveryJerseyProvider   : Using XML decoding codec XStreamXml
2026-03-23T13:52:07.888+07:00  INFO 20692 --- [DiscoveryService] [main] c.n.eureka.cluster.PeerEurekaNodes       : Replica node URL:  http://localhost:8083/eureka/
2026-03-23T13:52:07.897+07:00  INFO 20692 --- [DiscoveryService] [main] c.n.e.registry.AbstractInstanceRegistry  : Finished initializing remote region registries. All known remote regions: []
2026-03-23T13:52:07.898+07:00  INFO 20692 --- [DiscoveryService] [main] c.n.eureka.DefaultEurekaServerContext    : Initialized
2026-03-23T13:52:07.907+07:00  INFO 20692 --- [DiscoveryService] [main] o.s.b.a.e.web.EndpointLinksResolver      : Exposing 16 endpoints beneath base path '/actuator'
2026-03-23T13:52:07.948+07:00  INFO 20692 --- [DiscoveryService] [main] o.s.c.n.e.s.EurekaServiceRegistry        : Registering application DISCOVERYSERVICE with eureka with status UP
2026-03-23T13:52:07.959+07:00  INFO 20692 --- [DiscoveryService] [Thread-11] o.s.c.n.e.server.EurekaServerBootstrap   : isAws returned false
2026-03-23T13:52:07.960+07:00  INFO 20692 --- [DiscoveryService] [Thread-11] o.s.c.n.e.server.EurekaServerBootstrap   : Initialized server context
2026-03-23T13:52:07.960+07:00  INFO 20692 --- [DiscoveryService] [Thread-11] c.n.e.r.PeerAwareInstanceRegistryImpl    : Got 1 instances from neighboring DS node
2026-03-23T13:52:07.960+07:00  INFO 20692 --- [DiscoveryService] [Thread-11] c.n.e.r.PeerAwareInstanceRegistryImpl    : Renew threshold is: 1
2026-03-23T13:52:07.961+07:00  INFO 20692 --- [DiscoveryService] [Thread-11] c.n.e.r.PeerAwareInstanceRegistryImpl    : Changing status to UP
2026-03-23T13:52:07.962+07:00  INFO 20692 --- [DiscoveryService] [Thread-11] e.s.EurekaServerInitializerConfiguration : Started Eureka Server
2026-03-23T13:52:07.967+07:00  INFO 20692 --- [DiscoveryService] [main] o.s.b.w.embedded.tomcat.TomcatWebServer  : Tomcat started on port 8083 (http) with context path '/'
2026-03-23T13:52:07.968+07:00  INFO 20692 --- [DiscoveryService] [main] .s.c.n.e.s.EurekaAutoServiceRegistration : Updating port to 8083
2026-03-23T13:52:07.985+07:00  INFO 20692 --- [DiscoveryService] [main] c.e.D.DiscoveryServiceApplication        : Started DiscoveryServiceApplication in 3.277 seconds (process running for 3.712)
2026-03-23T13:52:11.363+07:00  INFO 20692 --- [DiscoveryService] [http-nio-8083-exec-1] o.a.c.c.C.[Tomcat].[localhost].[/]       : Initializing Spring DispatcherServlet 'dispatcherServlet'
2026-03-23T13:52:11.364+07:00  INFO 20692 --- [DiscoveryService] [http-nio-8083-exec-1] o.s.web.servlet.DispatcherServlet        : Initializing Servlet 'dispatcherServlet'
2026-03-23T13:52:11.365+07:00  INFO 20692 --- [DiscoveryService] [http-nio-8083-exec-1] o.s.web.servlet.DispatcherServlet        : Completed initialization in 1 ms
2026-03-23T13:52:11.507+07:00  INFO 20692 --- [DiscoveryService] [http-nio-8083-exec-2] c.n.e.registry.AbstractInstanceRegistry  : Registered instance GATEWAYSERVICE/host.docker.internal:GateWayService:8084 with status UP (replication=false)
2026-03-23T13:52:12.113+07:00  INFO 20692 --- [DiscoveryService] [http-nio-8083-exec-4] c.n.e.registry.AbstractInstanceRegistry  : Registered instance GATEWAYSERVICE/host.docker.internal:GateWayService:8084 with status UP (replication=true)
2026-03-23T13:52:16.652+07:00  INFO 20692 --- [DiscoveryService] [http-nio-8083-exec-7] c.n.e.registry.AbstractInstanceRegistry  : Registered instance USERSERVICE/host.docker.internal:UserService:8087 with status UP (replication=false)
2026-03-23T13:52:17.161+07:00  INFO 20692 --- [DiscoveryService] [http-nio-8083-exec-3] c.n.e.registry.AbstractInstanceRegistry  : Registered instance USERSERVICE/host.docker.internal:UserService:8087 with status UP (replication=true)
2026-03-23T13:52:21.450+07:00  INFO 20692 --- [DiscoveryService] [http-nio-8083-exec-8] c.n.e.registry.AbstractInstanceRegistry  : Registered instance WISHLISTSERVICE/host.docker.internal:WishlistService:8093 with status UP (replication=false)
2026-03-23T13:52:21.963+07:00  INFO 20692 --- [DiscoveryService] [http-nio-8083-exec-9] c.n.e.registry.AbstractInstanceRegistry  : Registered instance WISHLISTSERVICE/host.docker.internal:WishlistService:8093 with status UP (replication=true)
2026-03-23T13:53:07.962+07:00  INFO 20692 --- [DiscoveryService] [Eureka-EvictionTimer] c.n.e.registry.AbstractInstanceRegistry  : Running the evict task with compensationTime 0ms
2026-03-23T13:53:43.566+07:00  INFO 20692 --- [DiscoveryService] [http-nio-8083-exec-1] c.n.e.registry.AbstractInstanceRegistry  : Registered instance WISHLISTSERVICE/host.docker.internal:WishlistService:8093 with status DOWN (replication=false)
2026-03-23T13:53:43.568+07:00  INFO 20692 --- [DiscoveryService] [SpringApplicationShutdownHook] o.s.c.n.e.s.EurekaServiceRegistry        : Unregistering application DISCOVERYSERVICE with eureka with status DOWN
2026-03-23T13:53:43.571+07:00  INFO 20692 --- [DiscoveryService] [SpringApplicationShutdownHook] o.s.b.w.e.tomcat.GracefulShutdown        : Commencing graceful shutdown. Waiting for active requests to complete
2026-03-23T13:53:43.575+07:00  INFO 20692 --- [DiscoveryService] [http-nio-8083-exec-2] c.n.e.registry.AbstractInstanceRegistry  : Registered instance GATEWAYSERVICE/host.docker.internal:GateWayService:8084 with status DOWN (replication=false)
2026-03-23T13:53:43.581+07:00  INFO 20692 --- [DiscoveryService] [tomcat-shutdown] o.s.b.w.e.tomcat.GracefulShutdown        : Graceful shutdown complete
2026-03-23T13:53:43.584+07:00  INFO 20692 --- [DiscoveryService] [SpringApplicationShutdownHook] o.s.c.n.e.server.EurekaServerBootstrap   : Shutting down Eureka Server..
2026-03-23T13:53:43.584+07:00  INFO 20692 --- [DiscoveryService] [SpringApplicationShutdownHook] c.n.eureka.DefaultEurekaServerContext    : Shutting down ...
2026-03-23T13:53:43.586+07:00  INFO 20692 --- [DiscoveryService] [SpringApplicationShutdownHook] c.n.eureka.DefaultEurekaServerContext    : Shut down
2026-03-23T13:53:43.586+07:00  INFO 20692 --- [DiscoveryService] [SpringApplicationShutdownHook] o.s.c.n.e.server.EurekaServerBootstrap   : Eureka Service is now shutdown...
2026-03-23T13:53:43.587+07:00  INFO 20692 --- [DiscoveryService] [SpringApplicationShutdownHook] c.n.eureka.DefaultEurekaServerContext    : Shutting down ...
2026-03-23T13:53:43.587+07:00  INFO 20692 --- [DiscoveryService] [SpringApplicationShutdownHook] c.n.eureka.DefaultEurekaServerContext    : Shut down
2026-03-23T13:53:43.593+07:00  INFO 20692 --- [DiscoveryService] [SpringApplicationShutdownHook] com.netflix.discovery.DiscoveryClient    : Shutting down DiscoveryClient ...
2026-03-23T13:53:43.593+07:00  INFO 20692 --- [DiscoveryService] [SpringApplicationShutdownHook] com.netflix.discovery.DiscoveryClient    : Completed shut down of DiscoveryClient
2026-03-23T14:19:12.408+07:00  INFO 1480 --- [DiscoveryService] [main] c.e.D.DiscoveryServiceApplication        : Starting DiscoveryServiceApplication using Java 25.0.1 with PID 1480 (C:\Users\vuna1\Desktop\learniverse\learniverse\DiscoveryService\target\classes started by vuna1 in C:\Users\vuna1\Desktop\learniverse\learniverse)
2026-03-23T14:19:12.411+07:00  INFO 1480 --- [DiscoveryService] [main] c.e.D.DiscoveryServiceApplication        : No active profile set, falling back to 1 default profile: "default"
2026-03-23T14:19:12.437+07:00  INFO 1480 --- [DiscoveryService] [main] o.s.c.c.c.ConfigServerConfigDataLoader   : Fetching config from server at : http://localhost:8082
2026-03-23T14:19:12.438+07:00  INFO 1480 --- [DiscoveryService] [main] o.s.c.c.c.ConfigServerConfigDataLoader   : Located environment: name=DiscoveryService, profiles=[default], label=null, version=null, state=null
2026-03-23T14:19:12.993+07:00  INFO 1480 --- [DiscoveryService] [main] o.s.cloud.context.scope.GenericScope     : BeanFactory id=7e4021b6-1cc2-34cf-873d-8c7ef00d6903
2026-03-23T14:19:13.164+07:00  INFO 1480 --- [DiscoveryService] [main] o.s.b.w.embedded.tomcat.TomcatWebServer  : Tomcat initialized with port 8083 (http)
2026-03-23T14:19:13.172+07:00  INFO 1480 --- [DiscoveryService] [main] o.apache.catalina.core.StandardService   : Starting service [Tomcat]
2026-03-23T14:19:13.172+07:00  INFO 1480 --- [DiscoveryService] [main] o.apache.catalina.core.StandardEngine    : Starting Servlet engine: [Apache Tomcat/10.1.42]
2026-03-23T14:19:13.215+07:00  INFO 1480 --- [DiscoveryService] [main] o.a.c.c.C.[Tomcat].[localhost].[/]       : Initializing Spring embedded WebApplicationContext
2026-03-23T14:19:13.215+07:00  INFO 1480 --- [DiscoveryService] [main] w.s.c.ServletWebServerApplicationContext : Root WebApplicationContext: initialization completed in 775 ms
2026-03-23T14:19:13.801+07:00  INFO 1480 --- [DiscoveryService] [main] c.n.d.provider.DiscoveryJerseyProvider   : Using JSON encoding codec LegacyJacksonJson
2026-03-23T14:19:13.803+07:00  INFO 1480 --- [DiscoveryService] [main] c.n.d.provider.DiscoveryJerseyProvider   : Using JSON decoding codec LegacyJacksonJson
2026-03-23T14:19:13.956+07:00  INFO 1480 --- [DiscoveryService] [main] c.n.d.provider.DiscoveryJerseyProvider   : Using XML encoding codec XStreamXml
2026-03-23T14:19:13.957+07:00  INFO 1480 --- [DiscoveryService] [main] c.n.d.provider.DiscoveryJerseyProvider   : Using XML decoding codec XStreamXml
2026-03-23T14:19:14.070+07:00  INFO 1480 --- [DiscoveryService] [main] o.s.v.b.OptionalValidatorFactoryBean     : Failed to set up a Bean Validation provider: jakarta.validation.NoProviderFoundException: Unable to create a Configuration, because no Jakarta Bean Validation provider could be found. Add a provider like Hibernate Validator (RI) to your classpath.
2026-03-23T14:19:14.602+07:00  INFO 1480 --- [DiscoveryService] [main] o.s.c.n.eureka.InstanceInfoFactory       : Setting initial instance status as: STARTING
2026-03-23T14:19:14.619+07:00  INFO 1480 --- [DiscoveryService] [main] com.netflix.discovery.DiscoveryClient    : Initializing Eureka in region us-east-1
2026-03-23T14:19:14.620+07:00  INFO 1480 --- [DiscoveryService] [main] com.netflix.discovery.DiscoveryClient    : Client configured to neither register nor query for data.
2026-03-23T14:19:14.621+07:00  INFO 1480 --- [DiscoveryService] [main] com.netflix.discovery.DiscoveryClient    : Discovery Client initialized at timestamp 1774250354620 with initial instances count: 0
2026-03-23T14:19:14.649+07:00  INFO 1480 --- [DiscoveryService] [main] c.n.eureka.DefaultEurekaServerContext    : Initializing ...
2026-03-23T14:19:14.651+07:00  INFO 1480 --- [DiscoveryService] [main] c.n.eureka.cluster.PeerEurekaNodes       : Adding new peer nodes [http://localhost:8083/eureka/]
2026-03-23T14:19:14.778+07:00  INFO 1480 --- [DiscoveryService] [main] c.n.d.provider.DiscoveryJerseyProvider   : Using JSON encoding codec LegacyJacksonJson
2026-03-23T14:19:14.778+07:00  INFO 1480 --- [DiscoveryService] [main] c.n.d.provider.DiscoveryJerseyProvider   : Using JSON decoding codec LegacyJacksonJson
2026-03-23T14:19:14.779+07:00  INFO 1480 --- [DiscoveryService] [main] c.n.d.provider.DiscoveryJerseyProvider   : Using XML encoding codec XStreamXml
2026-03-23T14:19:14.779+07:00  INFO 1480 --- [DiscoveryService] [main] c.n.d.provider.DiscoveryJerseyProvider   : Using XML decoding codec XStreamXml
2026-03-23T14:19:14.803+07:00  INFO 1480 --- [DiscoveryService] [main] c.n.eureka.cluster.PeerEurekaNodes       : Replica node URL:  http://localhost:8083/eureka/
2026-03-23T14:19:14.812+07:00  INFO 1480 --- [DiscoveryService] [main] c.n.e.registry.AbstractInstanceRegistry  : Finished initializing remote region registries. All known remote regions: []
2026-03-23T14:19:14.812+07:00  INFO 1480 --- [DiscoveryService] [main] c.n.eureka.DefaultEurekaServerContext    : Initialized
2026-03-23T14:19:14.819+07:00  INFO 1480 --- [DiscoveryService] [main] o.s.b.a.e.web.EndpointLinksResolver      : Exposing 16 endpoints beneath base path '/actuator'
2026-03-23T14:19:14.863+07:00  INFO 1480 --- [DiscoveryService] [main] o.s.c.n.e.s.EurekaServiceRegistry        : Registering application DISCOVERYSERVICE with eureka with status UP
2026-03-23T14:19:14.873+07:00  INFO 1480 --- [DiscoveryService] [Thread-11] o.s.c.n.e.server.EurekaServerBootstrap   : isAws returned false
2026-03-23T14:19:14.875+07:00  INFO 1480 --- [DiscoveryService] [Thread-11] o.s.c.n.e.server.EurekaServerBootstrap   : Initialized server context
2026-03-23T14:19:14.875+07:00  INFO 1480 --- [DiscoveryService] [Thread-11] c.n.e.r.PeerAwareInstanceRegistryImpl    : Got 1 instances from neighboring DS node
2026-03-23T14:19:14.875+07:00  INFO 1480 --- [DiscoveryService] [Thread-11] c.n.e.r.PeerAwareInstanceRegistryImpl    : Renew threshold is: 1
2026-03-23T14:19:14.875+07:00  INFO 1480 --- [DiscoveryService] [Thread-11] c.n.e.r.PeerAwareInstanceRegistryImpl    : Changing status to UP
2026-03-23T14:19:14.876+07:00  INFO 1480 --- [DiscoveryService] [Thread-11] e.s.EurekaServerInitializerConfiguration : Started Eureka Server
2026-03-23T14:19:14.878+07:00  INFO 1480 --- [DiscoveryService] [main] o.s.b.w.embedded.tomcat.TomcatWebServer  : Tomcat started on port 8083 (http) with context path '/'
2026-03-23T14:19:14.879+07:00  INFO 1480 --- [DiscoveryService] [main] .s.c.n.e.s.EurekaAutoServiceRegistration : Updating port to 8083
2026-03-23T14:19:14.893+07:00  INFO 1480 --- [DiscoveryService] [main] c.e.D.DiscoveryServiceApplication        : Started DiscoveryServiceApplication in 3.322 seconds (process running for 3.75)
2026-03-23T14:19:34.246+07:00  INFO 1480 --- [DiscoveryService] [http-nio-8083-exec-1] o.a.c.c.C.[Tomcat].[localhost].[/]       : Initializing Spring DispatcherServlet 'dispatcherServlet'
2026-03-23T14:19:34.246+07:00  INFO 1480 --- [DiscoveryService] [http-nio-8083-exec-1] o.s.web.servlet.DispatcherServlet        : Initializing Servlet 'dispatcherServlet'
2026-03-23T14:19:34.247+07:00  INFO 1480 --- [DiscoveryService] [http-nio-8083-exec-1] o.s.web.servlet.DispatcherServlet        : Completed initialization in 1 ms
2026-03-23T14:19:34.382+07:00  INFO 1480 --- [DiscoveryService] [http-nio-8083-exec-2] c.n.e.registry.AbstractInstanceRegistry  : Registered instance CATEGORYSERVICE/host.docker.internal:CategoryService:8094 with status UP (replication=false)
2026-03-23T14:19:34.985+07:00  INFO 1480 --- [DiscoveryService] [http-nio-8083-exec-3] c.n.e.registry.AbstractInstanceRegistry  : Registered instance CATEGORYSERVICE/host.docker.internal:CategoryService:8094 with status UP (replication=true)
2026-03-23T14:19:46.647+07:00  INFO 1480 --- [DiscoveryService] [http-nio-8083-exec-5] c.n.e.registry.AbstractInstanceRegistry  : Registered instance COURSESERVICE/host.docker.internal:CourseService:8092 with status UP (replication=false)
2026-03-23T14:19:47.167+07:00  INFO 1480 --- [DiscoveryService] [http-nio-8083-exec-6] c.n.e.registry.AbstractInstanceRegistry  : Registered instance COURSESERVICE/host.docker.internal:CourseService:8092 with status UP (replication=true)
2026-03-23T14:19:56.337+07:00  INFO 1480 --- [DiscoveryService] [http-nio-8083-exec-8] c.n.e.registry.AbstractInstanceRegistry  : Registered instance EMAILSERVICE/host.docker.internal:EmailService:8089 with status UP (replication=false)
2026-03-23T14:19:56.852+07:00  INFO 1480 --- [DiscoveryService] [http-nio-8083-exec-9] c.n.e.registry.AbstractInstanceRegistry  : Registered instance EMAILSERVICE/host.docker.internal:EmailService:8089 with status UP (replication=true)
2026-03-23T14:20:08.802+07:00  INFO 1480 --- [DiscoveryService] [http-nio-8083-exec-4] c.n.e.registry.AbstractInstanceRegistry  : Registered instance ENROLLMENTSERVICE/host.docker.internal:EnrollmentService:8090 with status UP (replication=false)
2026-03-23T14:20:09.317+07:00  INFO 1480 --- [DiscoveryService] [http-nio-8083-exec-5] c.n.e.registry.AbstractInstanceRegistry  : Registered instance ENROLLMENTSERVICE/host.docker.internal:EnrollmentService:8090 with status UP (replication=true)
2026-03-23T14:20:14.876+07:00  INFO 1480 --- [DiscoveryService] [Eureka-EvictionTimer] c.n.e.registry.AbstractInstanceRegistry  : Running the evict task with compensationTime 0ms
2026-03-23T14:20:40.054+07:00  INFO 1480 --- [DiscoveryService] [http-nio-8083-exec-9] c.n.e.registry.AbstractInstanceRegistry  : Registered instance GATEWAYSERVICE/host.docker.internal:GateWayService:8084 with status UP (replication=false)
2026-03-23T14:20:40.566+07:00  INFO 1480 --- [DiscoveryService] [http-nio-8083-exec-10] c.n.e.registry.AbstractInstanceRegistry  : Registered instance GATEWAYSERVICE/host.docker.internal:GateWayService:8084 with status UP (replication=true)
2026-03-23T14:20:59.570+07:00  INFO 1480 --- [DiscoveryService] [http-nio-8083-exec-8] c.n.e.registry.AbstractInstanceRegistry  : Registered instance PAYMENTSERVICE/host.docker.internal:PaymentService:8088 with status UP (replication=false)
2026-03-23T14:21:00.074+07:00  INFO 1480 --- [DiscoveryService] [http-nio-8083-exec-9] c.n.e.registry.AbstractInstanceRegistry  : Registered instance PAYMENTSERVICE/host.docker.internal:PaymentService:8088 with status UP (replication=true)
2026-03-23T14:21:07.528+07:00  INFO 1480 --- [DiscoveryService] [http-nio-8083-exec-4] c.n.e.registry.AbstractInstanceRegistry  : Registered instance USERSERVICE/host.docker.internal:UserService:8087 with status UP (replication=false)
2026-03-23T14:21:08.037+07:00  INFO 1480 --- [DiscoveryService] [http-nio-8083-exec-5] c.n.e.registry.AbstractInstanceRegistry  : Registered instance USERSERVICE/host.docker.internal:UserService:8087 with status UP (replication=true)
2026-03-23T14:21:14.876+07:00  INFO 1480 --- [DiscoveryService] [Eureka-EvictionTimer] c.n.e.registry.AbstractInstanceRegistry  : Running the evict task with compensationTime 0ms
2026-03-23T14:21:17.151+07:00  INFO 1480 --- [DiscoveryService] [http-nio-8083-exec-5] c.n.e.registry.AbstractInstanceRegistry  : Registered instance WISHLISTSERVICE/host.docker.internal:WishlistService:8093 with status UP (replication=false)
2026-03-23T14:21:17.173+07:00  INFO 1480 --- [DiscoveryService] [http-nio-8083-exec-6] c.n.e.registry.AbstractInstanceRegistry  : Registered instance WISHLISTSERVICE/host.docker.internal:WishlistService:8093 with status UP (replication=true)
2026-03-23T14:22:14.877+07:00  INFO 1480 --- [DiscoveryService] [Eureka-EvictionTimer] c.n.e.registry.AbstractInstanceRegistry  : Running the evict task with compensationTime 0ms
2026-03-23T14:23:07.391+07:00  INFO 1480 --- [DiscoveryService] [http-nio-8083-exec-6] c.n.e.registry.AbstractInstanceRegistry  : Registered instance STREAMINGSERVICE/host.docker.internal:StreamingService:8091 with status UP (replication=false)
2026-03-23T14:23:07.897+07:00  INFO 1480 --- [DiscoveryService] [http-nio-8083-exec-10] c.n.e.registry.AbstractInstanceRegistry  : Registered instance STREAMINGSERVICE/host.docker.internal:StreamingService:8091 with status UP (replication=true)
2026-03-23T14:23:14.877+07:00  INFO 1480 --- [DiscoveryService] [Eureka-EvictionTimer] c.n.e.registry.AbstractInstanceRegistry  : Running the evict task with compensationTime 0ms
2026-03-23T14:24:14.877+07:00  INFO 1480 --- [DiscoveryService] [Eureka-EvictionTimer] c.n.e.registry.AbstractInstanceRegistry  : Running the evict task with compensationTime 0ms
2026-03-23T14:25:14.878+07:00  INFO 1480 --- [DiscoveryService] [Eureka-EvictionTimer] c.n.e.registry.AbstractInstanceRegistry  : Running the evict task with compensationTime 0ms
2026-03-23T14:26:14.879+07:00  INFO 1480 --- [DiscoveryService] [Eureka-EvictionTimer] c.n.e.registry.AbstractInstanceRegistry  : Running the evict task with compensationTime 0ms
2026-03-23T14:26:20.855+07:00  INFO 1480 --- [DiscoveryService] [http-nio-8083-exec-9] c.n.e.registry.AbstractInstanceRegistry  : Registered instance STREAMINGSERVICE/host.docker.internal:StreamingService:8091 with status DOWN (replication=false)
2026-03-23T14:26:21.371+07:00  INFO 1480 --- [DiscoveryService] [http-nio-8083-exec-3] c.n.e.registry.AbstractInstanceRegistry  : Registered instance STREAMINGSERVICE/host.docker.internal:StreamingService:8091 with status DOWN (replication=true)
2026-03-23T14:26:23.875+07:00  INFO 1480 --- [DiscoveryService] [http-nio-8083-exec-2] c.n.e.registry.AbstractInstanceRegistry  : Cancelled instance STREAMINGSERVICE/host.docker.internal:StreamingService:8091 (replication=false)
2026-03-23T14:26:24.383+07:00  INFO 1480 --- [DiscoveryService] [http-nio-8083-exec-6] c.n.eureka.resources.InstanceResource    : Not Found (Cancel): STREAMINGSERVICE - host.docker.internal:StreamingService:8091
2026-03-23T14:26:27.961+07:00  INFO 1480 --- [DiscoveryService] [http-nio-8083-exec-9] c.n.e.registry.AbstractInstanceRegistry  : Registered instance STREAMINGSERVICE/host.docker.internal:StreamingService:8091 with status UP (replication=false)
2026-03-23T14:26:28.467+07:00  INFO 1480 --- [DiscoveryService] [http-nio-8083-exec-3] c.n.e.registry.AbstractInstanceRegistry  : Registered instance STREAMINGSERVICE/host.docker.internal:StreamingService:8091 with status UP (replication=true)
2026-03-23T14:27:14.879+07:00  INFO 1480 --- [DiscoveryService] [Eureka-EvictionTimer] c.n.e.registry.AbstractInstanceRegistry  : Running the evict task with compensationTime 0ms
2026-03-23T14:28:14.880+07:00  INFO 1480 --- [DiscoveryService] [Eureka-EvictionTimer] c.n.e.registry.AbstractInstanceRegistry  : Running the evict task with compensationTime 0ms
2026-03-23T14:28:17.600+07:00  INFO 1480 --- [DiscoveryService] [http-nio-8083-exec-9] c.n.e.registry.AbstractInstanceRegistry  : Registered instance STREAMINGSERVICE/host.docker.internal:StreamingService:8091 with status DOWN (replication=false)
2026-03-23T14:28:18.112+07:00  INFO 1480 --- [DiscoveryService] [http-nio-8083-exec-3] c.n.e.registry.AbstractInstanceRegistry  : Registered instance STREAMINGSERVICE/host.docker.internal:StreamingService:8091 with status DOWN (replication=true)
2026-03-23T14:28:20.621+07:00  INFO 1480 --- [DiscoveryService] [http-nio-8083-exec-2] c.n.e.registry.AbstractInstanceRegistry  : Cancelled instance STREAMINGSERVICE/host.docker.internal:StreamingService:8091 (replication=false)
2026-03-23T14:28:21.132+07:00  INFO 1480 --- [DiscoveryService] [http-nio-8083-exec-6] c.n.eureka.resources.InstanceResource    : Not Found (Cancel): STREAMINGSERVICE - host.docker.internal:StreamingService:8091
2026-03-23T14:28:24.780+07:00  INFO 1480 --- [DiscoveryService] [http-nio-8083-exec-8] c.n.e.registry.AbstractInstanceRegistry  : Registered instance STREAMINGSERVICE/host.docker.internal:StreamingService:8091 with status UP (replication=false)
2026-03-23T14:28:25.291+07:00  INFO 1480 --- [DiscoveryService] [http-nio-8083-exec-10] c.n.e.registry.AbstractInstanceRegistry  : Registered instance STREAMINGSERVICE/host.docker.internal:StreamingService:8091 with status UP (replication=true)
