2026-03-23T14:19:40.073+07:00  INFO 14324 --- [CourseService] [main] c.e.C.CourseServiceApplication           : Starting CourseServiceApplication using Java 25.0.1 with PID 14324 (C:\Users\vuna1\Desktop\learniverse\learniverse\CourseService\target\classes started by vuna1 in C:\Users\vuna1\Desktop\learniverse\learniverse)
2026-03-23T14:19:40.076+07:00  INFO 14324 --- [CourseService] [main] c.e.C.CourseServiceApplication           : No active profile set, falling back to 1 default profile: "default"
2026-03-23T14:19:40.101+07:00  INFO 14324 --- [CourseService] [main] o.s.c.c.c.ConfigServerConfigDataLoader   : Fetching config from server at : http://localhost:8082
2026-03-23T14:19:40.103+07:00  INFO 14324 --- [CourseService] [main] o.s.c.c.c.ConfigServerConfigDataLoader   : Located environment: name=CourseService, profiles=[default], label=null, version=null, state=null
2026-03-23T14:19:40.966+07:00  INFO 14324 --- [CourseService] [main] .s.d.r.c.RepositoryConfigurationDelegate : Bootstrapping Spring Data JPA repositories in DEFAULT mode.
2026-03-23T14:19:41.059+07:00  INFO 14324 --- [CourseService] [main] .s.d.r.c.RepositoryConfigurationDelegate : Finished Spring Data repository scanning in 87 ms. Found 5 JPA repository interfaces.
2026-03-23T14:19:41.290+07:00  INFO 14324 --- [CourseService] [main] o.s.cloud.context.scope.GenericScope     : BeanFactory id=711b6db9-b61b-3603-a3da-b6842c0d8989
2026-03-23T14:19:41.734+07:00  INFO 14324 --- [CourseService] [main] o.s.b.w.embedded.tomcat.TomcatWebServer  : Tomcat initialized with port 8092 (http)
2026-03-23T14:19:41.743+07:00  INFO 14324 --- [CourseService] [main] o.apache.catalina.core.StandardService   : Starting service [Tomcat]
2026-03-23T14:19:41.744+07:00  INFO 14324 --- [CourseService] [main] o.apache.catalina.core.StandardEngine    : Starting Servlet engine: [Apache Tomcat/10.1.42]
2026-03-23T14:19:41.785+07:00  INFO 14324 --- [CourseService] [main] o.a.c.c.C.[Tomcat].[localhost].[/]       : Initializing Spring embedded WebApplicationContext
2026-03-23T14:19:41.786+07:00  INFO 14324 --- [CourseService] [main] w.s.c.ServletWebServerApplicationContext : Root WebApplicationContext: initialization completed in 1682 ms
2026-03-23T14:19:42.072+07:00  INFO 14324 --- [CourseService] [main] o.hibernate.jpa.internal.util.LogHelper  : HHH000204: Processing PersistenceUnitInfo [name: default]
2026-03-23T14:19:42.101+07:00  INFO 14324 --- [CourseService] [main] org.hibernate.Version                    : HHH000412: Hibernate ORM core version 6.6.18.Final
2026-03-23T14:19:42.119+07:00  INFO 14324 --- [CourseService] [main] o.h.c.internal.RegionFactoryInitiator    : HHH000026: Second-level cache disabled
2026-03-23T14:19:42.276+07:00  INFO 14324 --- [CourseService] [main] o.s.o.j.p.SpringPersistenceUnitInfo      : No LoadTimeWeaver setup: ignoring JPA class transformer
2026-03-23T14:19:42.294+07:00  INFO 14324 --- [CourseService] [main] com.zaxxer.hikari.HikariDataSource       : HikariPool-1 - Starting...
2026-03-23T14:19:42.514+07:00  INFO 14324 --- [CourseService] [main] com.zaxxer.hikari.pool.HikariPool        : HikariPool-1 - Added connection com.mysql.cj.jdbc.ConnectionImpl@6ae55678
2026-03-23T14:19:42.515+07:00  INFO 14324 --- [CourseService] [main] com.zaxxer.hikari.HikariDataSource       : HikariPool-1 - Start completed.
2026-03-23T14:19:42.550+07:00  WARN 14324 --- [CourseService] [main] org.hibernate.orm.deprecation            : HHH90000025: MySQL8Dialect does not need to be specified explicitly using 'hibernate.dialect' (remove the property setting and it will be selected by default)
2026-03-23T14:19:42.551+07:00  WARN 14324 --- [CourseService] [main] org.hibernate.orm.deprecation            : HHH90000026: MySQL8Dialect has been deprecated; use org.hibernate.dialect.MySQLDialect instead
2026-03-23T14:19:42.561+07:00  INFO 14324 --- [CourseService] [main] org.hibernate.orm.connections.pooling    : HHH10001005: Database info:
	Database JDBC URL [Connecting through datasource 'HikariDataSource (HikariPool-1)']
	Database driver: undefined/unknown
	Database version: 8.0
	Autocommit mode: undefined/unknown
	Isolation level: undefined/unknown
	Minimum pool size: undefined/unknown
	Maximum pool size: undefined/unknown
2026-03-23T14:19:43.159+07:00  INFO 14324 --- [CourseService] [main] o.h.e.t.j.p.i.JtaPlatformInitiator       : HHH000489: No JTA platform available (set 'hibernate.transaction.jta.platform' to enable JTA platform integration)
2026-03-23T14:19:43.231+07:00  INFO 14324 --- [CourseService] [main] j.LocalContainerEntityManagerFactoryBean : Initialized JPA EntityManagerFactory for persistence unit 'default'
2026-03-23T14:19:43.445+07:00  INFO 14324 --- [CourseService] [main] o.s.d.j.r.query.QueryEnhancerFactory     : Hibernate is in classpath; If applicable, HQL parser will be used.
2026-03-23T14:19:44.444+07:00  WARN 14324 --- [CourseService] [main] JpaBaseConfiguration$JpaWebConfiguration : spring.jpa.open-in-view is enabled by default. Therefore, database queries may be performed during view rendering. Explicitly configure spring.jpa.open-in-view to disable this warning
2026-03-23T14:19:44.536+07:00  INFO 14324 --- [CourseService] [main] o.s.c.openfeign.FeignClientFactoryBean   : For 'StreamingService' URL not provided. Will try picking an instance via load-balancing.
2026-03-23T14:19:45.379+07:00  INFO 14324 --- [CourseService] [main] o.s.b.a.e.web.EndpointLinksResolver      : Exposing 26 endpoints beneath base path '/actuator'
2026-03-23T14:19:45.419+07:00  WARN 14324 --- [CourseService] [main] .s.s.UserDetailsServiceAutoConfiguration : 

Using generated security password: b6795155-b94d-442f-80b2-b36ec04c803a

This generated password is for development use only. Your security configuration must be updated before running your application in production.

2026-03-23T14:19:45.426+07:00  INFO 14324 --- [CourseService] [main] r$InitializeUserDetailsManagerConfigurer : Global AuthenticationManager configured with UserDetailsService bean with name inMemoryUserDetailsManager
2026-03-23T14:19:45.976+07:00  INFO 14324 --- [CourseService] [main] DiscoveryClientOptionalArgsConfiguration : Eureka HTTP Client uses RestTemplate.
2026-03-23T14:19:46.015+07:00  WARN 14324 --- [CourseService] [main] iguration$LoadBalancerCaffeineWarnLogger : Spring Cloud LoadBalancer is currently working with the default cache. While this cache implementation is useful for development and tests, it's recommended to use Caffeine cache in production.You can switch to using Caffeine cache, by adding it and org.springframework.cache.caffeine.CaffeineCacheManager to the classpath.
2026-03-23T14:19:46.093+07:00  INFO 14324 --- [CourseService] [main] o.a.k.clients.admin.AdminClientConfig    : AdminClientConfig values: 
	auto.include.jmx.reporter = true
	bootstrap.controllers = []
	bootstrap.servers = [localhost:9092]
	client.dns.lookup = use_all_dns_ips
	client.id = CourseService-admin-0
	connections.max.idle.ms = 300000
	default.api.timeout.ms = 60000
	enable.metrics.push = true
	metadata.max.age.ms = 300000
	metadata.recovery.strategy = none
	metric.reporters = []
	metrics.num.samples = 2
	metrics.recording.level = INFO
	metrics.sample.window.ms = 30000
	receive.buffer.bytes = 65536
	reconnect.backoff.max.ms = 1000
	reconnect.backoff.ms = 50
	request.timeout.ms = 30000
	retries = 2147483647
	retry.backoff.max.ms = 1000
	retry.backoff.ms = 100
	sasl.client.callback.handler.class = null
	sasl.jaas.config = null
	sasl.kerberos.kinit.cmd = /usr/bin/kinit
	sasl.kerberos.min.time.before.relogin = 60000
	sasl.kerberos.service.name = null
	sasl.kerberos.ticket.renew.jitter = 0.05
	sasl.kerberos.ticket.renew.window.factor = 0.8
	sasl.login.callback.handler.class = null
	sasl.login.class = null
	sasl.login.connect.timeout.ms = null
	sasl.login.read.timeout.ms = null
	sasl.login.refresh.buffer.seconds = 300
	sasl.login.refresh.min.period.seconds = 60
	sasl.login.refresh.window.factor = 0.8
	sasl.login.refresh.window.jitter = 0.05
	sasl.login.retry.backoff.max.ms = 10000
	sasl.login.retry.backoff.ms = 100
	sasl.mechanism = GSSAPI
	sasl.oauthbearer.clock.skew.seconds = 30
	sasl.oauthbearer.expected.audience = null
	sasl.oauthbearer.expected.issuer = null
	sasl.oauthbearer.header.urlencode = false
	sasl.oauthbearer.jwks.endpoint.refresh.ms = 3600000
	sasl.oauthbearer.jwks.endpoint.retry.backoff.max.ms = 10000
	sasl.oauthbearer.jwks.endpoint.retry.backoff.ms = 100
	sasl.oauthbearer.jwks.endpoint.url = null
	sasl.oauthbearer.scope.claim.name = scope
	sasl.oauthbearer.sub.claim.name = sub
	sasl.oauthbearer.token.endpoint.url = null
	security.protocol = PLAINTEXT
	security.providers = null
	send.buffer.bytes = 131072
	socket.connection.setup.timeout.max.ms = 30000
	socket.connection.setup.timeout.ms = 10000
	ssl.cipher.suites = null
	ssl.enabled.protocols = [TLSv1.2, TLSv1.3]
	ssl.endpoint.identification.algorithm = https
	ssl.engine.factory.class = null
	ssl.key.password = null
	ssl.keymanager.algorithm = SunX509
	ssl.keystore.certificate.chain = null
	ssl.keystore.key = null
	ssl.keystore.location = null
	ssl.keystore.password = null
	ssl.keystore.type = JKS
	ssl.protocol = TLSv1.3
	ssl.provider = null
	ssl.secure.random.implementation = null
	ssl.trustmanager.algorithm = PKIX
	ssl.truststore.certificates = null
	ssl.truststore.location = null
	ssl.truststore.password = null
	ssl.truststore.type = JKS

2026-03-23T14:19:46.169+07:00  INFO 14324 --- [CourseService] [main] o.a.kafka.common.utils.AppInfoParser     : Kafka version: 3.9.1
2026-03-23T14:19:46.170+07:00  INFO 14324 --- [CourseService] [main] o.a.kafka.common.utils.AppInfoParser     : Kafka commitId: f745dfdcee2b9851
2026-03-23T14:19:46.170+07:00  INFO 14324 --- [CourseService] [main] o.a.kafka.common.utils.AppInfoParser     : Kafka startTimeMs: 1774250386169
2026-03-23T14:19:46.416+07:00  INFO 14324 --- [CourseService] [kafka-admin-client-thread | CourseService-admin-0] o.a.kafka.common.utils.AppInfoParser     : App info kafka.admin.client for CourseService-admin-0 unregistered
2026-03-23T14:19:46.420+07:00  INFO 14324 --- [CourseService] [kafka-admin-client-thread | CourseService-admin-0] o.apache.kafka.common.metrics.Metrics    : Metrics scheduler closed
2026-03-23T14:19:46.420+07:00  INFO 14324 --- [CourseService] [kafka-admin-client-thread | CourseService-admin-0] o.apache.kafka.common.metrics.Metrics    : Closing reporter org.apache.kafka.common.metrics.JmxReporter
2026-03-23T14:19:46.421+07:00  INFO 14324 --- [CourseService] [kafka-admin-client-thread | CourseService-admin-0] o.apache.kafka.common.metrics.Metrics    : Metrics reporters closed
2026-03-23T14:19:46.431+07:00  INFO 14324 --- [CourseService] [main] o.s.c.n.eureka.InstanceInfoFactory       : Setting initial instance status as: STARTING
2026-03-23T14:19:46.447+07:00  INFO 14324 --- [CourseService] [main] com.netflix.discovery.DiscoveryClient    : Initializing Eureka in region us-east-1
2026-03-23T14:19:46.450+07:00  INFO 14324 --- [CourseService] [main] c.n.d.s.r.aws.ConfigClusterResolver      : Resolving eureka endpoints via configuration
2026-03-23T14:19:46.456+07:00  INFO 14324 --- [CourseService] [main] com.netflix.discovery.DiscoveryClient    : Disable delta property : false
2026-03-23T14:19:46.456+07:00  INFO 14324 --- [CourseService] [main] com.netflix.discovery.DiscoveryClient    : Single vip registry refresh property : null
2026-03-23T14:19:46.456+07:00  INFO 14324 --- [CourseService] [main] com.netflix.discovery.DiscoveryClient    : Force full registry fetch : false
2026-03-23T14:19:46.456+07:00  INFO 14324 --- [CourseService] [main] com.netflix.discovery.DiscoveryClient    : Application is null : false
2026-03-23T14:19:46.456+07:00  INFO 14324 --- [CourseService] [main] com.netflix.discovery.DiscoveryClient    : Registered Applications size is zero : true
2026-03-23T14:19:46.457+07:00  INFO 14324 --- [CourseService] [main] com.netflix.discovery.DiscoveryClient    : Application version is -1: true
2026-03-23T14:19:46.457+07:00  INFO 14324 --- [CourseService] [main] com.netflix.discovery.DiscoveryClient    : Getting all instance registry info from the eureka server
2026-03-23T14:19:46.610+07:00  INFO 14324 --- [CourseService] [main] com.netflix.discovery.DiscoveryClient    : The response status is 200
2026-03-23T14:19:46.611+07:00  INFO 14324 --- [CourseService] [main] com.netflix.discovery.DiscoveryClient    : Starting heartbeat executor: renew interval is: 30
2026-03-23T14:19:46.613+07:00  INFO 14324 --- [CourseService] [main] c.n.discovery.InstanceInfoReplicator     : InstanceInfoReplicator onDemand update allowed rate per min is 4
2026-03-23T14:19:46.614+07:00  INFO 14324 --- [CourseService] [main] com.netflix.discovery.DiscoveryClient    : Discovery Client initialized at timestamp 1774250386613 with initial instances count: 0
2026-03-23T14:19:46.621+07:00  INFO 14324 --- [CourseService] [main] o.s.c.n.e.s.EurekaServiceRegistry        : Registering application COURSESERVICE with eureka with status UP
2026-03-23T14:19:46.622+07:00  INFO 14324 --- [CourseService] [main] com.netflix.discovery.DiscoveryClient    : Saw local status change event StatusChangeEvent [timestamp=1774250386622, current=UP, previous=STARTING]
2026-03-23T14:19:46.622+07:00  INFO 14324 --- [CourseService] [DiscoveryClient-InstanceInfoReplicator-%d] com.netflix.discovery.DiscoveryClient    : DiscoveryClient_COURSESERVICE/host.docker.internal:CourseService:8092: registering service...
2026-03-23T14:19:46.629+07:00  INFO 14324 --- [CourseService] [main] o.s.b.w.embedded.tomcat.TomcatWebServer  : Tomcat started on port 8092 (http) with context path '/'
2026-03-23T14:19:46.630+07:00  INFO 14324 --- [CourseService] [main] .s.c.n.e.s.EurekaAutoServiceRegistration : Updating port to 8092
2026-03-23T14:19:46.648+07:00  INFO 14324 --- [CourseService] [DiscoveryClient-InstanceInfoReplicator-%d] com.netflix.discovery.DiscoveryClient    : DiscoveryClient_COURSESERVICE/host.docker.internal:CourseService:8092 - registration status: 204
2026-03-23T14:19:46.652+07:00  INFO 14324 --- [CourseService] [main] o.a.k.clients.consumer.ConsumerConfig    : ConsumerConfig values: 
	allow.auto.create.topics = true
	auto.commit.interval.ms = 5000
	auto.include.jmx.reporter = true
	auto.offset.reset = latest
	bootstrap.servers = [localhost:9092]
	check.crcs = true
	client.dns.lookup = use_all_dns_ips
	client.id = consumer-course-group-1
	client.rack = 
	connections.max.idle.ms = 540000
	default.api.timeout.ms = 60000
	enable.auto.commit = false
	enable.metrics.push = true
	exclude.internal.topics = true
	fetch.max.bytes = 52428800
	fetch.max.wait.ms = 500
	fetch.min.bytes = 1
	group.id = course-group
	group.instance.id = null
	group.protocol = classic
	group.remote.assignor = null
	heartbeat.interval.ms = 3000
	interceptor.classes = []
	internal.leave.group.on.close = true
	internal.throw.on.fetch.stable.offset.unsupported = false
	isolation.level = read_uncommitted
	key.deserializer = class org.apache.kafka.common.serialization.StringDeserializer
	max.partition.fetch.bytes = 1048576
	max.poll.interval.ms = 300000
	max.poll.records = 500
	metadata.max.age.ms = 300000
	metadata.recovery.strategy = none
	metric.reporters = []
	metrics.num.samples = 2
	metrics.recording.level = INFO
	metrics.sample.window.ms = 30000
	partition.assignment.strategy = [class org.apache.kafka.clients.consumer.RangeAssignor, class org.apache.kafka.clients.consumer.CooperativeStickyAssignor]
	receive.buffer.bytes = 65536
	reconnect.backoff.max.ms = 1000
	reconnect.backoff.ms = 50
	request.timeout.ms = 30000
	retry.backoff.max.ms = 1000
	retry.backoff.ms = 100
	sasl.client.callback.handler.class = null
	sasl.jaas.config = null
	sasl.kerberos.kinit.cmd = /usr/bin/kinit
	sasl.kerberos.min.time.before.relogin = 60000
	sasl.kerberos.service.name = null
	sasl.kerberos.ticket.renew.jitter = 0.05
	sasl.kerberos.ticket.renew.window.factor = 0.8
	sasl.login.callback.handler.class = null
	sasl.login.class = null
	sasl.login.connect.timeout.ms = null
	sasl.login.read.timeout.ms = null
	sasl.login.refresh.buffer.seconds = 300
	sasl.login.refresh.min.period.seconds = 60
	sasl.login.refresh.window.factor = 0.8
	sasl.login.refresh.window.jitter = 0.05
	sasl.login.retry.backoff.max.ms = 10000
	sasl.login.retry.backoff.ms = 100
	sasl.mechanism = GSSAPI
	sasl.oauthbearer.clock.skew.seconds = 30
	sasl.oauthbearer.expected.audience = null
	sasl.oauthbearer.expected.issuer = null
	sasl.oauthbearer.header.urlencode = false
	sasl.oauthbearer.jwks.endpoint.refresh.ms = 3600000
	sasl.oauthbearer.jwks.endpoint.retry.backoff.max.ms = 10000
	sasl.oauthbearer.jwks.endpoint.retry.backoff.ms = 100
	sasl.oauthbearer.jwks.endpoint.url = null
	sasl.oauthbearer.scope.claim.name = scope
	sasl.oauthbearer.sub.claim.name = sub
	sasl.oauthbearer.token.endpoint.url = null
	security.protocol = PLAINTEXT
	security.providers = null
	send.buffer.bytes = 131072
	session.timeout.ms = 45000
	socket.connection.setup.timeout.max.ms = 30000
	socket.connection.setup.timeout.ms = 10000
	ssl.cipher.suites = null
	ssl.enabled.protocols = [TLSv1.2, TLSv1.3]
	ssl.endpoint.identification.algorithm = https
	ssl.engine.factory.class = null
	ssl.key.password = null
	ssl.keymanager.algorithm = SunX509
	ssl.keystore.certificate.chain = null
	ssl.keystore.key = null
	ssl.keystore.location = null
	ssl.keystore.password = null
	ssl.keystore.type = JKS
	ssl.protocol = TLSv1.3
	ssl.provider = null
	ssl.secure.random.implementation = null
	ssl.trustmanager.algorithm = PKIX
	ssl.truststore.certificates = null
	ssl.truststore.location = null
	ssl.truststore.password = null
	ssl.truststore.type = JKS
	value.deserializer = class org.apache.kafka.common.serialization.StringDeserializer

2026-03-23T14:19:46.679+07:00  INFO 14324 --- [CourseService] [main] o.a.k.c.t.i.KafkaMetricsCollector        : initializing Kafka metrics collector
2026-03-23T14:19:46.714+07:00  INFO 14324 --- [CourseService] [main] o.a.kafka.common.utils.AppInfoParser     : Kafka version: 3.9.1
2026-03-23T14:19:46.714+07:00  INFO 14324 --- [CourseService] [main] o.a.kafka.common.utils.AppInfoParser     : Kafka commitId: f745dfdcee2b9851
2026-03-23T14:19:46.714+07:00  INFO 14324 --- [CourseService] [main] o.a.kafka.common.utils.AppInfoParser     : Kafka startTimeMs: 1774250386714
2026-03-23T14:19:46.721+07:00  INFO 14324 --- [CourseService] [main] o.a.k.c.c.i.ClassicKafkaConsumer         : [Consumer clientId=consumer-course-group-1, groupId=course-group] Subscribed to topic(s): category-response
2026-03-23T14:19:46.738+07:00  INFO 14324 --- [CourseService] [main] c.e.C.CourseServiceApplication           : Started CourseServiceApplication in 7.359 seconds (process running for 7.761)
2026-03-23T14:19:46.738+07:00  INFO 14324 --- [CourseService] [org.springframework.kafka.KafkaListenerEndpointContainer#0-0-C-1] org.apache.kafka.clients.Metadata        : [Consumer clientId=consumer-course-group-1, groupId=course-group] Cluster ID: TRE_F3PdR4SDra-wI1dJvg
2026-03-23T14:19:46.739+07:00  INFO 14324 --- [CourseService] [org.springframework.kafka.KafkaListenerEndpointContainer#0-0-C-1] o.a.k.c.c.internals.ConsumerCoordinator  : [Consumer clientId=consumer-course-group-1, groupId=course-group] Discovered group coordinator localhost:9092 (id: 2147483646 rack: null)
2026-03-23T14:19:46.740+07:00  INFO 14324 --- [CourseService] [org.springframework.kafka.KafkaListenerEndpointContainer#0-0-C-1] o.a.k.c.c.internals.ConsumerCoordinator  : [Consumer clientId=consumer-course-group-1, groupId=course-group] (Re-)joining group
2026-03-23T14:19:46.753+07:00  INFO 14324 --- [CourseService] [org.springframework.kafka.KafkaListenerEndpointContainer#0-0-C-1] o.a.k.c.c.internals.ConsumerCoordinator  : [Consumer clientId=consumer-course-group-1, groupId=course-group] Request joining group due to: need to re-join with the given member-id: consumer-course-group-1-95bb39fa-bfd1-4736-a2d8-302ea55d05ca
2026-03-23T14:19:46.753+07:00  INFO 14324 --- [CourseService] [org.springframework.kafka.KafkaListenerEndpointContainer#0-0-C-1] o.a.k.c.c.internals.ConsumerCoordinator  : [Consumer clientId=consumer-course-group-1, groupId=course-group] (Re-)joining group
2026-03-23T14:19:49.760+07:00  INFO 14324 --- [CourseService] [org.springframework.kafka.KafkaListenerEndpointContainer#0-0-C-1] o.a.k.c.c.internals.ConsumerCoordinator  : [Consumer clientId=consumer-course-group-1, groupId=course-group] Successfully joined group with generation Generation{generationId=11, memberId='consumer-course-group-1-95bb39fa-bfd1-4736-a2d8-302ea55d05ca', protocol='range'}
2026-03-23T14:19:49.767+07:00  INFO 14324 --- [CourseService] [org.springframework.kafka.KafkaListenerEndpointContainer#0-0-C-1] o.a.k.c.c.internals.ConsumerCoordinator  : [Consumer clientId=consumer-course-group-1, groupId=course-group] Finished assignment for group at generation 11: {consumer-course-group-1-95bb39fa-bfd1-4736-a2d8-302ea55d05ca=Assignment(partitions=[category-response-0])}
2026-03-23T14:19:49.775+07:00  INFO 14324 --- [CourseService] [org.springframework.kafka.KafkaListenerEndpointContainer#0-0-C-1] o.a.k.c.c.internals.ConsumerCoordinator  : [Consumer clientId=consumer-course-group-1, groupId=course-group] Successfully synced group in generation Generation{generationId=11, memberId='consumer-course-group-1-95bb39fa-bfd1-4736-a2d8-302ea55d05ca', protocol='range'}
2026-03-23T14:19:49.776+07:00  INFO 14324 --- [CourseService] [org.springframework.kafka.KafkaListenerEndpointContainer#0-0-C-1] o.a.k.c.c.internals.ConsumerCoordinator  : [Consumer clientId=consumer-course-group-1, groupId=course-group] Notifying assignor about the new Assignment(partitions=[category-response-0])
2026-03-23T14:19:49.780+07:00  INFO 14324 --- [CourseService] [org.springframework.kafka.KafkaListenerEndpointContainer#0-0-C-1] k.c.c.i.ConsumerRebalanceListenerInvoker : [Consumer clientId=consumer-course-group-1, groupId=course-group] Adding newly assigned partitions: category-response-0
2026-03-23T14:19:49.790+07:00  INFO 14324 --- [CourseService] [org.springframework.kafka.KafkaListenerEndpointContainer#0-0-C-1] o.a.k.c.c.internals.ConsumerUtils        : Setting offset for partition category-response-0 to the committed offset FetchPosition{offset=3, offsetEpoch=Optional.empty, currentLeader=LeaderAndEpoch{leader=Optional[localhost:9092 (id: 1 rack: null)], epoch=0}}
2026-03-23T14:19:49.792+07:00  INFO 14324 --- [CourseService] [org.springframework.kafka.KafkaListenerEndpointContainer#0-0-C-1] o.s.k.l.KafkaMessageListenerContainer    : course-group: partitions assigned: [category-response-0]
2026-03-23T14:20:16.614+07:00  INFO 14324 --- [CourseService] [DiscoveryClient-CacheRefreshExecutor-%d] com.netflix.discovery.DiscoveryClient    : Disable delta property : false
2026-03-23T14:20:16.616+07:00  INFO 14324 --- [CourseService] [DiscoveryClient-CacheRefreshExecutor-%d] com.netflix.discovery.DiscoveryClient    : Single vip registry refresh property : null
2026-03-23T14:20:16.616+07:00  INFO 14324 --- [CourseService] [DiscoveryClient-CacheRefreshExecutor-%d] com.netflix.discovery.DiscoveryClient    : Force full registry fetch : false
2026-03-23T14:20:16.616+07:00  INFO 14324 --- [CourseService] [DiscoveryClient-CacheRefreshExecutor-%d] com.netflix.discovery.DiscoveryClient    : Application is null : false
2026-03-23T14:20:16.617+07:00  INFO 14324 --- [CourseService] [DiscoveryClient-CacheRefreshExecutor-%d] com.netflix.discovery.DiscoveryClient    : Registered Applications size is zero : true
2026-03-23T14:20:16.618+07:00  INFO 14324 --- [CourseService] [DiscoveryClient-CacheRefreshExecutor-%d] com.netflix.discovery.DiscoveryClient    : Application version is -1: false
2026-03-23T14:20:16.623+07:00  INFO 14324 --- [CourseService] [DiscoveryClient-CacheRefreshExecutor-%d] com.netflix.discovery.DiscoveryClient    : Getting all instance registry info from the eureka server
2026-03-23T14:20:16.647+07:00  INFO 14324 --- [CourseService] [DiscoveryClient-CacheRefreshExecutor-%d] com.netflix.discovery.DiscoveryClient    : The response status is 200
2026-03-23T14:22:34.668+07:00  INFO 14324 --- [CourseService] [http-nio-8092-exec-1] o.a.c.c.C.[Tomcat].[localhost].[/]       : Initializing Spring DispatcherServlet 'dispatcherServlet'
2026-03-23T14:22:34.668+07:00  INFO 14324 --- [CourseService] [http-nio-8092-exec-1] o.s.web.servlet.DispatcherServlet        : Initializing Servlet 'dispatcherServlet'
2026-03-23T14:22:34.671+07:00  INFO 14324 --- [CourseService] [http-nio-8092-exec-1] o.s.web.servlet.DispatcherServlet        : Completed initialization in 2 ms
2026-03-23T14:22:34.849+07:00  WARN 14324 --- [CourseService] [pool-2-thread-1] o.s.c.l.core.RoundRobinLoadBalancer      : No servers available for service: StreamingService
2026-03-23T14:22:34.852+07:00  WARN 14324 --- [CourseService] [pool-2-thread-1] RetryableFeignBlockingLoadBalancerClient : Service instance was not resolved, executing the original request
2026-03-23T14:22:37.653+07:00  WARN 14324 --- [CourseService] [pool-2-thread-1] o.s.c.l.core.RoundRobinLoadBalancer      : No servers available for service: StreamingService
2026-03-23T14:22:37.653+07:00  WARN 14324 --- [CourseService] [pool-2-thread-1] RetryableFeignBlockingLoadBalancerClient : Service instance was not resolved, executing the original request
2026-03-23T14:22:44.290+07:00  WARN 14324 --- [CourseService] [pool-2-thread-1] o.s.c.l.core.RoundRobinLoadBalancer      : No servers available for service: StreamingService
2026-03-23T14:22:44.291+07:00  WARN 14324 --- [CourseService] [pool-2-thread-1] RetryableFeignBlockingLoadBalancerClient : Service instance was not resolved, executing the original request
2026-03-23T14:23:12.877+07:00  WARN 14324 --- [CourseService] [pool-2-thread-1] o.s.c.l.core.RoundRobinLoadBalancer      : No servers available for service: StreamingService
2026-03-23T14:23:12.877+07:00  WARN 14324 --- [CourseService] [pool-2-thread-1] RetryableFeignBlockingLoadBalancerClient : Service instance was not resolved, executing the original request
2026-03-23T14:23:15.375+07:00  WARN 14324 --- [CourseService] [pool-2-thread-1] o.s.c.l.core.RoundRobinLoadBalancer      : No servers available for service: StreamingService
2026-03-23T14:23:15.375+07:00  WARN 14324 --- [CourseService] [pool-2-thread-1] RetryableFeignBlockingLoadBalancerClient : Service instance was not resolved, executing the original request
2026-03-23T14:23:16.451+07:00  WARN 14324 --- [CourseService] [pool-2-thread-1] o.s.c.l.core.RoundRobinLoadBalancer      : No servers available for service: StreamingService
2026-03-23T14:23:16.452+07:00  WARN 14324 --- [CourseService] [pool-2-thread-1] RetryableFeignBlockingLoadBalancerClient : Service instance was not resolved, executing the original request
2026-03-23T14:23:28.723+07:00  WARN 14324 --- [CourseService] [pool-2-thread-1] o.s.c.l.core.RoundRobinLoadBalancer      : No servers available for service: StreamingService
2026-03-23T14:23:28.724+07:00  WARN 14324 --- [CourseService] [pool-2-thread-1] RetryableFeignBlockingLoadBalancerClient : Service instance was not resolved, executing the original request
2026-03-23T14:23:31.001+07:00  WARN 14324 --- [CourseService] [pool-2-thread-1] o.s.c.l.core.RoundRobinLoadBalancer      : No servers available for service: StreamingService
2026-03-23T14:23:31.003+07:00  WARN 14324 --- [CourseService] [pool-2-thread-1] RetryableFeignBlockingLoadBalancerClient : Service instance was not resolved, executing the original request
2026-03-23T14:23:32.063+07:00  WARN 14324 --- [CourseService] [pool-2-thread-1] o.s.c.l.core.RoundRobinLoadBalancer      : No servers available for service: StreamingService
2026-03-23T14:23:32.063+07:00  WARN 14324 --- [CourseService] [pool-2-thread-1] RetryableFeignBlockingLoadBalancerClient : Service instance was not resolved, executing the original request
2026-03-23T14:24:07.214+07:00  INFO 14324 --- [CourseService] [scheduling-1] o.a.k.clients.producer.ProducerConfig    : ProducerConfig values: 
	acks = -1
	auto.include.jmx.reporter = true
	batch.size = 16384
	bootstrap.servers = [localhost:9092]
	buffer.memory = 33554432
	client.dns.lookup = use_all_dns_ips
	client.id = CourseService-producer-1
	compression.gzip.level = -1
	compression.lz4.level = 9
	compression.type = none
	compression.zstd.level = 3
	connections.max.idle.ms = 540000
	delivery.timeout.ms = 3000
	enable.idempotence = true
	enable.metrics.push = true
	interceptor.classes = []
	key.serializer = class org.apache.kafka.common.serialization.StringSerializer
	linger.ms = 0
	max.block.ms = 60000
	max.in.flight.requests.per.connection = 5
	max.request.size = 1048576
	metadata.max.age.ms = 300000
	metadata.max.idle.ms = 300000
	metadata.recovery.strategy = none
	metric.reporters = []
	metrics.num.samples = 2
	metrics.recording.level = INFO
	metrics.sample.window.ms = 30000
	partitioner.adaptive.partitioning.enable = true
	partitioner.availability.timeout.ms = 0
	partitioner.class = null
	partitioner.ignore.keys = false
	receive.buffer.bytes = 32768
	reconnect.backoff.max.ms = 1000
	reconnect.backoff.ms = 50
	request.timeout.ms = 2000
	retries = 1
	retry.backoff.max.ms = 1000
	retry.backoff.ms = 100
	sasl.client.callback.handler.class = null
	sasl.jaas.config = null
	sasl.kerberos.kinit.cmd = /usr/bin/kinit
	sasl.kerberos.min.time.before.relogin = 60000
	sasl.kerberos.service.name = null
	sasl.kerberos.ticket.renew.jitter = 0.05
	sasl.kerberos.ticket.renew.window.factor = 0.8
	sasl.login.callback.handler.class = null
	sasl.login.class = null
	sasl.login.connect.timeout.ms = null
	sasl.login.read.timeout.ms = null
	sasl.login.refresh.buffer.seconds = 300
	sasl.login.refresh.min.period.seconds = 60
	sasl.login.refresh.window.factor = 0.8
	sasl.login.refresh.window.jitter = 0.05
	sasl.login.retry.backoff.max.ms = 10000
	sasl.login.retry.backoff.ms = 100
	sasl.mechanism = GSSAPI
	sasl.oauthbearer.clock.skew.seconds = 30
	sasl.oauthbearer.expected.audience = null
	sasl.oauthbearer.expected.issuer = null
	sasl.oauthbearer.header.urlencode = false
	sasl.oauthbearer.jwks.endpoint.refresh.ms = 3600000
	sasl.oauthbearer.jwks.endpoint.retry.backoff.max.ms = 10000
	sasl.oauthbearer.jwks.endpoint.retry.backoff.ms = 100
	sasl.oauthbearer.jwks.endpoint.url = null
	sasl.oauthbearer.scope.claim.name = scope
	sasl.oauthbearer.sub.claim.name = sub
	sasl.oauthbearer.token.endpoint.url = null
	security.protocol = PLAINTEXT
	security.providers = null
	send.buffer.bytes = 131072
	socket.connection.setup.timeout.max.ms = 30000
	socket.connection.setup.timeout.ms = 10000
	ssl.cipher.suites = null
	ssl.enabled.protocols = [TLSv1.2, TLSv1.3]
	ssl.endpoint.identification.algorithm = https
	ssl.engine.factory.class = null
	ssl.key.password = null
	ssl.keymanager.algorithm = SunX509
	ssl.keystore.certificate.chain = null
	ssl.keystore.key = null
	ssl.keystore.location = null
	ssl.keystore.password = null
	ssl.keystore.type = JKS
	ssl.protocol = TLSv1.3
	ssl.provider = null
	ssl.secure.random.implementation = null
	ssl.trustmanager.algorithm = PKIX
	ssl.truststore.certificates = null
	ssl.truststore.location = null
	ssl.truststore.password = null
	ssl.truststore.type = JKS
	transaction.timeout.ms = 60000
	transactional.id = null
	value.serializer = class org.apache.kafka.common.serialization.StringSerializer

2026-03-23T14:24:07.215+07:00  INFO 14324 --- [CourseService] [scheduling-1] o.a.k.c.t.i.KafkaMetricsCollector        : initializing Kafka metrics collector
2026-03-23T14:24:07.226+07:00  INFO 14324 --- [CourseService] [scheduling-1] o.a.k.clients.producer.KafkaProducer     : [Producer clientId=CourseService-producer-1] Instantiated an idempotent producer.
2026-03-23T14:24:07.236+07:00  INFO 14324 --- [CourseService] [scheduling-1] o.a.kafka.common.utils.AppInfoParser     : Kafka version: 3.9.1
2026-03-23T14:24:07.236+07:00  INFO 14324 --- [CourseService] [scheduling-1] o.a.kafka.common.utils.AppInfoParser     : Kafka commitId: f745dfdcee2b9851
2026-03-23T14:24:07.236+07:00  INFO 14324 --- [CourseService] [scheduling-1] o.a.kafka.common.utils.AppInfoParser     : Kafka startTimeMs: 1774250647236
2026-03-23T14:24:07.242+07:00  INFO 14324 --- [CourseService] [kafka-producer-network-thread | CourseService-producer-1] org.apache.kafka.clients.Metadata        : [Producer clientId=CourseService-producer-1] Cluster ID: TRE_F3PdR4SDra-wI1dJvg
2026-03-23T14:24:07.479+07:00  INFO 14324 --- [CourseService] [kafka-producer-network-thread | CourseService-producer-1] o.a.k.c.p.internals.TransactionManager   : [Producer clientId=CourseService-producer-1] ProducerId set to 2000 with epoch 0
2026-03-23T14:24:46.460+07:00  INFO 14324 --- [CourseService] [AsyncResolver-bootstrap-executor-%d] c.n.d.s.r.aws.ConfigClusterResolver      : Resolving eureka endpoints via configuration
