2026-03-23T14:19:42.550+07:00  WARN 14324 --- [CourseService] [main] org.hibernate.orm.deprecation            : HHH90000025: MySQL8Dialect does not need to be specified explicitly using 'hibernate.dialect' (remove the property setting and it will be selected by default)
2026-03-23T14:19:42.551+07:00  WARN 14324 --- [CourseService] [main] org.hibernate.orm.deprecation            : HHH90000026: MySQL8Dialect has been deprecated; use org.hibernate.dialect.MySQLDialect instead
2026-03-23T14:19:44.444+07:00  WARN 14324 --- [CourseService] [main] JpaBaseConfiguration$JpaWebConfiguration : spring.jpa.open-in-view is enabled by default. Therefore, database queries may be performed during view rendering. Explicitly configure spring.jpa.open-in-view to disable this warning
2026-03-23T14:19:45.419+07:00  WARN 14324 --- [CourseService] [main] .s.s.UserDetailsServiceAutoConfiguration : 

Using generated security password: b6795155-b94d-442f-80b2-b36ec04c803a

This generated password is for development use only. Your security configuration must be updated before running your application in production.

2026-03-23T14:19:46.015+07:00  WARN 14324 --- [CourseService] [main] iguration$LoadBalancerCaffeineWarnLogger : Spring Cloud LoadBalancer is currently working with the default cache. While this cache implementation is useful for development and tests, it's recommended to use Caffeine cache in production.You can switch to using Caffeine cache, by adding it and org.springframework.cache.caffeine.CaffeineCacheManager to the classpath.
2026-03-23T14:22:34.849+07:00  WARN 14324 --- [CourseService] [pool-2-thread-1] o.s.c.l.core.RoundRobinLoadBalancer      : No servers available for service: StreamingService
2026-03-23T14:22:34.852+07:00  WARN 14324 --- [CourseService] [pool-2-thread-1] RetryableFeignBlockingLoadBalancerClient : Service instance was not resolved, executing the original request
2026-03-23T14:22:37.653+07:00  WARN 14324 --- [CourseService] [pool-2-thread-1] o.s.c.l.core.RoundRobinLoadBalancer      : No servers available for service: StreamingService
2026-03-23T14:22:37.653+07:00  WARN 14324 --- [CourseService] [pool-2-thread-1] RetryableFeignBlockingLoadBalancerClient : Service instance was not resolved, executing the original request
2026-03-23T14:22:44.290+07:00  WARN 14324 --- [CourseService] [pool-2-thread-1] o.s.c.l.core.RoundRobinLoadBalancer      : No servers available for service: StreamingService
2026-03-23T14:22:44.291+07:00  WARN 14324 --- [CourseService] [pool-2-thread-1] RetryableFeignBlockingLoadBalancerClient : Service instance was not resolved, executing the original request
2026-03-23T14:23:12.877+07:00  WARN 14324 --- [CourseService] [pool-2-thread-1] o.s.c.l.core.RoundRobinLoadBalancer      : No servers available for service: StreamingService
2026-03-23T14:23:12.877+07:00  WARN 14324 --- [CourseService] [pool-2-thread-1] RetryableFeignBlockingLoadBalancerClient : Service instance was not resolved, executing the original request
2026-03-23T14:23:15.375+07:00  WARN 14324 --- [CourseService] [pool-2-thread-1] o.s.c.l.core.RoundRobinLoadBalancer      : No servers available for service: StreamingService
2026-03-23T14:23:15.375+07:00  WARN 14324 --- [CourseService] [pool-2-thread-1] RetryableFeignBlockingLoadBalancerClient : Service instance was not resolved, executing the original request
2026-03-23T14:23:16.451+07:00  WARN 14324 --- [CourseService] [pool-2-thread-1] o.s.c.l.core.RoundRobinLoadBalancer      : No servers available for service: StreamingService
2026-03-23T14:23:16.452+07:00  WARN 14324 --- [CourseService] [pool-2-thread-1] RetryableFeignBlockingLoadBalancerClient : Service instance was not resolved, executing the original request
2026-03-23T14:23:28.723+07:00  WARN 14324 --- [CourseService] [pool-2-thread-1] o.s.c.l.core.RoundRobinLoadBalancer      : No servers available for service: StreamingService
2026-03-23T14:23:28.724+07:00  WARN 14324 --- [CourseService] [pool-2-thread-1] RetryableFeignBlockingLoadBalancerClient : Service instance was not resolved, executing the original request
2026-03-23T14:23:31.001+07:00  WARN 14324 --- [CourseService] [pool-2-thread-1] o.s.c.l.core.RoundRobinLoadBalancer      : No servers available for service: StreamingService
2026-03-23T14:23:31.003+07:00  WARN 14324 --- [CourseService] [pool-2-thread-1] RetryableFeignBlockingLoadBalancerClient : Service instance was not resolved, executing the original request
2026-03-23T14:23:32.063+07:00  WARN 14324 --- [CourseService] [pool-2-thread-1] o.s.c.l.core.RoundRobinLoadBalancer      : No servers available for service: StreamingService
2026-03-23T14:23:32.063+07:00  WARN 14324 --- [CourseService] [pool-2-thread-1] RetryableFeignBlockingLoadBalancerClient : Service instance was not resolved, executing the original request
