2026-03-23T14:20:54.007+07:00  INFO 25132 --- [PaymentService] [main] c.e.P.PaymentServiceApplication          : Starting PaymentServiceApplication using Java 25.0.1 with PID 25132 (C:\Users\vuna1\Desktop\learniverse\learniverse\PaymentService\target\classes started by vuna1 in C:\Users\vuna1\Desktop\learniverse\learniverse)
2026-03-23T14:20:54.010+07:00  INFO 25132 --- [PaymentService] [main] c.e.P.PaymentServiceApplication          : No active profile set, falling back to 1 default profile: "default"
2026-03-23T14:20:54.039+07:00  INFO 25132 --- [PaymentService] [main] o.s.c.c.c.ConfigServerConfigDataLoader   : Fetching config from server at : http://localhost:8082
2026-03-23T14:20:54.041+07:00  INFO 25132 --- [PaymentService] [main] o.s.c.c.c.ConfigServerConfigDataLoader   : Located environment: name=PaymentService, profiles=[default], label=null, version=null, state=null
2026-03-23T14:20:54.960+07:00  INFO 25132 --- [PaymentService] [main] .s.d.r.c.RepositoryConfigurationDelegate : Bootstrapping Spring Data JPA repositories in DEFAULT mode.
2026-03-23T14:20:55.055+07:00  INFO 25132 --- [PaymentService] [main] .s.d.r.c.RepositoryConfigurationDelegate : Finished Spring Data repository scanning in 89 ms. Found 2 JPA repository interfaces.
2026-03-23T14:20:55.299+07:00  INFO 25132 --- [PaymentService] [main] o.s.cloud.context.scope.GenericScope     : BeanFactory id=032d40ec-2307-3e3d-90a8-81081b7a6ae1
2026-03-23T14:20:55.746+07:00  INFO 25132 --- [PaymentService] [main] o.s.b.w.embedded.tomcat.TomcatWebServer  : Tomcat initialized with port 8088 (http)
2026-03-23T14:20:55.755+07:00  INFO 25132 --- [PaymentService] [main] o.apache.catalina.core.StandardService   : Starting service [Tomcat]
2026-03-23T14:20:55.755+07:00  INFO 25132 --- [PaymentService] [main] o.apache.catalina.core.StandardEngine    : Starting Servlet engine: [Apache Tomcat/10.1.42]
2026-03-23T14:20:55.805+07:00  INFO 25132 --- [PaymentService] [main] o.a.c.c.C.[Tomcat].[localhost].[/]       : Initializing Spring embedded WebApplicationContext
2026-03-23T14:20:55.806+07:00  INFO 25132 --- [PaymentService] [main] w.s.c.ServletWebServerApplicationContext : Root WebApplicationContext: initialization completed in 1761 ms
2026-03-23T14:20:56.090+07:00  INFO 25132 --- [PaymentService] [main] o.hibernate.jpa.internal.util.LogHelper  : HHH000204: Processing PersistenceUnitInfo [name: default]
2026-03-23T14:20:56.118+07:00  INFO 25132 --- [PaymentService] [main] org.hibernate.Version                    : HHH000412: Hibernate ORM core version 6.6.18.Final
2026-03-23T14:20:56.137+07:00  INFO 25132 --- [PaymentService] [main] o.h.c.internal.RegionFactoryInitiator    : HHH000026: Second-level cache disabled
2026-03-23T14:20:56.300+07:00  INFO 25132 --- [PaymentService] [main] o.s.o.j.p.SpringPersistenceUnitInfo      : No LoadTimeWeaver setup: ignoring JPA class transformer
2026-03-23T14:20:56.319+07:00  INFO 25132 --- [PaymentService] [main] com.zaxxer.hikari.HikariDataSource       : HikariPool-1 - Starting...
2026-03-23T14:20:56.520+07:00  INFO 25132 --- [PaymentService] [main] com.zaxxer.hikari.pool.HikariPool        : HikariPool-1 - Added connection com.mysql.cj.jdbc.ConnectionImpl@322399e6
2026-03-23T14:20:56.521+07:00  INFO 25132 --- [PaymentService] [main] com.zaxxer.hikari.HikariDataSource       : HikariPool-1 - Start completed.
2026-03-23T14:20:56.549+07:00  WARN 25132 --- [PaymentService] [main] org.hibernate.orm.deprecation            : HHH90000025: MySQL8Dialect does not need to be specified explicitly using 'hibernate.dialect' (remove the property setting and it will be selected by default)
2026-03-23T14:20:56.550+07:00  WARN 25132 --- [PaymentService] [main] org.hibernate.orm.deprecation            : HHH90000026: MySQL8Dialect has been deprecated; use org.hibernate.dialect.MySQLDialect instead
2026-03-23T14:20:56.560+07:00  INFO 25132 --- [PaymentService] [main] org.hibernate.orm.connections.pooling    : HHH10001005: Database info:
	Database JDBC URL [Connecting through datasource 'HikariDataSource (HikariPool-1)']
	Database driver: undefined/unknown
	Database version: 8.0
	Autocommit mode: undefined/unknown
	Isolation level: undefined/unknown
	Minimum pool size: undefined/unknown
	Maximum pool size: undefined/unknown
2026-03-23T14:20:57.061+07:00  INFO 25132 --- [PaymentService] [main] o.h.e.t.j.p.i.JtaPlatformInitiator       : HHH000489: No JTA platform available (set 'hibernate.transaction.jta.platform' to enable JTA platform integration)
2026-03-23T14:20:57.096+07:00  INFO 25132 --- [PaymentService] [main] j.LocalContainerEntityManagerFactoryBean : Initialized JPA EntityManagerFactory for persistence unit 'default'
2026-03-23T14:20:57.282+07:00  INFO 25132 --- [PaymentService] [main] o.s.d.j.r.query.QueryEnhancerFactory     : Hibernate is in classpath; If applicable, HQL parser will be used.
2026-03-23T14:20:57.656+07:00  WARN 25132 --- [PaymentService] [main] JpaBaseConfiguration$JpaWebConfiguration : spring.jpa.open-in-view is enabled by default. Therefore, database queries may be performed during view rendering. Explicitly configure spring.jpa.open-in-view to disable this warning
2026-03-23T14:20:58.238+07:00  INFO 25132 --- [PaymentService] [main] o.s.b.a.e.web.EndpointLinksResolver      : Exposing 26 endpoints beneath base path '/actuator'
2026-03-23T14:20:58.278+07:00  WARN 25132 --- [PaymentService] [main] .s.s.UserDetailsServiceAutoConfiguration : 

Using generated security password: 9bda4a90-70e6-471c-a0b6-14388e899667

This generated password is for development use only. Your security configuration must be updated before running your application in production.

2026-03-23T14:20:58.285+07:00  INFO 25132 --- [PaymentService] [main] r$InitializeUserDetailsManagerConfigurer : Global AuthenticationManager configured with UserDetailsService bean with name inMemoryUserDetailsManager
2026-03-23T14:20:58.845+07:00  INFO 25132 --- [PaymentService] [main] DiscoveryClientOptionalArgsConfiguration : Eureka HTTP Client uses RestTemplate.
2026-03-23T14:20:58.902+07:00  WARN 25132 --- [PaymentService] [main] iguration$LoadBalancerCaffeineWarnLogger : Spring Cloud LoadBalancer is currently working with the default cache. While this cache implementation is useful for development and tests, it's recommended to use Caffeine cache in production.You can switch to using Caffeine cache, by adding it and org.springframework.cache.caffeine.CaffeineCacheManager to the classpath.
2026-03-23T14:20:59.004+07:00  INFO 25132 --- [PaymentService] [main] o.a.k.clients.admin.AdminClientConfig    : AdminClientConfig values: 
	auto.include.jmx.reporter = true
	bootstrap.controllers = []
	bootstrap.servers = [localhost:9092]
	client.dns.lookup = use_all_dns_ips
	client.id = PaymentService-admin-0
	connections.max.idle.ms = 300000
	default.api.timeout.ms = 60000
	enable.metrics.push = true
	metadata.max.age.ms = 300000
	metadata.recovery.strategy = none
	metric.reporters = []
	metrics.num.samples = 2
	metrics.recording.level = INFO
	metrics.sample.window.ms = 30000
	receive.buffer.bytes = 65536
	reconnect.backoff.max.ms = 1000
	reconnect.backoff.ms = 50
	request.timeout.ms = 30000
	retries = 2147483647
	retry.backoff.max.ms = 1000
	retry.backoff.ms = 100
	sasl.client.callback.handler.class = null
	sasl.jaas.config = null
	sasl.kerberos.kinit.cmd = /usr/bin/kinit
	sasl.kerberos.min.time.before.relogin = 60000
	sasl.kerberos.service.name = null
	sasl.kerberos.ticket.renew.jitter = 0.05
	sasl.kerberos.ticket.renew.window.factor = 0.8
	sasl.login.callback.handler.class = null
	sasl.login.class = null
	sasl.login.connect.timeout.ms = null
	sasl.login.read.timeout.ms = null
	sasl.login.refresh.buffer.seconds = 300
	sasl.login.refresh.min.period.seconds = 60
	sasl.login.refresh.window.factor = 0.8
	sasl.login.refresh.window.jitter = 0.05
	sasl.login.retry.backoff.max.ms = 10000
	sasl.login.retry.backoff.ms = 100
	sasl.mechanism = GSSAPI
	sasl.oauthbearer.clock.skew.seconds = 30
	sasl.oauthbearer.expected.audience = null
	sasl.oauthbearer.expected.issuer = null
	sasl.oauthbearer.header.urlencode = false
	sasl.oauthbearer.jwks.endpoint.refresh.ms = 3600000
	sasl.oauthbearer.jwks.endpoint.retry.backoff.max.ms = 10000
	sasl.oauthbearer.jwks.endpoint.retry.backoff.ms = 100
	sasl.oauthbearer.jwks.endpoint.url = null
	sasl.oauthbearer.scope.claim.name = scope
	sasl.oauthbearer.sub.claim.name = sub
	sasl.oauthbearer.token.endpoint.url = null
	security.protocol = PLAINTEXT
	security.providers = null
	send.buffer.bytes = 131072
	socket.connection.setup.timeout.max.ms = 30000
	socket.connection.setup.timeout.ms = 10000
	ssl.cipher.suites = null
	ssl.enabled.protocols = [TLSv1.2, TLSv1.3]
	ssl.endpoint.identification.algorithm = https
	ssl.engine.factory.class = null
	ssl.key.password = null
	ssl.keymanager.algorithm = SunX509
	ssl.keystore.certificate.chain = null
	ssl.keystore.key = null
	ssl.keystore.location = null
	ssl.keystore.password = null
	ssl.keystore.type = JKS
	ssl.protocol = TLSv1.3
	ssl.provider = null
	ssl.secure.random.implementation = null
	ssl.trustmanager.algorithm = PKIX
	ssl.truststore.certificates = null
	ssl.truststore.location = null
	ssl.truststore.password = null
	ssl.truststore.type = JKS

2026-03-23T14:20:59.082+07:00  INFO 25132 --- [PaymentService] [main] o.a.kafka.common.utils.AppInfoParser     : Kafka version: 3.9.1
2026-03-23T14:20:59.082+07:00  INFO 25132 --- [PaymentService] [main] o.a.kafka.common.utils.AppInfoParser     : Kafka commitId: f745dfdcee2b9851
2026-03-23T14:20:59.083+07:00  INFO 25132 --- [PaymentService] [main] o.a.kafka.common.utils.AppInfoParser     : Kafka startTimeMs: 1774250459081
2026-03-23T14:20:59.334+07:00  INFO 25132 --- [PaymentService] [kafka-admin-client-thread | PaymentService-admin-0] o.a.kafka.common.utils.AppInfoParser     : App info kafka.admin.client for PaymentService-admin-0 unregistered
2026-03-23T14:20:59.337+07:00  INFO 25132 --- [PaymentService] [kafka-admin-client-thread | PaymentService-admin-0] o.apache.kafka.common.metrics.Metrics    : Metrics scheduler closed
2026-03-23T14:20:59.337+07:00  INFO 25132 --- [PaymentService] [kafka-admin-client-thread | PaymentService-admin-0] o.apache.kafka.common.metrics.Metrics    : Closing reporter org.apache.kafka.common.metrics.JmxReporter
2026-03-23T14:20:59.337+07:00  INFO 25132 --- [PaymentService] [kafka-admin-client-thread | PaymentService-admin-0] o.apache.kafka.common.metrics.Metrics    : Metrics reporters closed
2026-03-23T14:20:59.350+07:00  INFO 25132 --- [PaymentService] [main] o.s.c.n.eureka.InstanceInfoFactory       : Setting initial instance status as: STARTING
2026-03-23T14:20:59.366+07:00  INFO 25132 --- [PaymentService] [main] com.netflix.discovery.DiscoveryClient    : Initializing Eureka in region us-east-1
2026-03-23T14:20:59.368+07:00  INFO 25132 --- [PaymentService] [main] c.n.d.s.r.aws.ConfigClusterResolver      : Resolving eureka endpoints via configuration
2026-03-23T14:20:59.374+07:00  INFO 25132 --- [PaymentService] [main] com.netflix.discovery.DiscoveryClient    : Disable delta property : false
2026-03-23T14:20:59.374+07:00  INFO 25132 --- [PaymentService] [main] com.netflix.discovery.DiscoveryClient    : Single vip registry refresh property : null
2026-03-23T14:20:59.375+07:00  INFO 25132 --- [PaymentService] [main] com.netflix.discovery.DiscoveryClient    : Force full registry fetch : false
2026-03-23T14:20:59.375+07:00  INFO 25132 --- [PaymentService] [main] com.netflix.discovery.DiscoveryClient    : Application is null : false
2026-03-23T14:20:59.375+07:00  INFO 25132 --- [PaymentService] [main] com.netflix.discovery.DiscoveryClient    : Registered Applications size is zero : true
2026-03-23T14:20:59.375+07:00  INFO 25132 --- [PaymentService] [main] com.netflix.discovery.DiscoveryClient    : Application version is -1: true
2026-03-23T14:20:59.375+07:00  INFO 25132 --- [PaymentService] [main] com.netflix.discovery.DiscoveryClient    : Getting all instance registry info from the eureka server
2026-03-23T14:20:59.534+07:00  INFO 25132 --- [PaymentService] [main] com.netflix.discovery.DiscoveryClient    : The response status is 200
2026-03-23T14:20:59.535+07:00  INFO 25132 --- [PaymentService] [main] com.netflix.discovery.DiscoveryClient    : Starting heartbeat executor: renew interval is: 30
2026-03-23T14:20:59.536+07:00  INFO 25132 --- [PaymentService] [main] c.n.discovery.InstanceInfoReplicator     : InstanceInfoReplicator onDemand update allowed rate per min is 4
2026-03-23T14:20:59.537+07:00  INFO 25132 --- [PaymentService] [main] com.netflix.discovery.DiscoveryClient    : Discovery Client initialized at timestamp 1774250459537 with initial instances count: 4
2026-03-23T14:20:59.545+07:00  INFO 25132 --- [PaymentService] [main] o.s.c.n.e.s.EurekaServiceRegistry        : Registering application PAYMENTSERVICE with eureka with status UP
2026-03-23T14:20:59.545+07:00  INFO 25132 --- [PaymentService] [main] com.netflix.discovery.DiscoveryClient    : Saw local status change event StatusChangeEvent [timestamp=1774250459545, current=UP, previous=STARTING]
2026-03-23T14:20:59.546+07:00  INFO 25132 --- [PaymentService] [DiscoveryClient-InstanceInfoReplicator-%d] com.netflix.discovery.DiscoveryClient    : DiscoveryClient_PAYMENTSERVICE/host.docker.internal:PaymentService:8088: registering service...
2026-03-23T14:20:59.555+07:00  INFO 25132 --- [PaymentService] [main] o.s.b.w.embedded.tomcat.TomcatWebServer  : Tomcat started on port 8088 (http) with context path '/'
2026-03-23T14:20:59.556+07:00  INFO 25132 --- [PaymentService] [main] .s.c.n.e.s.EurekaAutoServiceRegistration : Updating port to 8088
2026-03-23T14:20:59.572+07:00  INFO 25132 --- [PaymentService] [DiscoveryClient-InstanceInfoReplicator-%d] com.netflix.discovery.DiscoveryClient    : DiscoveryClient_PAYMENTSERVICE/host.docker.internal:PaymentService:8088 - registration status: 204
2026-03-23T14:20:59.578+07:00  INFO 25132 --- [PaymentService] [main] o.a.k.clients.consumer.ConsumerConfig    : ConsumerConfig values: 
	allow.auto.create.topics = true
	auto.commit.interval.ms = 5000
	auto.include.jmx.reporter = true
	auto.offset.reset = earliest
	bootstrap.servers = [localhost:9092]
	check.crcs = true
	client.dns.lookup = use_all_dns_ips
	client.id = consumer-payment-group-1
	client.rack = 
	connections.max.idle.ms = 540000
	default.api.timeout.ms = 60000
	enable.auto.commit = false
	enable.metrics.push = true
	exclude.internal.topics = true
	fetch.max.bytes = 52428800
	fetch.max.wait.ms = 500
	fetch.min.bytes = 1
	group.id = payment-group
	group.instance.id = null
	group.protocol = classic
	group.remote.assignor = null
	heartbeat.interval.ms = 3000
	interceptor.classes = []
	internal.leave.group.on.close = true
	internal.throw.on.fetch.stable.offset.unsupported = false
	isolation.level = read_uncommitted
	key.deserializer = class org.apache.kafka.common.serialization.StringDeserializer
	max.partition.fetch.bytes = 1048576
	max.poll.interval.ms = 300000
	max.poll.records = 500
	metadata.max.age.ms = 300000
	metadata.recovery.strategy = none
	metric.reporters = []
	metrics.num.samples = 2
	metrics.recording.level = INFO
	metrics.sample.window.ms = 30000
	partition.assignment.strategy = [class org.apache.kafka.clients.consumer.RangeAssignor, class org.apache.kafka.clients.consumer.CooperativeStickyAssignor]
	receive.buffer.bytes = 65536
	reconnect.backoff.max.ms = 1000
	reconnect.backoff.ms = 50
	request.timeout.ms = 30000
	retry.backoff.max.ms = 1000
	retry.backoff.ms = 100
	sasl.client.callback.handler.class = null
	sasl.jaas.config = null
	sasl.kerberos.kinit.cmd = /usr/bin/kinit
	sasl.kerberos.min.time.before.relogin = 60000
	sasl.kerberos.service.name = null
	sasl.kerberos.ticket.renew.jitter = 0.05
	sasl.kerberos.ticket.renew.window.factor = 0.8
	sasl.login.callback.handler.class = null
	sasl.login.class = null
	sasl.login.connect.timeout.ms = null
	sasl.login.read.timeout.ms = null
	sasl.login.refresh.buffer.seconds = 300
	sasl.login.refresh.min.period.seconds = 60
	sasl.login.refresh.window.factor = 0.8
	sasl.login.refresh.window.jitter = 0.05
	sasl.login.retry.backoff.max.ms = 10000
	sasl.login.retry.backoff.ms = 100
	sasl.mechanism = GSSAPI
	sasl.oauthbearer.clock.skew.seconds = 30
	sasl.oauthbearer.expected.audience = null
	sasl.oauthbearer.expected.issuer = null
	sasl.oauthbearer.header.urlencode = false
	sasl.oauthbearer.jwks.endpoint.refresh.ms = 3600000
	sasl.oauthbearer.jwks.endpoint.retry.backoff.max.ms = 10000
	sasl.oauthbearer.jwks.endpoint.retry.backoff.ms = 100
	sasl.oauthbearer.jwks.endpoint.url = null
	sasl.oauthbearer.scope.claim.name = scope
	sasl.oauthbearer.sub.claim.name = sub
	sasl.oauthbearer.token.endpoint.url = null
	security.protocol = PLAINTEXT
	security.providers = null
	send.buffer.bytes = 131072
	session.timeout.ms = 45000
	socket.connection.setup.timeout.max.ms = 30000
	socket.connection.setup.timeout.ms = 10000
	ssl.cipher.suites = null
	ssl.enabled.protocols = [TLSv1.2, TLSv1.3]
	ssl.endpoint.identification.algorithm = https
	ssl.engine.factory.class = null
	ssl.key.password = null
	ssl.keymanager.algorithm = SunX509
	ssl.keystore.certificate.chain = null
	ssl.keystore.key = null
	ssl.keystore.location = null
	ssl.keystore.password = null
	ssl.keystore.type = JKS
	ssl.protocol = TLSv1.3
	ssl.provider = null
	ssl.secure.random.implementation = null
	ssl.trustmanager.algorithm = PKIX
	ssl.truststore.certificates = null
	ssl.truststore.location = null
	ssl.truststore.password = null
	ssl.truststore.type = JKS
	value.deserializer = class org.apache.kafka.common.serialization.StringDeserializer

2026-03-23T14:20:59.604+07:00  INFO 25132 --- [PaymentService] [main] o.a.k.c.t.i.KafkaMetricsCollector        : initializing Kafka metrics collector
2026-03-23T14:20:59.635+07:00  INFO 25132 --- [PaymentService] [main] o.a.k.clients.consumer.ConsumerConfig    : These configurations '[spring.json.trusted.packages]' were supplied but are not used yet.
2026-03-23T14:20:59.635+07:00  INFO 25132 --- [PaymentService] [main] o.a.kafka.common.utils.AppInfoParser     : Kafka version: 3.9.1
2026-03-23T14:20:59.635+07:00  INFO 25132 --- [PaymentService] [main] o.a.kafka.common.utils.AppInfoParser     : Kafka commitId: f745dfdcee2b9851
2026-03-23T14:20:59.635+07:00  INFO 25132 --- [PaymentService] [main] o.a.kafka.common.utils.AppInfoParser     : Kafka startTimeMs: 1774250459635
2026-03-23T14:20:59.641+07:00  INFO 25132 --- [PaymentService] [main] o.a.k.c.c.i.ClassicKafkaConsumer         : [Consumer clientId=consumer-payment-group-1, groupId=payment-group] Subscribed to topic(s): enrollment-success
2026-03-23T14:20:59.647+07:00  INFO 25132 --- [PaymentService] [main] o.a.k.clients.consumer.ConsumerConfig    : ConsumerConfig values: 
	allow.auto.create.topics = true
	auto.commit.interval.ms = 5000
	auto.include.jmx.reporter = true
	auto.offset.reset = earliest
	bootstrap.servers = [localhost:9092]
	check.crcs = true
	client.dns.lookup = use_all_dns_ips
	client.id = consumer-payment-group-2
	client.rack = 
	connections.max.idle.ms = 540000
	default.api.timeout.ms = 60000
	enable.auto.commit = false
	enable.metrics.push = true
	exclude.internal.topics = true
	fetch.max.bytes = 52428800
	fetch.max.wait.ms = 500
	fetch.min.bytes = 1
	group.id = payment-group
	group.instance.id = null
	group.protocol = classic
	group.remote.assignor = null
	heartbeat.interval.ms = 3000
	interceptor.classes = []
	internal.leave.group.on.close = true
	internal.throw.on.fetch.stable.offset.unsupported = false
	isolation.level = read_uncommitted
	key.deserializer = class org.apache.kafka.common.serialization.StringDeserializer
	max.partition.fetch.bytes = 1048576
	max.poll.interval.ms = 300000
	max.poll.records = 500
	metadata.max.age.ms = 300000
	metadata.recovery.strategy = none
	metric.reporters = []
	metrics.num.samples = 2
	metrics.recording.level = INFO
	metrics.sample.window.ms = 30000
	partition.assignment.strategy = [class org.apache.kafka.clients.consumer.RangeAssignor, class org.apache.kafka.clients.consumer.CooperativeStickyAssignor]
	receive.buffer.bytes = 65536
	reconnect.backoff.max.ms = 1000
	reconnect.backoff.ms = 50
	request.timeout.ms = 30000
	retry.backoff.max.ms = 1000
	retry.backoff.ms = 100
	sasl.client.callback.handler.class = null
	sasl.jaas.config = null
	sasl.kerberos.kinit.cmd = /usr/bin/kinit
	sasl.kerberos.min.time.before.relogin = 60000
	sasl.kerberos.service.name = null
	sasl.kerberos.ticket.renew.jitter = 0.05
	sasl.kerberos.ticket.renew.window.factor = 0.8
	sasl.login.callback.handler.class = null
	sasl.login.class = null
	sasl.login.connect.timeout.ms = null
	sasl.login.read.timeout.ms = null
	sasl.login.refresh.buffer.seconds = 300
	sasl.login.refresh.min.period.seconds = 60
	sasl.login.refresh.window.factor = 0.8
	sasl.login.refresh.window.jitter = 0.05
	sasl.login.retry.backoff.max.ms = 10000
	sasl.login.retry.backoff.ms = 100
	sasl.mechanism = GSSAPI
	sasl.oauthbearer.clock.skew.seconds = 30
	sasl.oauthbearer.expected.audience = null
	sasl.oauthbearer.expected.issuer = null
	sasl.oauthbearer.header.urlencode = false
	sasl.oauthbearer.jwks.endpoint.refresh.ms = 3600000
	sasl.oauthbearer.jwks.endpoint.retry.backoff.max.ms = 10000
	sasl.oauthbearer.jwks.endpoint.retry.backoff.ms = 100
	sasl.oauthbearer.jwks.endpoint.url = null
	sasl.oauthbearer.scope.claim.name = scope
	sasl.oauthbearer.sub.claim.name = sub
	sasl.oauthbearer.token.endpoint.url = null
	security.protocol = PLAINTEXT
	security.providers = null
	send.buffer.bytes = 131072
	session.timeout.ms = 45000
	socket.connection.setup.timeout.max.ms = 30000
	socket.connection.setup.timeout.ms = 10000
	ssl.cipher.suites = null
	ssl.enabled.protocols = [TLSv1.2, TLSv1.3]
	ssl.endpoint.identification.algorithm = https
	ssl.engine.factory.class = null
	ssl.key.password = null
	ssl.keymanager.algorithm = SunX509
	ssl.keystore.certificate.chain = null
	ssl.keystore.key = null
	ssl.keystore.location = null
	ssl.keystore.password = null
	ssl.keystore.type = JKS
	ssl.protocol = TLSv1.3
	ssl.provider = null
	ssl.secure.random.implementation = null
	ssl.trustmanager.algorithm = PKIX
	ssl.truststore.certificates = null
	ssl.truststore.location = null
	ssl.truststore.password = null
	ssl.truststore.type = JKS
	value.deserializer = class org.apache.kafka.common.serialization.StringDeserializer

2026-03-23T14:20:59.648+07:00  INFO 25132 --- [PaymentService] [main] o.a.k.c.t.i.KafkaMetricsCollector        : initializing Kafka metrics collector
2026-03-23T14:20:59.652+07:00  INFO 25132 --- [PaymentService] [main] o.a.k.clients.consumer.ConsumerConfig    : These configurations '[spring.json.trusted.packages]' were supplied but are not used yet.
2026-03-23T14:20:59.652+07:00  INFO 25132 --- [PaymentService] [main] o.a.kafka.common.utils.AppInfoParser     : Kafka version: 3.9.1
2026-03-23T14:20:59.653+07:00  INFO 25132 --- [PaymentService] [main] o.a.kafka.common.utils.AppInfoParser     : Kafka commitId: f745dfdcee2b9851
2026-03-23T14:20:59.653+07:00  INFO 25132 --- [PaymentService] [main] o.a.kafka.common.utils.AppInfoParser     : Kafka startTimeMs: 1774250459652
2026-03-23T14:20:59.656+07:00  INFO 25132 --- [PaymentService] [main] o.a.k.c.c.i.ClassicKafkaConsumer         : [Consumer clientId=consumer-payment-group-2, groupId=payment-group] Subscribed to topic(s): enrollment-fail
2026-03-23T14:20:59.659+07:00  INFO 25132 --- [PaymentService] [org.springframework.kafka.KafkaListenerEndpointContainer#0-0-C-1] org.apache.kafka.clients.Metadata        : [Consumer clientId=consumer-payment-group-1, groupId=payment-group] Cluster ID: TRE_F3PdR4SDra-wI1dJvg
2026-03-23T14:20:59.659+07:00  INFO 25132 --- [PaymentService] [org.springframework.kafka.KafkaListenerEndpointContainer#0-0-C-1] o.a.k.c.c.internals.ConsumerCoordinator  : [Consumer clientId=consumer-payment-group-1, groupId=payment-group] Discovered group coordinator localhost:9092 (id: 2147483646 rack: null)
2026-03-23T14:20:59.661+07:00  INFO 25132 --- [PaymentService] [org.springframework.kafka.KafkaListenerEndpointContainer#0-0-C-1] o.a.k.c.c.internals.ConsumerCoordinator  : [Consumer clientId=consumer-payment-group-1, groupId=payment-group] (Re-)joining group
2026-03-23T14:20:59.662+07:00  INFO 25132 --- [PaymentService] [org.springframework.kafka.KafkaListenerEndpointContainer#1-0-C-1] org.apache.kafka.clients.Metadata        : [Consumer clientId=consumer-payment-group-2, groupId=payment-group] Cluster ID: TRE_F3PdR4SDra-wI1dJvg
2026-03-23T14:20:59.662+07:00  INFO 25132 --- [PaymentService] [org.springframework.kafka.KafkaListenerEndpointContainer#1-0-C-1] o.a.k.c.c.internals.ConsumerCoordinator  : [Consumer clientId=consumer-payment-group-2, groupId=payment-group] Discovered group coordinator localhost:9092 (id: 2147483646 rack: null)
2026-03-23T14:20:59.663+07:00  INFO 25132 --- [PaymentService] [org.springframework.kafka.KafkaListenerEndpointContainer#1-0-C-1] o.a.k.c.c.internals.ConsumerCoordinator  : [Consumer clientId=consumer-payment-group-2, groupId=payment-group] (Re-)joining group
2026-03-23T14:20:59.669+07:00  INFO 25132 --- [PaymentService] [main] c.e.P.PaymentServiceApplication          : Started PaymentServiceApplication in 6.391 seconds (process running for 6.769)
2026-03-23T14:20:59.673+07:00  INFO 25132 --- [PaymentService] [org.springframework.kafka.KafkaListenerEndpointContainer#0-0-C-1] o.a.k.c.c.internals.ConsumerCoordinator  : [Consumer clientId=consumer-payment-group-1, groupId=payment-group] Request joining group due to: need to re-join with the given member-id: consumer-payment-group-1-bc6ca8d6-a919-4516-986b-f1446ab4a5e8
2026-03-23T14:20:59.673+07:00  INFO 25132 --- [PaymentService] [org.springframework.kafka.KafkaListenerEndpointContainer#0-0-C-1] o.a.k.c.c.internals.ConsumerCoordinator  : [Consumer clientId=consumer-payment-group-1, groupId=payment-group] (Re-)joining group
2026-03-23T14:20:59.674+07:00  INFO 25132 --- [PaymentService] [org.springframework.kafka.KafkaListenerEndpointContainer#1-0-C-1] o.a.k.c.c.internals.ConsumerCoordinator  : [Consumer clientId=consumer-payment-group-2, groupId=payment-group] Request joining group due to: need to re-join with the given member-id: consumer-payment-group-2-1806724d-6fa2-42ff-86da-1a53259d68f3
2026-03-23T14:20:59.675+07:00  INFO 25132 --- [PaymentService] [org.springframework.kafka.KafkaListenerEndpointContainer#1-0-C-1] o.a.k.c.c.internals.ConsumerCoordinator  : [Consumer clientId=consumer-payment-group-2, groupId=payment-group] (Re-)joining group
2026-03-23T14:21:02.678+07:00  INFO 25132 --- [PaymentService] [org.springframework.kafka.KafkaListenerEndpointContainer#1-0-C-1] o.a.k.c.c.internals.ConsumerCoordinator  : [Consumer clientId=consumer-payment-group-2, groupId=payment-group] Successfully joined group with generation Generation{generationId=67, memberId='consumer-payment-group-2-1806724d-6fa2-42ff-86da-1a53259d68f3', protocol='range'}
2026-03-23T14:21:02.678+07:00  INFO 25132 --- [PaymentService] [org.springframework.kafka.KafkaListenerEndpointContainer#0-0-C-1] o.a.k.c.c.internals.ConsumerCoordinator  : [Consumer clientId=consumer-payment-group-1, groupId=payment-group] Successfully joined group with generation Generation{generationId=67, memberId='consumer-payment-group-1-bc6ca8d6-a919-4516-986b-f1446ab4a5e8', protocol='range'}
2026-03-23T14:21:02.689+07:00  INFO 25132 --- [PaymentService] [org.springframework.kafka.KafkaListenerEndpointContainer#0-0-C-1] o.a.k.c.c.internals.ConsumerCoordinator  : [Consumer clientId=consumer-payment-group-1, groupId=payment-group] Finished assignment for group at generation 67: {consumer-payment-group-2-1806724d-6fa2-42ff-86da-1a53259d68f3=Assignment(partitions=[enrollment-fail-0]), consumer-payment-group-1-bc6ca8d6-a919-4516-986b-f1446ab4a5e8=Assignment(partitions=[enrollment-success-0])}
2026-03-23T14:21:02.696+07:00  INFO 25132 --- [PaymentService] [org.springframework.kafka.KafkaListenerEndpointContainer#0-0-C-1] o.a.k.c.c.internals.ConsumerCoordinator  : [Consumer clientId=consumer-payment-group-1, groupId=payment-group] Successfully synced group in generation Generation{generationId=67, memberId='consumer-payment-group-1-bc6ca8d6-a919-4516-986b-f1446ab4a5e8', protocol='range'}
2026-03-23T14:21:02.696+07:00  INFO 25132 --- [PaymentService] [org.springframework.kafka.KafkaListenerEndpointContainer#1-0-C-1] o.a.k.c.c.internals.ConsumerCoordinator  : [Consumer clientId=consumer-payment-group-2, groupId=payment-group] Successfully synced group in generation Generation{generationId=67, memberId='consumer-payment-group-2-1806724d-6fa2-42ff-86da-1a53259d68f3', protocol='range'}
2026-03-23T14:21:02.698+07:00  INFO 25132 --- [PaymentService] [org.springframework.kafka.KafkaListenerEndpointContainer#0-0-C-1] o.a.k.c.c.internals.ConsumerCoordinator  : [Consumer clientId=consumer-payment-group-1, groupId=payment-group] Notifying assignor about the new Assignment(partitions=[enrollment-success-0])
2026-03-23T14:21:02.698+07:00  INFO 25132 --- [PaymentService] [org.springframework.kafka.KafkaListenerEndpointContainer#1-0-C-1] o.a.k.c.c.internals.ConsumerCoordinator  : [Consumer clientId=consumer-payment-group-2, groupId=payment-group] Notifying assignor about the new Assignment(partitions=[enrollment-fail-0])
2026-03-23T14:21:02.701+07:00  INFO 25132 --- [PaymentService] [org.springframework.kafka.KafkaListenerEndpointContainer#0-0-C-1] k.c.c.i.ConsumerRebalanceListenerInvoker : [Consumer clientId=consumer-payment-group-1, groupId=payment-group] Adding newly assigned partitions: enrollment-success-0
2026-03-23T14:21:02.701+07:00  INFO 25132 --- [PaymentService] [org.springframework.kafka.KafkaListenerEndpointContainer#1-0-C-1] k.c.c.i.ConsumerRebalanceListenerInvoker : [Consumer clientId=consumer-payment-group-2, groupId=payment-group] Adding newly assigned partitions: enrollment-fail-0
2026-03-23T14:21:02.710+07:00  INFO 25132 --- [PaymentService] [org.springframework.kafka.KafkaListenerEndpointContainer#1-0-C-1] o.a.k.c.c.internals.ConsumerCoordinator  : [Consumer clientId=consumer-payment-group-2, groupId=payment-group] Found no committed offset for partition enrollment-fail-0
2026-03-23T14:21:02.711+07:00  INFO 25132 --- [PaymentService] [org.springframework.kafka.KafkaListenerEndpointContainer#0-0-C-1] o.a.k.c.c.internals.ConsumerUtils        : Setting offset for partition enrollment-success-0 to the committed offset FetchPosition{offset=10, offsetEpoch=Optional.empty, currentLeader=LeaderAndEpoch{leader=Optional[localhost:9092 (id: 1 rack: null)], epoch=0}}
2026-03-23T14:21:02.712+07:00  INFO 25132 --- [PaymentService] [org.springframework.kafka.KafkaListenerEndpointContainer#0-0-C-1] o.s.k.l.KafkaMessageListenerContainer    : payment-group: partitions assigned: [enrollment-success-0]
2026-03-23T14:21:02.721+07:00  INFO 25132 --- [PaymentService] [org.springframework.kafka.KafkaListenerEndpointContainer#1-0-C-1] o.a.k.c.c.internals.SubscriptionState    : [Consumer clientId=consumer-payment-group-2, groupId=payment-group] Resetting offset for partition enrollment-fail-0 to position FetchPosition{offset=0, offsetEpoch=Optional.empty, currentLeader=LeaderAndEpoch{leader=Optional[localhost:9092 (id: 1 rack: null)], epoch=0}}.
2026-03-23T14:21:02.721+07:00  INFO 25132 --- [PaymentService] [org.springframework.kafka.KafkaListenerEndpointContainer#1-0-C-1] o.s.k.l.KafkaMessageListenerContainer    : payment-group: partitions assigned: [enrollment-fail-0]
