2026-03-23T14:23:05.861+07:00  INFO 29228 --- [StreamingService] [main] c.e.S.StreamingServiceApplication        : Starting StreamingServiceApplication using Java 25.0.1 with PID 29228 (C:\Users\vuna1\Desktop\learniverse\learniverse\StreamingService\target\classes started by vuna1 in C:\Users\vuna1\Desktop\learniverse\learniverse)
2026-03-23T14:23:05.864+07:00  INFO 29228 --- [StreamingService] [main] c.e.S.StreamingServiceApplication        : No active profile set, falling back to 1 default profile: "default"
2026-03-23T14:23:05.894+07:00  INFO 29228 --- [StreamingService] [main] o.s.c.c.c.ConfigServerConfigDataLoader   : Fetching config from server at : http://localhost:8082
2026-03-23T14:23:05.895+07:00  INFO 29228 --- [StreamingService] [main] o.s.c.c.c.ConfigServerConfigDataLoader   : Located environment: name=StreamingService, profiles=[default], label=null, version=null, state=null
2026-03-23T14:23:06.429+07:00  INFO 29228 --- [StreamingService] [main] o.s.cloud.context.scope.GenericScope     : BeanFactory id=cb63fd54-f686-3f63-9fc3-5c674acd6508
2026-03-23T14:23:06.582+07:00  INFO 29228 --- [StreamingService] [main] o.s.b.w.embedded.tomcat.TomcatWebServer  : Tomcat initialized with port 8091 (http)
2026-03-23T14:23:06.595+07:00  INFO 29228 --- [StreamingService] [main] o.apache.catalina.core.StandardService   : Starting service [Tomcat]
2026-03-23T14:23:06.596+07:00  INFO 29228 --- [StreamingService] [main] o.apache.catalina.core.StandardEngine    : Starting Servlet engine: [Apache Tomcat/10.1.42]
2026-03-23T14:23:06.633+07:00  INFO 29228 --- [StreamingService] [main] o.a.c.c.C.[Tomcat].[localhost].[/]       : Initializing Spring embedded WebApplicationContext
2026-03-23T14:23:06.633+07:00  INFO 29228 --- [StreamingService] [main] w.s.c.ServletWebServerApplicationContext : Root WebApplicationContext: initialization completed in 737 ms
2026-03-23T14:23:07.126+07:00  INFO 29228 --- [StreamingService] [main] DiscoveryClientOptionalArgsConfiguration : Eureka HTTP Client uses RestTemplate.
2026-03-23T14:23:07.147+07:00  INFO 29228 --- [StreamingService] [main] o.s.b.a.e.web.EndpointLinksResolver      : Exposing 16 endpoints beneath base path '/actuator'
2026-03-23T14:23:07.182+07:00  INFO 29228 --- [StreamingService] [main] o.s.c.n.eureka.InstanceInfoFactory       : Setting initial instance status as: STARTING
2026-03-23T14:23:07.195+07:00  INFO 29228 --- [StreamingService] [main] com.netflix.discovery.DiscoveryClient    : Initializing Eureka in region us-east-1
2026-03-23T14:23:07.198+07:00  INFO 29228 --- [StreamingService] [main] c.n.d.s.r.aws.ConfigClusterResolver      : Resolving eureka endpoints via configuration
2026-03-23T14:23:07.203+07:00  INFO 29228 --- [StreamingService] [main] com.netflix.discovery.DiscoveryClient    : Disable delta property : false
2026-03-23T14:23:07.203+07:00  INFO 29228 --- [StreamingService] [main] com.netflix.discovery.DiscoveryClient    : Single vip registry refresh property : null
2026-03-23T14:23:07.204+07:00  INFO 29228 --- [StreamingService] [main] com.netflix.discovery.DiscoveryClient    : Force full registry fetch : false
2026-03-23T14:23:07.204+07:00  INFO 29228 --- [StreamingService] [main] com.netflix.discovery.DiscoveryClient    : Application is null : false
2026-03-23T14:23:07.204+07:00  INFO 29228 --- [StreamingService] [main] com.netflix.discovery.DiscoveryClient    : Registered Applications size is zero : true
2026-03-23T14:23:07.204+07:00  INFO 29228 --- [StreamingService] [main] com.netflix.discovery.DiscoveryClient    : Application version is -1: true
2026-03-23T14:23:07.204+07:00  INFO 29228 --- [StreamingService] [main] com.netflix.discovery.DiscoveryClient    : Getting all instance registry info from the eureka server
2026-03-23T14:23:07.358+07:00  INFO 29228 --- [StreamingService] [main] com.netflix.discovery.DiscoveryClient    : The response status is 200
2026-03-23T14:23:07.359+07:00  INFO 29228 --- [StreamingService] [main] com.netflix.discovery.DiscoveryClient    : Starting heartbeat executor: renew interval is: 30
2026-03-23T14:23:07.361+07:00  INFO 29228 --- [StreamingService] [main] c.n.discovery.InstanceInfoReplicator     : InstanceInfoReplicator onDemand update allowed rate per min is 4
2026-03-23T14:23:07.362+07:00  INFO 29228 --- [StreamingService] [main] com.netflix.discovery.DiscoveryClient    : Discovery Client initialized at timestamp 1774250587362 with initial instances count: 8
2026-03-23T14:23:07.364+07:00  INFO 29228 --- [StreamingService] [main] o.s.c.n.e.s.EurekaServiceRegistry        : Registering application STREAMINGSERVICE with eureka with status UP
2026-03-23T14:23:07.365+07:00  INFO 29228 --- [StreamingService] [main] com.netflix.discovery.DiscoveryClient    : Saw local status change event StatusChangeEvent [timestamp=1774250587365, current=UP, previous=STARTING]
2026-03-23T14:23:07.366+07:00  INFO 29228 --- [StreamingService] [DiscoveryClient-InstanceInfoReplicator-%d] com.netflix.discovery.DiscoveryClient    : DiscoveryClient_STREAMINGSERVICE/host.docker.internal:StreamingService:8091: registering service...
2026-03-23T14:23:07.380+07:00  INFO 29228 --- [StreamingService] [main] o.s.b.w.embedded.tomcat.TomcatWebServer  : Tomcat started on port 8091 (http) with context path '/'
2026-03-23T14:23:07.381+07:00  INFO 29228 --- [StreamingService] [main] .s.c.n.e.s.EurekaAutoServiceRegistration : Updating port to 8091
2026-03-23T14:23:07.393+07:00  INFO 29228 --- [StreamingService] [DiscoveryClient-InstanceInfoReplicator-%d] com.netflix.discovery.DiscoveryClient    : DiscoveryClient_STREAMINGSERVICE/host.docker.internal:StreamingService:8091 - registration status: 204
2026-03-23T14:23:07.395+07:00  INFO 29228 --- [StreamingService] [main] c.e.S.StreamingServiceApplication        : Started StreamingServiceApplication in 2.173 seconds (process running for 2.523)
2026-03-23T14:24:06.104+07:00  INFO 29228 --- [StreamingService] [http-nio-8091-exec-1] o.a.c.c.C.[Tomcat].[localhost].[/]       : Initializing Spring DispatcherServlet 'dispatcherServlet'
2026-03-23T14:24:06.105+07:00  INFO 29228 --- [StreamingService] [http-nio-8091-exec-1] o.s.web.servlet.DispatcherServlet        : Initializing Servlet 'dispatcherServlet'
2026-03-23T14:24:06.105+07:00  INFO 29228 --- [StreamingService] [http-nio-8091-exec-1] o.s.web.servlet.DispatcherServlet        : Completed initialization in 0 ms
2026-03-23T14:26:20.851+07:00  INFO 29228 --- [StreamingService] [SpringApplicationShutdownHook] o.s.c.n.e.s.EurekaServiceRegistry        : Unregistering application STREAMINGSERVICE with eureka with status DOWN
2026-03-23T14:26:20.851+07:00  INFO 29228 --- [StreamingService] [SpringApplicationShutdownHook] com.netflix.discovery.DiscoveryClient    : Saw local status change event StatusChangeEvent [timestamp=1774250780851, current=DOWN, previous=UP]
2026-03-23T14:26:20.852+07:00  INFO 29228 --- [StreamingService] [DiscoveryClient-InstanceInfoReplicator-%d] com.netflix.discovery.DiscoveryClient    : DiscoveryClient_STREAMINGSERVICE/host.docker.internal:StreamingService:8091: registering service...
2026-03-23T14:26:20.853+07:00  INFO 29228 --- [StreamingService] [SpringApplicationShutdownHook] o.s.b.w.e.tomcat.GracefulShutdown        : Commencing graceful shutdown. Waiting for active requests to complete
2026-03-23T14:26:20.856+07:00  INFO 29228 --- [StreamingService] [DiscoveryClient-InstanceInfoReplicator-%d] com.netflix.discovery.DiscoveryClient    : DiscoveryClient_STREAMINGSERVICE/host.docker.internal:StreamingService:8091 - registration status: 204
2026-03-23T14:26:20.862+07:00  INFO 29228 --- [StreamingService] [tomcat-shutdown] o.s.b.w.e.tomcat.GracefulShutdown        : Graceful shutdown complete
2026-03-23T14:26:20.866+07:00  INFO 29228 --- [StreamingService] [SpringApplicationShutdownHook] com.netflix.discovery.DiscoveryClient    : Shutting down DiscoveryClient ...
2026-03-23T14:26:23.870+07:00  INFO 29228 --- [StreamingService] [SpringApplicationShutdownHook] com.netflix.discovery.DiscoveryClient    : Unregistering ...
2026-03-23T14:26:23.877+07:00  INFO 29228 --- [StreamingService] [SpringApplicationShutdownHook] com.netflix.discovery.DiscoveryClient    : DiscoveryClient_STREAMINGSERVICE/host.docker.internal:StreamingService:8091 - deregister  status: 200
2026-03-23T14:26:23.878+07:00  INFO 29228 --- [StreamingService] [SpringApplicationShutdownHook] com.netflix.discovery.DiscoveryClient    : Completed shut down of DiscoveryClient
2026-03-23T14:26:26.251+07:00  INFO 23592 --- [StreamingService] [main] c.e.S.StreamingServiceApplication        : Starting StreamingServiceApplication using Java 25.0.1 with PID 23592 (C:\Users\vuna1\Desktop\learniverse\learniverse\StreamingService\target\classes started by vuna1 in C:\Users\vuna1\Desktop\learniverse\learniverse)
2026-03-23T14:26:26.253+07:00  INFO 23592 --- [StreamingService] [main] c.e.S.StreamingServiceApplication        : No active profile set, falling back to 1 default profile: "default"
2026-03-23T14:26:26.285+07:00  INFO 23592 --- [StreamingService] [main] o.s.c.c.c.ConfigServerConfigDataLoader   : Fetching config from server at : http://localhost:8082
2026-03-23T14:26:26.285+07:00  INFO 23592 --- [StreamingService] [main] o.s.c.c.c.ConfigServerConfigDataLoader   : Located environment: name=StreamingService, profiles=[default], label=null, version=null, state=null
2026-03-23T14:26:26.832+07:00  INFO 23592 --- [StreamingService] [main] o.s.cloud.context.scope.GenericScope     : BeanFactory id=cb63fd54-f686-3f63-9fc3-5c674acd6508
2026-03-23T14:26:27.035+07:00  INFO 23592 --- [StreamingService] [main] o.s.b.w.embedded.tomcat.TomcatWebServer  : Tomcat initialized with port 8091 (http)
2026-03-23T14:26:27.045+07:00  INFO 23592 --- [StreamingService] [main] o.apache.catalina.core.StandardService   : Starting service [Tomcat]
2026-03-23T14:26:27.046+07:00  INFO 23592 --- [StreamingService] [main] o.apache.catalina.core.StandardEngine    : Starting Servlet engine: [Apache Tomcat/10.1.42]
2026-03-23T14:26:27.091+07:00  INFO 23592 --- [StreamingService] [main] o.a.c.c.C.[Tomcat].[localhost].[/]       : Initializing Spring embedded WebApplicationContext
2026-03-23T14:26:27.092+07:00  INFO 23592 --- [StreamingService] [main] w.s.c.ServletWebServerApplicationContext : Root WebApplicationContext: initialization completed in 804 ms
2026-03-23T14:26:27.617+07:00  INFO 23592 --- [StreamingService] [main] DiscoveryClientOptionalArgsConfiguration : Eureka HTTP Client uses RestTemplate.
2026-03-23T14:26:27.642+07:00  INFO 23592 --- [StreamingService] [main] o.s.b.a.e.web.EndpointLinksResolver      : Exposing 16 endpoints beneath base path '/actuator'
2026-03-23T14:26:27.681+07:00  INFO 23592 --- [StreamingService] [main] o.s.c.n.eureka.InstanceInfoFactory       : Setting initial instance status as: STARTING
2026-03-23T14:26:27.696+07:00  INFO 23592 --- [StreamingService] [main] com.netflix.discovery.DiscoveryClient    : Initializing Eureka in region us-east-1
2026-03-23T14:26:27.698+07:00  INFO 23592 --- [StreamingService] [main] c.n.d.s.r.aws.ConfigClusterResolver      : Resolving eureka endpoints via configuration
2026-03-23T14:26:27.704+07:00  INFO 23592 --- [StreamingService] [main] com.netflix.discovery.DiscoveryClient    : Disable delta property : false
2026-03-23T14:26:27.704+07:00  INFO 23592 --- [StreamingService] [main] com.netflix.discovery.DiscoveryClient    : Single vip registry refresh property : null
2026-03-23T14:26:27.704+07:00  INFO 23592 --- [StreamingService] [main] com.netflix.discovery.DiscoveryClient    : Force full registry fetch : false
2026-03-23T14:26:27.704+07:00  INFO 23592 --- [StreamingService] [main] com.netflix.discovery.DiscoveryClient    : Application is null : false
2026-03-23T14:26:27.704+07:00  INFO 23592 --- [StreamingService] [main] com.netflix.discovery.DiscoveryClient    : Registered Applications size is zero : true
2026-03-23T14:26:27.705+07:00  INFO 23592 --- [StreamingService] [main] com.netflix.discovery.DiscoveryClient    : Application version is -1: true
2026-03-23T14:26:27.705+07:00  INFO 23592 --- [StreamingService] [main] com.netflix.discovery.DiscoveryClient    : Getting all instance registry info from the eureka server
2026-03-23T14:26:27.932+07:00  INFO 23592 --- [StreamingService] [main] com.netflix.discovery.DiscoveryClient    : The response status is 200
2026-03-23T14:26:27.934+07:00  INFO 23592 --- [StreamingService] [main] com.netflix.discovery.DiscoveryClient    : Starting heartbeat executor: renew interval is: 30
2026-03-23T14:26:27.935+07:00  INFO 23592 --- [StreamingService] [main] c.n.discovery.InstanceInfoReplicator     : InstanceInfoReplicator onDemand update allowed rate per min is 4
2026-03-23T14:26:27.936+07:00  INFO 23592 --- [StreamingService] [main] com.netflix.discovery.DiscoveryClient    : Discovery Client initialized at timestamp 1774250787936 with initial instances count: 9
2026-03-23T14:26:27.938+07:00  INFO 23592 --- [StreamingService] [main] o.s.c.n.e.s.EurekaServiceRegistry        : Registering application STREAMINGSERVICE with eureka with status UP
2026-03-23T14:26:27.939+07:00  INFO 23592 --- [StreamingService] [main] com.netflix.discovery.DiscoveryClient    : Saw local status change event StatusChangeEvent [timestamp=1774250787939, current=UP, previous=STARTING]
2026-03-23T14:26:27.939+07:00  INFO 23592 --- [StreamingService] [DiscoveryClient-InstanceInfoReplicator-%d] com.netflix.discovery.DiscoveryClient    : DiscoveryClient_STREAMINGSERVICE/host.docker.internal:StreamingService:8091: registering service...
2026-03-23T14:26:27.949+07:00  INFO 23592 --- [StreamingService] [main] o.s.b.w.embedded.tomcat.TomcatWebServer  : Tomcat started on port 8091 (http) with context path '/'
2026-03-23T14:26:27.950+07:00  INFO 23592 --- [StreamingService] [main] .s.c.n.e.s.EurekaAutoServiceRegistration : Updating port to 8091
2026-03-23T14:26:27.962+07:00  INFO 23592 --- [StreamingService] [DiscoveryClient-InstanceInfoReplicator-%d] com.netflix.discovery.DiscoveryClient    : DiscoveryClient_STREAMINGSERVICE/host.docker.internal:StreamingService:8091 - registration status: 204
2026-03-23T14:26:27.964+07:00  INFO 23592 --- [StreamingService] [main] c.e.S.StreamingServiceApplication        : Started StreamingServiceApplication in 2.53 seconds (process running for 3.048)
2026-03-23T14:26:39.626+07:00  INFO 23592 --- [StreamingService] [http-nio-8091-exec-1] o.a.c.c.C.[Tomcat].[localhost].[/]       : Initializing Spring DispatcherServlet 'dispatcherServlet'
2026-03-23T14:26:39.627+07:00  INFO 23592 --- [StreamingService] [http-nio-8091-exec-1] o.s.web.servlet.DispatcherServlet        : Initializing Servlet 'dispatcherServlet'
2026-03-23T14:26:39.627+07:00  INFO 23592 --- [StreamingService] [http-nio-8091-exec-1] o.s.web.servlet.DispatcherServlet        : Completed initialization in 0 ms
2026-03-23T14:28:17.594+07:00  INFO 23592 --- [StreamingService] [SpringApplicationShutdownHook] o.s.c.n.e.s.EurekaServiceRegistry        : Unregistering application STREAMINGSERVICE with eureka with status DOWN
2026-03-23T14:28:17.595+07:00  INFO 23592 --- [StreamingService] [SpringApplicationShutdownHook] com.netflix.discovery.DiscoveryClient    : Saw local status change event StatusChangeEvent [timestamp=1774250897595, current=DOWN, previous=UP]
2026-03-23T14:28:17.595+07:00  INFO 23592 --- [StreamingService] [DiscoveryClient-InstanceInfoReplicator-%d] com.netflix.discovery.DiscoveryClient    : DiscoveryClient_STREAMINGSERVICE/host.docker.internal:StreamingService:8091: registering service...
2026-03-23T14:28:17.597+07:00  INFO 23592 --- [StreamingService] [SpringApplicationShutdownHook] o.s.b.w.e.tomcat.GracefulShutdown        : Commencing graceful shutdown. Waiting for active requests to complete
2026-03-23T14:28:17.604+07:00  INFO 23592 --- [StreamingService] [DiscoveryClient-InstanceInfoReplicator-%d] com.netflix.discovery.DiscoveryClient    : DiscoveryClient_STREAMINGSERVICE/host.docker.internal:StreamingService:8091 - registration status: 204
2026-03-23T14:28:17.605+07:00  INFO 23592 --- [StreamingService] [tomcat-shutdown] o.s.b.w.e.tomcat.GracefulShutdown        : Graceful shutdown complete
2026-03-23T14:28:17.611+07:00  INFO 23592 --- [StreamingService] [SpringApplicationShutdownHook] com.netflix.discovery.DiscoveryClient    : Shutting down DiscoveryClient ...
2026-03-23T14:28:20.612+07:00  INFO 23592 --- [StreamingService] [SpringApplicationShutdownHook] com.netflix.discovery.DiscoveryClient    : Unregistering ...
2026-03-23T14:28:20.623+07:00  INFO 23592 --- [StreamingService] [SpringApplicationShutdownHook] com.netflix.discovery.DiscoveryClient    : DiscoveryClient_STREAMINGSERVICE/host.docker.internal:StreamingService:8091 - deregister  status: 200
2026-03-23T14:28:20.623+07:00  INFO 23592 --- [StreamingService] [SpringApplicationShutdownHook] com.netflix.discovery.DiscoveryClient    : Completed shut down of DiscoveryClient
2026-03-23T14:28:23.217+07:00  INFO 4432 --- [StreamingService] [main] c.e.S.StreamingServiceApplication        : Starting StreamingServiceApplication using Java 25.0.1 with PID 4432 (C:\Users\vuna1\Desktop\learniverse\learniverse\StreamingService\target\classes started by vuna1 in C:\Users\vuna1\Desktop\learniverse\learniverse)
2026-03-23T14:28:23.219+07:00  INFO 4432 --- [StreamingService] [main] c.e.S.StreamingServiceApplication        : No active profile set, falling back to 1 default profile: "default"
2026-03-23T14:28:23.257+07:00  INFO 4432 --- [StreamingService] [main] o.s.c.c.c.ConfigServerConfigDataLoader   : Fetching config from server at : http://localhost:8082
2026-03-23T14:28:23.257+07:00  INFO 4432 --- [StreamingService] [main] o.s.c.c.c.ConfigServerConfigDataLoader   : Located environment: name=StreamingService, profiles=[default], label=null, version=null, state=null
2026-03-23T14:28:23.790+07:00  INFO 4432 --- [StreamingService] [main] o.s.cloud.context.scope.GenericScope     : BeanFactory id=cb63fd54-f686-3f63-9fc3-5c674acd6508
2026-03-23T14:28:23.951+07:00  INFO 4432 --- [StreamingService] [main] o.s.b.w.embedded.tomcat.TomcatWebServer  : Tomcat initialized with port 8091 (http)
2026-03-23T14:28:23.959+07:00  INFO 4432 --- [StreamingService] [main] o.apache.catalina.core.StandardService   : Starting service [Tomcat]
2026-03-23T14:28:23.960+07:00  INFO 4432 --- [StreamingService] [main] o.apache.catalina.core.StandardEngine    : Starting Servlet engine: [Apache Tomcat/10.1.42]
2026-03-23T14:28:23.995+07:00  INFO 4432 --- [StreamingService] [main] o.a.c.c.C.[Tomcat].[localhost].[/]       : Initializing Spring embedded WebApplicationContext
2026-03-23T14:28:23.996+07:00  INFO 4432 --- [StreamingService] [main] w.s.c.ServletWebServerApplicationContext : Root WebApplicationContext: initialization completed in 738 ms
2026-03-23T14:28:24.497+07:00  INFO 4432 --- [StreamingService] [main] DiscoveryClientOptionalArgsConfiguration : Eureka HTTP Client uses RestTemplate.
2026-03-23T14:28:24.521+07:00  INFO 4432 --- [StreamingService] [main] o.s.b.a.e.web.EndpointLinksResolver      : Exposing 16 endpoints beneath base path '/actuator'
2026-03-23T14:28:24.553+07:00  INFO 4432 --- [StreamingService] [main] o.s.c.n.eureka.InstanceInfoFactory       : Setting initial instance status as: STARTING
2026-03-23T14:28:24.567+07:00  INFO 4432 --- [StreamingService] [main] com.netflix.discovery.DiscoveryClient    : Initializing Eureka in region us-east-1
2026-03-23T14:28:24.570+07:00  INFO 4432 --- [StreamingService] [main] c.n.d.s.r.aws.ConfigClusterResolver      : Resolving eureka endpoints via configuration
2026-03-23T14:28:24.575+07:00  INFO 4432 --- [StreamingService] [main] com.netflix.discovery.DiscoveryClient    : Disable delta property : false
2026-03-23T14:28:24.575+07:00  INFO 4432 --- [StreamingService] [main] com.netflix.discovery.DiscoveryClient    : Single vip registry refresh property : null
2026-03-23T14:28:24.576+07:00  INFO 4432 --- [StreamingService] [main] com.netflix.discovery.DiscoveryClient    : Force full registry fetch : false
2026-03-23T14:28:24.576+07:00  INFO 4432 --- [StreamingService] [main] com.netflix.discovery.DiscoveryClient    : Application is null : false
2026-03-23T14:28:24.576+07:00  INFO 4432 --- [StreamingService] [main] com.netflix.discovery.DiscoveryClient    : Registered Applications size is zero : true
2026-03-23T14:28:24.577+07:00  INFO 4432 --- [StreamingService] [main] com.netflix.discovery.DiscoveryClient    : Application version is -1: true
2026-03-23T14:28:24.577+07:00  INFO 4432 --- [StreamingService] [main] com.netflix.discovery.DiscoveryClient    : Getting all instance registry info from the eureka server
2026-03-23T14:28:24.749+07:00  INFO 4432 --- [StreamingService] [main] com.netflix.discovery.DiscoveryClient    : The response status is 200
2026-03-23T14:28:24.750+07:00  INFO 4432 --- [StreamingService] [main] com.netflix.discovery.DiscoveryClient    : Starting heartbeat executor: renew interval is: 30
2026-03-23T14:28:24.752+07:00  INFO 4432 --- [StreamingService] [main] c.n.discovery.InstanceInfoReplicator     : InstanceInfoReplicator onDemand update allowed rate per min is 4
2026-03-23T14:28:24.753+07:00  INFO 4432 --- [StreamingService] [main] com.netflix.discovery.DiscoveryClient    : Discovery Client initialized at timestamp 1774250904753 with initial instances count: 9
2026-03-23T14:28:24.756+07:00  INFO 4432 --- [StreamingService] [main] o.s.c.n.e.s.EurekaServiceRegistry        : Registering application STREAMINGSERVICE with eureka with status UP
2026-03-23T14:28:24.756+07:00  INFO 4432 --- [StreamingService] [main] com.netflix.discovery.DiscoveryClient    : Saw local status change event StatusChangeEvent [timestamp=1774250904756, current=UP, previous=STARTING]
2026-03-23T14:28:24.757+07:00  INFO 4432 --- [StreamingService] [DiscoveryClient-InstanceInfoReplicator-%d] com.netflix.discovery.DiscoveryClient    : DiscoveryClient_STREAMINGSERVICE/host.docker.internal:StreamingService:8091: registering service...
2026-03-23T14:28:24.768+07:00  INFO 4432 --- [StreamingService] [main] o.s.b.w.embedded.tomcat.TomcatWebServer  : Tomcat started on port 8091 (http) with context path '/'
2026-03-23T14:28:24.769+07:00  INFO 4432 --- [StreamingService] [main] .s.c.n.e.s.EurekaAutoServiceRegistration : Updating port to 8091
2026-03-23T14:28:24.781+07:00  INFO 4432 --- [StreamingService] [DiscoveryClient-InstanceInfoReplicator-%d] com.netflix.discovery.DiscoveryClient    : DiscoveryClient_STREAMINGSERVICE/host.docker.internal:StreamingService:8091 - registration status: 204
2026-03-23T14:28:24.784+07:00  INFO 4432 --- [StreamingService] [main] c.e.S.StreamingServiceApplication        : Started StreamingServiceApplication in 2.234 seconds (process running for 2.583)
2026-03-23T14:28:30.495+07:00  INFO 4432 --- [StreamingService] [http-nio-8091-exec-1] o.a.c.c.C.[Tomcat].[localhost].[/]       : Initializing Spring DispatcherServlet 'dispatcherServlet'
2026-03-23T14:28:30.495+07:00  INFO 4432 --- [StreamingService] [http-nio-8091-exec-1] o.s.web.servlet.DispatcherServlet        : Initializing Servlet 'dispatcherServlet'
2026-03-23T14:28:30.496+07:00  INFO 4432 --- [StreamingService] [http-nio-8091-exec-1] o.s.web.servlet.DispatcherServlet        : Completed initialization in 1 ms
2026-03-23T14:29:27.572+07:00  INFO 4432 --- [StreamingService] [SpringApplicationShutdownHook] o.s.c.n.e.s.EurekaServiceRegistry        : Unregistering application STREAMINGSERVICE with eureka with status DOWN
2026-03-23T14:29:27.573+07:00  INFO 4432 --- [StreamingService] [SpringApplicationShutdownHook] com.netflix.discovery.DiscoveryClient    : Saw local status change event StatusChangeEvent [timestamp=1774250967573, current=DOWN, previous=UP]
2026-03-23T14:29:27.573+07:00  INFO 4432 --- [StreamingService] [DiscoveryClient-InstanceInfoReplicator-%d] com.netflix.discovery.DiscoveryClient    : DiscoveryClient_STREAMINGSERVICE/host.docker.internal:StreamingService:8091: registering service...
2026-03-23T14:29:27.574+07:00  INFO 4432 --- [StreamingService] [SpringApplicationShutdownHook] o.s.b.w.e.tomcat.GracefulShutdown        : Commencing graceful shutdown. Waiting for active requests to complete
2026-03-23T14:29:27.578+07:00  INFO 4432 --- [StreamingService] [DiscoveryClient-InstanceInfoReplicator-%d] com.netflix.discovery.DiscoveryClient    : DiscoveryClient_STREAMINGSERVICE/host.docker.internal:StreamingService:8091 - registration status: 204
2026-03-23T14:29:27.584+07:00  INFO 4432 --- [StreamingService] [tomcat-shutdown] o.s.b.w.e.tomcat.GracefulShutdown        : Graceful shutdown complete
2026-03-23T14:29:27.590+07:00  INFO 4432 --- [StreamingService] [SpringApplicationShutdownHook] com.netflix.discovery.DiscoveryClient    : Shutting down DiscoveryClient ...
2026-03-23T14:29:30.591+07:00  INFO 4432 --- [StreamingService] [SpringApplicationShutdownHook] com.netflix.discovery.DiscoveryClient    : Unregistering ...
2026-03-23T14:29:30.595+07:00  INFO 4432 --- [StreamingService] [SpringApplicationShutdownHook] com.netflix.discovery.DiscoveryClient    : DiscoveryClient_STREAMINGSERVICE/host.docker.internal:StreamingService:8091 - deregister  status: 200
2026-03-23T14:29:30.595+07:00  INFO 4432 --- [StreamingService] [SpringApplicationShutdownHook] com.netflix.discovery.DiscoveryClient    : Completed shut down of DiscoveryClient
2026-03-23T14:29:33.179+07:00  INFO 20280 --- [StreamingService] [main] c.e.S.StreamingServiceApplication        : Starting StreamingServiceApplication using Java 25.0.1 with PID 20280 (C:\Users\vuna1\Desktop\learniverse\learniverse\StreamingService\target\classes started by vuna1 in C:\Users\vuna1\Desktop\learniverse\learniverse)
2026-03-23T14:29:33.181+07:00  INFO 20280 --- [StreamingService] [main] c.e.S.StreamingServiceApplication        : No active profile set, falling back to 1 default profile: "default"
2026-03-23T14:29:33.213+07:00  INFO 20280 --- [StreamingService] [main] o.s.c.c.c.ConfigServerConfigDataLoader   : Fetching config from server at : http://localhost:8082
2026-03-23T14:29:33.213+07:00  INFO 20280 --- [StreamingService] [main] o.s.c.c.c.ConfigServerConfigDataLoader   : Located environment: name=StreamingService, profiles=[default], label=null, version=null, state=null
2026-03-23T14:29:33.725+07:00  INFO 20280 --- [StreamingService] [main] o.s.cloud.context.scope.GenericScope     : BeanFactory id=cb63fd54-f686-3f63-9fc3-5c674acd6508
2026-03-23T14:29:33.882+07:00  INFO 20280 --- [StreamingService] [main] o.s.b.w.embedded.tomcat.TomcatWebServer  : Tomcat initialized with port 8091 (http)
2026-03-23T14:29:33.890+07:00  INFO 20280 --- [StreamingService] [main] o.apache.catalina.core.StandardService   : Starting service [Tomcat]
2026-03-23T14:29:33.891+07:00  INFO 20280 --- [StreamingService] [main] o.apache.catalina.core.StandardEngine    : Starting Servlet engine: [Apache Tomcat/10.1.42]
2026-03-23T14:29:33.926+07:00  INFO 20280 --- [StreamingService] [main] o.a.c.c.C.[Tomcat].[localhost].[/]       : Initializing Spring embedded WebApplicationContext
2026-03-23T14:29:33.927+07:00  INFO 20280 --- [StreamingService] [main] w.s.c.ServletWebServerApplicationContext : Root WebApplicationContext: initialization completed in 713 ms
2026-03-23T14:29:34.418+07:00  INFO 20280 --- [StreamingService] [main] DiscoveryClientOptionalArgsConfiguration : Eureka HTTP Client uses RestTemplate.
2026-03-23T14:29:34.440+07:00  INFO 20280 --- [StreamingService] [main] o.s.b.a.e.web.EndpointLinksResolver      : Exposing 16 endpoints beneath base path '/actuator'
2026-03-23T14:29:34.470+07:00  INFO 20280 --- [StreamingService] [main] o.s.c.n.eureka.InstanceInfoFactory       : Setting initial instance status as: STARTING
2026-03-23T14:29:34.482+07:00  INFO 20280 --- [StreamingService] [main] com.netflix.discovery.DiscoveryClient    : Initializing Eureka in region us-east-1
2026-03-23T14:29:34.486+07:00  INFO 20280 --- [StreamingService] [main] c.n.d.s.r.aws.ConfigClusterResolver      : Resolving eureka endpoints via configuration
2026-03-23T14:29:34.490+07:00  INFO 20280 --- [StreamingService] [main] com.netflix.discovery.DiscoveryClient    : Disable delta property : false
2026-03-23T14:29:34.490+07:00  INFO 20280 --- [StreamingService] [main] com.netflix.discovery.DiscoveryClient    : Single vip registry refresh property : null
2026-03-23T14:29:34.490+07:00  INFO 20280 --- [StreamingService] [main] com.netflix.discovery.DiscoveryClient    : Force full registry fetch : false
2026-03-23T14:29:34.490+07:00  INFO 20280 --- [StreamingService] [main] com.netflix.discovery.DiscoveryClient    : Application is null : false
2026-03-23T14:29:34.491+07:00  INFO 20280 --- [StreamingService] [main] com.netflix.discovery.DiscoveryClient    : Registered Applications size is zero : true
2026-03-23T14:29:34.491+07:00  INFO 20280 --- [StreamingService] [main] com.netflix.discovery.DiscoveryClient    : Application version is -1: true
2026-03-23T14:29:34.491+07:00  INFO 20280 --- [StreamingService] [main] com.netflix.discovery.DiscoveryClient    : Getting all instance registry info from the eureka server
2026-03-23T14:29:34.652+07:00  INFO 20280 --- [StreamingService] [main] com.netflix.discovery.DiscoveryClient    : The response status is 200
2026-03-23T14:29:34.653+07:00  INFO 20280 --- [StreamingService] [main] com.netflix.discovery.DiscoveryClient    : Starting heartbeat executor: renew interval is: 30
2026-03-23T14:29:34.654+07:00  INFO 20280 --- [StreamingService] [main] c.n.discovery.InstanceInfoReplicator     : InstanceInfoReplicator onDemand update allowed rate per min is 4
2026-03-23T14:29:34.656+07:00  INFO 20280 --- [StreamingService] [main] com.netflix.discovery.DiscoveryClient    : Discovery Client initialized at timestamp 1774250974656 with initial instances count: 9
2026-03-23T14:29:34.657+07:00  INFO 20280 --- [StreamingService] [main] o.s.c.n.e.s.EurekaServiceRegistry        : Registering application STREAMINGSERVICE with eureka with status UP
2026-03-23T14:29:34.657+07:00  INFO 20280 --- [StreamingService] [main] com.netflix.discovery.DiscoveryClient    : Saw local status change event StatusChangeEvent [timestamp=1774250974657, current=UP, previous=STARTING]
2026-03-23T14:29:34.660+07:00  INFO 20280 --- [StreamingService] [DiscoveryClient-InstanceInfoReplicator-%d] com.netflix.discovery.DiscoveryClient    : DiscoveryClient_STREAMINGSERVICE/host.docker.internal:StreamingService:8091: registering service...
2026-03-23T14:29:34.669+07:00  INFO 20280 --- [StreamingService] [main] o.s.b.w.embedded.tomcat.TomcatWebServer  : Tomcat started on port 8091 (http) with context path '/'
2026-03-23T14:29:34.670+07:00  INFO 20280 --- [StreamingService] [main] .s.c.n.e.s.EurekaAutoServiceRegistration : Updating port to 8091
2026-03-23T14:29:34.681+07:00  INFO 20280 --- [StreamingService] [DiscoveryClient-InstanceInfoReplicator-%d] com.netflix.discovery.DiscoveryClient    : DiscoveryClient_STREAMINGSERVICE/host.docker.internal:StreamingService:8091 - registration status: 204
2026-03-23T14:29:34.684+07:00  INFO 20280 --- [StreamingService] [main] c.e.S.StreamingServiceApplication        : Started StreamingServiceApplication in 2.188 seconds (process running for 2.551)
2026-03-23T14:29:41.745+07:00  INFO 20280 --- [StreamingService] [http-nio-8091-exec-1] o.a.c.c.C.[Tomcat].[localhost].[/]       : Initializing Spring DispatcherServlet 'dispatcherServlet'
2026-03-23T14:29:41.745+07:00  INFO 20280 --- [StreamingService] [http-nio-8091-exec-1] o.s.web.servlet.DispatcherServlet        : Initializing Servlet 'dispatcherServlet'
2026-03-23T14:29:41.746+07:00  INFO 20280 --- [StreamingService] [http-nio-8091-exec-1] o.s.web.servlet.DispatcherServlet        : Completed initialization in 1 ms
2026-03-23T14:34:34.505+07:00  INFO 20280 --- [StreamingService] [AsyncResolver-bootstrap-executor-%d] c.n.d.s.r.aws.ConfigClusterResolver      : Resolving eureka endpoints via configuration
2026-03-23T14:34:47.031+07:00  INFO 20280 --- [StreamingService] [SpringApplicationShutdownHook] o.s.c.n.e.s.EurekaServiceRegistry        : Unregistering application STREAMINGSERVICE with eureka with status DOWN
2026-03-23T14:34:47.031+07:00  INFO 20280 --- [StreamingService] [SpringApplicationShutdownHook] com.netflix.discovery.DiscoveryClient    : Saw local status change event StatusChangeEvent [timestamp=1774251287031, current=DOWN, previous=UP]
2026-03-23T14:34:47.032+07:00  INFO 20280 --- [StreamingService] [DiscoveryClient-InstanceInfoReplicator-%d] com.netflix.discovery.DiscoveryClient    : DiscoveryClient_STREAMINGSERVICE/host.docker.internal:StreamingService:8091: registering service...
2026-03-23T14:34:47.033+07:00  INFO 20280 --- [StreamingService] [SpringApplicationShutdownHook] o.s.b.w.e.tomcat.GracefulShutdown        : Commencing graceful shutdown. Waiting for active requests to complete
2026-03-23T14:34:47.038+07:00  INFO 20280 --- [StreamingService] [DiscoveryClient-InstanceInfoReplicator-%d] com.netflix.discovery.DiscoveryClient    : DiscoveryClient_STREAMINGSERVICE/host.docker.internal:StreamingService:8091 - registration status: 204
2026-03-23T14:34:47.041+07:00  INFO 20280 --- [StreamingService] [tomcat-shutdown] o.s.b.w.e.tomcat.GracefulShutdown        : Graceful shutdown complete
2026-03-23T14:34:47.046+07:00  INFO 20280 --- [StreamingService] [SpringApplicationShutdownHook] com.netflix.discovery.DiscoveryClient    : Shutting down DiscoveryClient ...
2026-03-23T14:34:50.048+07:00  INFO 20280 --- [StreamingService] [SpringApplicationShutdownHook] com.netflix.discovery.DiscoveryClient    : Unregistering ...
2026-03-23T14:34:50.056+07:00  INFO 20280 --- [StreamingService] [SpringApplicationShutdownHook] com.netflix.discovery.DiscoveryClient    : DiscoveryClient_STREAMINGSERVICE/host.docker.internal:StreamingService:8091 - deregister  status: 200
2026-03-23T14:34:50.057+07:00  INFO 20280 --- [StreamingService] [SpringApplicationShutdownHook] com.netflix.discovery.DiscoveryClient    : Completed shut down of DiscoveryClient
2026-03-23T14:34:52.729+07:00  INFO 15608 --- [StreamingService] [main] c.e.S.StreamingServiceApplication        : Starting StreamingServiceApplication using Java 25.0.1 with PID 15608 (C:\Users\vuna1\Desktop\learniverse\learniverse\StreamingService\target\classes started by vuna1 in C:\Users\vuna1\Desktop\learniverse\learniverse)
2026-03-23T14:34:52.732+07:00  INFO 15608 --- [StreamingService] [main] c.e.S.StreamingServiceApplication        : No active profile set, falling back to 1 default profile: "default"
2026-03-23T14:34:52.766+07:00  INFO 15608 --- [StreamingService] [main] o.s.c.c.c.ConfigServerConfigDataLoader   : Fetching config from server at : http://localhost:8082
2026-03-23T14:34:52.767+07:00  INFO 15608 --- [StreamingService] [main] o.s.c.c.c.ConfigServerConfigDataLoader   : Located environment: name=StreamingService, profiles=[default], label=null, version=null, state=null
2026-03-23T14:34:53.287+07:00  INFO 15608 --- [StreamingService] [main] o.s.cloud.context.scope.GenericScope     : BeanFactory id=cb63fd54-f686-3f63-9fc3-5c674acd6508
2026-03-23T14:34:53.449+07:00  INFO 15608 --- [StreamingService] [main] o.s.b.w.embedded.tomcat.TomcatWebServer  : Tomcat initialized with port 8091 (http)
2026-03-23T14:34:53.457+07:00  INFO 15608 --- [StreamingService] [main] o.apache.catalina.core.StandardService   : Starting service [Tomcat]
2026-03-23T14:34:53.458+07:00  INFO 15608 --- [StreamingService] [main] o.apache.catalina.core.StandardEngine    : Starting Servlet engine: [Apache Tomcat/10.1.42]
2026-03-23T14:34:53.496+07:00  INFO 15608 --- [StreamingService] [main] o.a.c.c.C.[Tomcat].[localhost].[/]       : Initializing Spring embedded WebApplicationContext
2026-03-23T14:34:53.497+07:00  INFO 15608 --- [StreamingService] [main] w.s.c.ServletWebServerApplicationContext : Root WebApplicationContext: initialization completed in 729 ms
2026-03-23T14:34:54.000+07:00  INFO 15608 --- [StreamingService] [main] DiscoveryClientOptionalArgsConfiguration : Eureka HTTP Client uses RestTemplate.
2026-03-23T14:34:54.023+07:00  INFO 15608 --- [StreamingService] [main] o.s.b.a.e.web.EndpointLinksResolver      : Exposing 16 endpoints beneath base path '/actuator'
2026-03-23T14:34:54.053+07:00  INFO 15608 --- [StreamingService] [main] o.s.c.n.eureka.InstanceInfoFactory       : Setting initial instance status as: STARTING
2026-03-23T14:34:54.066+07:00  INFO 15608 --- [StreamingService] [main] com.netflix.discovery.DiscoveryClient    : Initializing Eureka in region us-east-1
2026-03-23T14:34:54.069+07:00  INFO 15608 --- [StreamingService] [main] c.n.d.s.r.aws.ConfigClusterResolver      : Resolving eureka endpoints via configuration
2026-03-23T14:34:54.074+07:00  INFO 15608 --- [StreamingService] [main] com.netflix.discovery.DiscoveryClient    : Disable delta property : false
2026-03-23T14:34:54.075+07:00  INFO 15608 --- [StreamingService] [main] com.netflix.discovery.DiscoveryClient    : Single vip registry refresh property : null
2026-03-23T14:34:54.075+07:00  INFO 15608 --- [StreamingService] [main] com.netflix.discovery.DiscoveryClient    : Force full registry fetch : false
2026-03-23T14:34:54.075+07:00  INFO 15608 --- [StreamingService] [main] com.netflix.discovery.DiscoveryClient    : Application is null : false
2026-03-23T14:34:54.075+07:00  INFO 15608 --- [StreamingService] [main] com.netflix.discovery.DiscoveryClient    : Registered Applications size is zero : true
2026-03-23T14:34:54.075+07:00  INFO 15608 --- [StreamingService] [main] com.netflix.discovery.DiscoveryClient    : Application version is -1: true
2026-03-23T14:34:54.075+07:00  INFO 15608 --- [StreamingService] [main] com.netflix.discovery.DiscoveryClient    : Getting all instance registry info from the eureka server
2026-03-23T14:34:54.236+07:00  INFO 15608 --- [StreamingService] [main] com.netflix.discovery.DiscoveryClient    : The response status is 200
2026-03-23T14:34:54.237+07:00  INFO 15608 --- [StreamingService] [main] com.netflix.discovery.DiscoveryClient    : Starting heartbeat executor: renew interval is: 30
2026-03-23T14:34:54.239+07:00  INFO 15608 --- [StreamingService] [main] c.n.discovery.InstanceInfoReplicator     : InstanceInfoReplicator onDemand update allowed rate per min is 4
2026-03-23T14:34:54.240+07:00  INFO 15608 --- [StreamingService] [main] com.netflix.discovery.DiscoveryClient    : Discovery Client initialized at timestamp 1774251294240 with initial instances count: 9
2026-03-23T14:34:54.242+07:00  INFO 15608 --- [StreamingService] [main] o.s.c.n.e.s.EurekaServiceRegistry        : Registering application STREAMINGSERVICE with eureka with status UP
2026-03-23T14:34:54.243+07:00  INFO 15608 --- [StreamingService] [main] com.netflix.discovery.DiscoveryClient    : Saw local status change event StatusChangeEvent [timestamp=1774251294243, current=UP, previous=STARTING]
2026-03-23T14:34:54.243+07:00  INFO 15608 --- [StreamingService] [DiscoveryClient-InstanceInfoReplicator-%d] com.netflix.discovery.DiscoveryClient    : DiscoveryClient_STREAMINGSERVICE/host.docker.internal:StreamingService:8091: registering service...
2026-03-23T14:34:54.254+07:00  INFO 15608 --- [StreamingService] [main] o.s.b.w.embedded.tomcat.TomcatWebServer  : Tomcat started on port 8091 (http) with context path '/'
2026-03-23T14:34:54.255+07:00  INFO 15608 --- [StreamingService] [main] .s.c.n.e.s.EurekaAutoServiceRegistration : Updating port to 8091
2026-03-23T14:34:54.265+07:00  INFO 15608 --- [StreamingService] [DiscoveryClient-InstanceInfoReplicator-%d] com.netflix.discovery.DiscoveryClient    : DiscoveryClient_STREAMINGSERVICE/host.docker.internal:StreamingService:8091 - registration status: 204
2026-03-23T14:34:54.269+07:00  INFO 15608 --- [StreamingService] [main] c.e.S.StreamingServiceApplication        : Started StreamingServiceApplication in 2.2 seconds (process running for 2.539)
2026-03-23T14:35:06.770+07:00  INFO 15608 --- [StreamingService] [http-nio-8091-exec-1] o.a.c.c.C.[Tomcat].[localhost].[/]       : Initializing Spring DispatcherServlet 'dispatcherServlet'
2026-03-23T14:35:06.770+07:00  INFO 15608 --- [StreamingService] [http-nio-8091-exec-1] o.s.web.servlet.DispatcherServlet        : Initializing Servlet 'dispatcherServlet'
2026-03-23T14:35:06.771+07:00  INFO 15608 --- [StreamingService] [http-nio-8091-exec-1] o.s.web.servlet.DispatcherServlet        : Completed initialization in 1 ms
2026-03-23T14:37:51.459+07:00  INFO 15608 --- [StreamingService] [SpringApplicationShutdownHook] o.s.c.n.e.s.EurekaServiceRegistry        : Unregistering application STREAMINGSERVICE with eureka with status DOWN
2026-03-23T14:37:51.459+07:00  INFO 15608 --- [StreamingService] [SpringApplicationShutdownHook] com.netflix.discovery.DiscoveryClient    : Saw local status change event StatusChangeEvent [timestamp=1774251471459, current=DOWN, previous=UP]
2026-03-23T14:37:51.460+07:00  INFO 15608 --- [StreamingService] [DiscoveryClient-InstanceInfoReplicator-%d] com.netflix.discovery.DiscoveryClient    : DiscoveryClient_STREAMINGSERVICE/host.docker.internal:StreamingService:8091: registering service...
2026-03-23T14:37:51.462+07:00  INFO 15608 --- [StreamingService] [SpringApplicationShutdownHook] o.s.b.w.e.tomcat.GracefulShutdown        : Commencing graceful shutdown. Waiting for active requests to complete
2026-03-23T14:37:51.466+07:00  INFO 15608 --- [StreamingService] [DiscoveryClient-InstanceInfoReplicator-%d] com.netflix.discovery.DiscoveryClient    : DiscoveryClient_STREAMINGSERVICE/host.docker.internal:StreamingService:8091 - registration status: 204
2026-03-23T14:37:51.471+07:00  INFO 15608 --- [StreamingService] [tomcat-shutdown] o.s.b.w.e.tomcat.GracefulShutdown        : Graceful shutdown complete
2026-03-23T14:37:51.476+07:00  INFO 15608 --- [StreamingService] [SpringApplicationShutdownHook] com.netflix.discovery.DiscoveryClient    : Shutting down DiscoveryClient ...
2026-03-23T14:37:54.478+07:00  INFO 15608 --- [StreamingService] [SpringApplicationShutdownHook] com.netflix.discovery.DiscoveryClient    : Unregistering ...
2026-03-23T14:37:54.487+07:00  INFO 15608 --- [StreamingService] [SpringApplicationShutdownHook] com.netflix.discovery.DiscoveryClient    : DiscoveryClient_STREAMINGSERVICE/host.docker.internal:StreamingService:8091 - deregister  status: 200
2026-03-23T14:37:54.487+07:00  INFO 15608 --- [StreamingService] [SpringApplicationShutdownHook] com.netflix.discovery.DiscoveryClient    : Completed shut down of DiscoveryClient
2026-03-23T14:37:57.145+07:00  INFO 2984 --- [StreamingService] [main] c.e.S.StreamingServiceApplication        : Starting StreamingServiceApplication using Java 25.0.1 with PID 2984 (C:\Users\vuna1\Desktop\learniverse\learniverse\StreamingService\target\classes started by vuna1 in C:\Users\vuna1\Desktop\learniverse\learniverse)
2026-03-23T14:37:57.147+07:00  INFO 2984 --- [StreamingService] [main] c.e.S.StreamingServiceApplication        : No active profile set, falling back to 1 default profile: "default"
2026-03-23T14:37:57.178+07:00  INFO 2984 --- [StreamingService] [main] o.s.c.c.c.ConfigServerConfigDataLoader   : Fetching config from server at : http://localhost:8082
2026-03-23T14:37:57.179+07:00  INFO 2984 --- [StreamingService] [main] o.s.c.c.c.ConfigServerConfigDataLoader   : Located environment: name=StreamingService, profiles=[default], label=null, version=null, state=null
2026-03-23T14:37:57.706+07:00  INFO 2984 --- [StreamingService] [main] o.s.cloud.context.scope.GenericScope     : BeanFactory id=cb63fd54-f686-3f63-9fc3-5c674acd6508
2026-03-23T14:37:57.872+07:00  INFO 2984 --- [StreamingService] [main] o.s.b.w.embedded.tomcat.TomcatWebServer  : Tomcat initialized with port 8091 (http)
2026-03-23T14:37:57.880+07:00  INFO 2984 --- [StreamingService] [main] o.apache.catalina.core.StandardService   : Starting service [Tomcat]
2026-03-23T14:37:57.880+07:00  INFO 2984 --- [StreamingService] [main] o.apache.catalina.core.StandardEngine    : Starting Servlet engine: [Apache Tomcat/10.1.42]
2026-03-23T14:37:57.917+07:00  INFO 2984 --- [StreamingService] [main] o.a.c.c.C.[Tomcat].[localhost].[/]       : Initializing Spring embedded WebApplicationContext
2026-03-23T14:37:57.917+07:00  INFO 2984 --- [StreamingService] [main] w.s.c.ServletWebServerApplicationContext : Root WebApplicationContext: initialization completed in 737 ms
2026-03-23T14:37:58.409+07:00  INFO 2984 --- [StreamingService] [main] DiscoveryClientOptionalArgsConfiguration : Eureka HTTP Client uses RestTemplate.
2026-03-23T14:37:58.432+07:00  INFO 2984 --- [StreamingService] [main] o.s.b.a.e.web.EndpointLinksResolver      : Exposing 16 endpoints beneath base path '/actuator'
2026-03-23T14:37:58.462+07:00  INFO 2984 --- [StreamingService] [main] o.s.c.n.eureka.InstanceInfoFactory       : Setting initial instance status as: STARTING
2026-03-23T14:37:58.475+07:00  INFO 2984 --- [StreamingService] [main] com.netflix.discovery.DiscoveryClient    : Initializing Eureka in region us-east-1
2026-03-23T14:37:58.478+07:00  INFO 2984 --- [StreamingService] [main] c.n.d.s.r.aws.ConfigClusterResolver      : Resolving eureka endpoints via configuration
2026-03-23T14:37:58.482+07:00  INFO 2984 --- [StreamingService] [main] com.netflix.discovery.DiscoveryClient    : Disable delta property : false
2026-03-23T14:37:58.482+07:00  INFO 2984 --- [StreamingService] [main] com.netflix.discovery.DiscoveryClient    : Single vip registry refresh property : null
2026-03-23T14:37:58.482+07:00  INFO 2984 --- [StreamingService] [main] com.netflix.discovery.DiscoveryClient    : Force full registry fetch : false
2026-03-23T14:37:58.482+07:00  INFO 2984 --- [StreamingService] [main] com.netflix.discovery.DiscoveryClient    : Application is null : false
2026-03-23T14:37:58.482+07:00  INFO 2984 --- [StreamingService] [main] com.netflix.discovery.DiscoveryClient    : Registered Applications size is zero : true
2026-03-23T14:37:58.482+07:00  INFO 2984 --- [StreamingService] [main] com.netflix.discovery.DiscoveryClient    : Application version is -1: true
2026-03-23T14:37:58.484+07:00  INFO 2984 --- [StreamingService] [main] com.netflix.discovery.DiscoveryClient    : Getting all instance registry info from the eureka server
2026-03-23T14:37:58.641+07:00  INFO 2984 --- [StreamingService] [main] com.netflix.discovery.DiscoveryClient    : The response status is 200
2026-03-23T14:37:58.642+07:00  INFO 2984 --- [StreamingService] [main] com.netflix.discovery.DiscoveryClient    : Starting heartbeat executor: renew interval is: 30
2026-03-23T14:37:58.643+07:00  INFO 2984 --- [StreamingService] [main] c.n.discovery.InstanceInfoReplicator     : InstanceInfoReplicator onDemand update allowed rate per min is 4
2026-03-23T14:37:58.645+07:00  INFO 2984 --- [StreamingService] [main] com.netflix.discovery.DiscoveryClient    : Discovery Client initialized at timestamp 1774251478645 with initial instances count: 9
2026-03-23T14:37:58.647+07:00  INFO 2984 --- [StreamingService] [main] o.s.c.n.e.s.EurekaServiceRegistry        : Registering application STREAMINGSERVICE with eureka with status UP
2026-03-23T14:37:58.648+07:00  INFO 2984 --- [StreamingService] [main] com.netflix.discovery.DiscoveryClient    : Saw local status change event StatusChangeEvent [timestamp=1774251478648, current=UP, previous=STARTING]
2026-03-23T14:37:58.649+07:00  INFO 2984 --- [StreamingService] [DiscoveryClient-InstanceInfoReplicator-%d] com.netflix.discovery.DiscoveryClient    : DiscoveryClient_STREAMINGSERVICE/host.docker.internal:StreamingService:8091: registering service...
2026-03-23T14:37:58.659+07:00  INFO 2984 --- [StreamingService] [main] o.s.b.w.embedded.tomcat.TomcatWebServer  : Tomcat started on port 8091 (http) with context path '/'
2026-03-23T14:37:58.660+07:00  INFO 2984 --- [StreamingService] [main] .s.c.n.e.s.EurekaAutoServiceRegistration : Updating port to 8091
2026-03-23T14:37:58.671+07:00  INFO 2984 --- [StreamingService] [DiscoveryClient-InstanceInfoReplicator-%d] com.netflix.discovery.DiscoveryClient    : DiscoveryClient_STREAMINGSERVICE/host.docker.internal:StreamingService:8091 - registration status: 204
2026-03-23T14:37:58.674+07:00  INFO 2984 --- [StreamingService] [main] c.e.S.StreamingServiceApplication        : Started StreamingServiceApplication in 2.184 seconds (process running for 2.535)
2026-03-23T14:38:51.936+07:00  INFO 2984 --- [StreamingService] [http-nio-8091-exec-1] o.a.c.c.C.[Tomcat].[localhost].[/]       : Initializing Spring DispatcherServlet 'dispatcherServlet'
2026-03-23T14:38:51.936+07:00  INFO 2984 --- [StreamingService] [http-nio-8091-exec-1] o.s.web.servlet.DispatcherServlet        : Initializing Servlet 'dispatcherServlet'
2026-03-23T14:38:51.938+07:00  INFO 2984 --- [StreamingService] [http-nio-8091-exec-1] o.s.web.servlet.DispatcherServlet        : Completed initialization in 2 ms
2026-03-23T14:39:33.922+07:00  INFO 2984 --- [StreamingService] [SpringApplicationShutdownHook] o.s.c.n.e.s.EurekaServiceRegistry        : Unregistering application STREAMINGSERVICE with eureka with status DOWN
2026-03-23T14:39:33.923+07:00  INFO 2984 --- [StreamingService] [SpringApplicationShutdownHook] com.netflix.discovery.DiscoveryClient    : Saw local status change event StatusChangeEvent [timestamp=1774251573923, current=DOWN, previous=UP]
2026-03-23T14:39:33.923+07:00  INFO 2984 --- [StreamingService] [DiscoveryClient-InstanceInfoReplicator-%d] com.netflix.discovery.DiscoveryClient    : DiscoveryClient_STREAMINGSERVICE/host.docker.internal:StreamingService:8091: registering service...
2026-03-23T14:39:33.924+07:00  INFO 2984 --- [StreamingService] [SpringApplicationShutdownHook] o.s.b.w.e.tomcat.GracefulShutdown        : Commencing graceful shutdown. Waiting for active requests to complete
2026-03-23T14:39:33.927+07:00  INFO 2984 --- [StreamingService] [DiscoveryClient-InstanceInfoReplicator-%d] com.netflix.discovery.DiscoveryClient    : DiscoveryClient_STREAMINGSERVICE/host.docker.internal:StreamingService:8091 - registration status: 204
2026-03-23T14:39:33.933+07:00  INFO 2984 --- [StreamingService] [tomcat-shutdown] o.s.b.w.e.tomcat.GracefulShutdown        : Graceful shutdown complete
2026-03-23T14:39:33.938+07:00  INFO 2984 --- [StreamingService] [SpringApplicationShutdownHook] com.netflix.discovery.DiscoveryClient    : Shutting down DiscoveryClient ...
2026-03-23T14:39:36.938+07:00  INFO 2984 --- [StreamingService] [SpringApplicationShutdownHook] com.netflix.discovery.DiscoveryClient    : Unregistering ...
2026-03-23T14:39:36.943+07:00  INFO 2984 --- [StreamingService] [SpringApplicationShutdownHook] com.netflix.discovery.DiscoveryClient    : DiscoveryClient_STREAMINGSERVICE/host.docker.internal:StreamingService:8091 - deregister  status: 200
2026-03-23T14:39:36.943+07:00  INFO 2984 --- [StreamingService] [SpringApplicationShutdownHook] com.netflix.discovery.DiscoveryClient    : Completed shut down of DiscoveryClient
