2026-03-23T14:19:27.630+07:00  INFO 25656 --- [CategoryService] [main] c.e.C.CategoryServiceApplication         : Starting CategoryServiceApplication using Java 25.0.1 with PID 25656 (C:\Users\vuna1\Desktop\learniverse\learniverse\CategoryService\target\classes started by vuna1 in C:\Users\vuna1\Desktop\learniverse\learniverse)
2026-03-23T14:19:27.632+07:00  INFO 25656 --- [CategoryService] [main] c.e.C.CategoryServiceApplication         : No active profile set, falling back to 1 default profile: "default"
2026-03-23T14:19:27.659+07:00  INFO 25656 --- [CategoryService] [main] o.s.c.c.c.ConfigServerConfigDataLoader   : Fetching config from server at : http://localhost:8082
2026-03-23T14:19:27.660+07:00  INFO 25656 --- [CategoryService] [main] o.s.c.c.c.ConfigServerConfigDataLoader   : Located environment: name=CategoryService, profiles=[default], label=null, version=null, state=null
2026-03-23T14:19:28.481+07:00  INFO 25656 --- [CategoryService] [main] .s.d.r.c.RepositoryConfigurationDelegate : Bootstrapping Spring Data JPA repositories in DEFAULT mode.
2026-03-23T14:19:28.574+07:00  INFO 25656 --- [CategoryService] [main] .s.d.r.c.RepositoryConfigurationDelegate : Finished Spring Data repository scanning in 87 ms. Found 2 JPA repository interfaces.
2026-03-23T14:19:28.822+07:00  INFO 25656 --- [CategoryService] [main] o.s.cloud.context.scope.GenericScope     : BeanFactory id=aeec248d-1114-3a2f-a573-c77020651539
2026-03-23T14:19:29.324+07:00  INFO 25656 --- [CategoryService] [main] o.s.b.w.embedded.tomcat.TomcatWebServer  : Tomcat initialized with port 8094 (http)
2026-03-23T14:19:29.334+07:00  INFO 25656 --- [CategoryService] [main] o.apache.catalina.core.StandardService   : Starting service [Tomcat]
2026-03-23T14:19:29.335+07:00  INFO 25656 --- [CategoryService] [main] o.apache.catalina.core.StandardEngine    : Starting Servlet engine: [Apache Tomcat/10.1.42]
2026-03-23T14:19:29.387+07:00  INFO 25656 --- [CategoryService] [main] o.a.c.c.C.[Tomcat].[localhost].[/]       : Initializing Spring embedded WebApplicationContext
2026-03-23T14:19:29.388+07:00  INFO 25656 --- [CategoryService] [main] w.s.c.ServletWebServerApplicationContext : Root WebApplicationContext: initialization completed in 1727 ms
2026-03-23T14:19:29.706+07:00  INFO 25656 --- [CategoryService] [main] o.hibernate.jpa.internal.util.LogHelper  : HHH000204: Processing PersistenceUnitInfo [name: default]
2026-03-23T14:19:29.758+07:00  INFO 25656 --- [CategoryService] [main] org.hibernate.Version                    : HHH000412: Hibernate ORM core version 6.6.18.Final
2026-03-23T14:19:29.788+07:00  INFO 25656 --- [CategoryService] [main] o.h.c.internal.RegionFactoryInitiator    : HHH000026: Second-level cache disabled
2026-03-23T14:19:30.040+07:00  INFO 25656 --- [CategoryService] [main] o.s.o.j.p.SpringPersistenceUnitInfo      : No LoadTimeWeaver setup: ignoring JPA class transformer
2026-03-23T14:19:30.064+07:00  INFO 25656 --- [CategoryService] [main] com.zaxxer.hikari.HikariDataSource       : HikariPool-1 - Starting...
2026-03-23T14:19:30.354+07:00  INFO 25656 --- [CategoryService] [main] com.zaxxer.hikari.pool.HikariPool        : HikariPool-1 - Added connection com.mysql.cj.jdbc.ConnectionImpl@12115c28
2026-03-23T14:19:30.355+07:00  INFO 25656 --- [CategoryService] [main] com.zaxxer.hikari.HikariDataSource       : HikariPool-1 - Start completed.
2026-03-23T14:19:30.400+07:00  INFO 25656 --- [CategoryService] [main] org.hibernate.orm.connections.pooling    : HHH10001005: Database info:
	Database JDBC URL [Connecting through datasource 'HikariDataSource (HikariPool-1)']
	Database driver: undefined/unknown
	Database version: 8.0
	Autocommit mode: undefined/unknown
	Isolation level: undefined/unknown
	Minimum pool size: undefined/unknown
	Maximum pool size: undefined/unknown
2026-03-23T14:19:31.016+07:00  INFO 25656 --- [CategoryService] [main] o.h.e.t.j.p.i.JtaPlatformInitiator       : HHH000489: No JTA platform available (set 'hibernate.transaction.jta.platform' to enable JTA platform integration)
2026-03-23T14:19:31.057+07:00  INFO 25656 --- [CategoryService] [main] j.LocalContainerEntityManagerFactoryBean : Initialized JPA EntityManagerFactory for persistence unit 'default'
2026-03-23T14:19:31.330+07:00  INFO 25656 --- [CategoryService] [main] o.s.d.j.r.query.QueryEnhancerFactory     : Hibernate is in classpath; If applicable, HQL parser will be used.
2026-03-23T14:19:31.768+07:00  INFO 25656 --- [CategoryService] [main] o.s.c.openfeign.FeignClientFactoryBean   : For 'CourseService' URL not provided. Will try picking an instance via load-balancing.
2026-03-23T14:19:32.464+07:00  INFO 25656 --- [CategoryService] [main] o.s.b.a.e.web.EndpointLinksResolver      : Exposing 26 endpoints beneath base path '/actuator'
2026-03-23T14:19:32.509+07:00  INFO 25656 --- [CategoryService] [main] r$InitializeUserDetailsManagerConfigurer : Global AuthenticationManager configured with UserDetailsService bean with name inMemoryUserDetailsManager
2026-03-23T14:19:33.082+07:00  INFO 25656 --- [CategoryService] [main] DiscoveryClientOptionalArgsConfiguration : Eureka HTTP Client uses RestTemplate.
2026-03-23T14:19:33.224+07:00  INFO 25656 --- [CategoryService] [main] o.a.k.clients.admin.AdminClientConfig    : AdminClientConfig values: 
	auto.include.jmx.reporter = true
	bootstrap.controllers = []
	bootstrap.servers = [localhost:9092]
	client.dns.lookup = use_all_dns_ips
	client.id = CategoryService-admin-0
	connections.max.idle.ms = 300000
	default.api.timeout.ms = 60000
	enable.metrics.push = true
	metadata.max.age.ms = 300000
	metadata.recovery.strategy = none
	metric.reporters = []
	metrics.num.samples = 2
	metrics.recording.level = INFO
	metrics.sample.window.ms = 30000
	receive.buffer.bytes = 65536
	reconnect.backoff.max.ms = 1000
	reconnect.backoff.ms = 50
	request.timeout.ms = 30000
	retries = 2147483647
	retry.backoff.max.ms = 1000
	retry.backoff.ms = 100
	sasl.client.callback.handler.class = null
	sasl.jaas.config = null
	sasl.kerberos.kinit.cmd = /usr/bin/kinit
	sasl.kerberos.min.time.before.relogin = 60000
	sasl.kerberos.service.name = null
	sasl.kerberos.ticket.renew.jitter = 0.05
	sasl.kerberos.ticket.renew.window.factor = 0.8
	sasl.login.callback.handler.class = null
	sasl.login.class = null
	sasl.login.connect.timeout.ms = null
	sasl.login.read.timeout.ms = null
	sasl.login.refresh.buffer.seconds = 300
	sasl.login.refresh.min.period.seconds = 60
	sasl.login.refresh.window.factor = 0.8
	sasl.login.refresh.window.jitter = 0.05
	sasl.login.retry.backoff.max.ms = 10000
	sasl.login.retry.backoff.ms = 100
	sasl.mechanism = GSSAPI
	sasl.oauthbearer.clock.skew.seconds = 30
	sasl.oauthbearer.expected.audience = null
	sasl.oauthbearer.expected.issuer = null
	sasl.oauthbearer.header.urlencode = false
	sasl.oauthbearer.jwks.endpoint.refresh.ms = 3600000
	sasl.oauthbearer.jwks.endpoint.retry.backoff.max.ms = 10000
	sasl.oauthbearer.jwks.endpoint.retry.backoff.ms = 100
	sasl.oauthbearer.jwks.endpoint.url = null
	sasl.oauthbearer.scope.claim.name = scope
	sasl.oauthbearer.sub.claim.name = sub
	sasl.oauthbearer.token.endpoint.url = null
	security.protocol = PLAINTEXT
	security.providers = null
	send.buffer.bytes = 131072
	socket.connection.setup.timeout.max.ms = 30000
	socket.connection.setup.timeout.ms = 10000
	ssl.cipher.suites = null
	ssl.enabled.protocols = [TLSv1.2, TLSv1.3]
	ssl.endpoint.identification.algorithm = https
	ssl.engine.factory.class = null
	ssl.key.password = null
	ssl.keymanager.algorithm = SunX509
	ssl.keystore.certificate.chain = null
	ssl.keystore.key = null
	ssl.keystore.location = null
	ssl.keystore.password = null
	ssl.keystore.type = JKS
	ssl.protocol = TLSv1.3
	ssl.provider = null
	ssl.secure.random.implementation = null
	ssl.trustmanager.algorithm = PKIX
	ssl.truststore.certificates = null
	ssl.truststore.location = null
	ssl.truststore.password = null
	ssl.truststore.type = JKS

2026-03-23T14:19:33.348+07:00  INFO 25656 --- [CategoryService] [main] o.a.kafka.common.utils.AppInfoParser     : Kafka version: 3.9.1
2026-03-23T14:19:33.349+07:00  INFO 25656 --- [CategoryService] [main] o.a.kafka.common.utils.AppInfoParser     : Kafka commitId: f745dfdcee2b9851
2026-03-23T14:19:33.349+07:00  INFO 25656 --- [CategoryService] [main] o.a.kafka.common.utils.AppInfoParser     : Kafka startTimeMs: 1774250373347
2026-03-23T14:19:33.982+07:00  INFO 25656 --- [CategoryService] [kafka-admin-client-thread | CategoryService-admin-0] o.a.kafka.common.utils.AppInfoParser     : App info kafka.admin.client for CategoryService-admin-0 unregistered
2026-03-23T14:19:33.985+07:00  INFO 25656 --- [CategoryService] [kafka-admin-client-thread | CategoryService-admin-0] o.apache.kafka.common.metrics.Metrics    : Metrics scheduler closed
2026-03-23T14:19:33.985+07:00  INFO 25656 --- [CategoryService] [kafka-admin-client-thread | CategoryService-admin-0] o.apache.kafka.common.metrics.Metrics    : Closing reporter org.apache.kafka.common.metrics.JmxReporter
2026-03-23T14:19:33.985+07:00  INFO 25656 --- [CategoryService] [kafka-admin-client-thread | CategoryService-admin-0] o.apache.kafka.common.metrics.Metrics    : Metrics reporters closed
2026-03-23T14:19:33.997+07:00  INFO 25656 --- [CategoryService] [main] o.s.c.n.eureka.InstanceInfoFactory       : Setting initial instance status as: STARTING
2026-03-23T14:19:34.013+07:00  INFO 25656 --- [CategoryService] [main] com.netflix.discovery.DiscoveryClient    : Initializing Eureka in region us-east-1
2026-03-23T14:19:34.015+07:00  INFO 25656 --- [CategoryService] [main] c.n.d.s.r.aws.ConfigClusterResolver      : Resolving eureka endpoints via configuration
2026-03-23T14:19:34.021+07:00  INFO 25656 --- [CategoryService] [main] com.netflix.discovery.DiscoveryClient    : Disable delta property : false
2026-03-23T14:19:34.022+07:00  INFO 25656 --- [CategoryService] [main] com.netflix.discovery.DiscoveryClient    : Single vip registry refresh property : null
2026-03-23T14:19:34.022+07:00  INFO 25656 --- [CategoryService] [main] com.netflix.discovery.DiscoveryClient    : Force full registry fetch : false
2026-03-23T14:19:34.022+07:00  INFO 25656 --- [CategoryService] [main] com.netflix.discovery.DiscoveryClient    : Application is null : false
2026-03-23T14:19:34.022+07:00  INFO 25656 --- [CategoryService] [main] com.netflix.discovery.DiscoveryClient    : Registered Applications size is zero : true
2026-03-23T14:19:34.022+07:00  INFO 25656 --- [CategoryService] [main] com.netflix.discovery.DiscoveryClient    : Application version is -1: true
2026-03-23T14:19:34.022+07:00  INFO 25656 --- [CategoryService] [main] com.netflix.discovery.DiscoveryClient    : Getting all instance registry info from the eureka server
2026-03-23T14:19:34.315+07:00  INFO 25656 --- [CategoryService] [main] com.netflix.discovery.DiscoveryClient    : The response status is 200
2026-03-23T14:19:34.317+07:00  INFO 25656 --- [CategoryService] [main] com.netflix.discovery.DiscoveryClient    : Starting heartbeat executor: renew interval is: 30
2026-03-23T14:19:34.317+07:00  INFO 25656 --- [CategoryService] [main] c.n.discovery.InstanceInfoReplicator     : InstanceInfoReplicator onDemand update allowed rate per min is 4
2026-03-23T14:19:34.319+07:00  INFO 25656 --- [CategoryService] [main] com.netflix.discovery.DiscoveryClient    : Discovery Client initialized at timestamp 1774250374318 with initial instances count: 0
2026-03-23T14:19:34.327+07:00  INFO 25656 --- [CategoryService] [main] o.s.c.n.e.s.EurekaServiceRegistry        : Registering application CATEGORYSERVICE with eureka with status UP
2026-03-23T14:19:34.327+07:00  INFO 25656 --- [CategoryService] [main] com.netflix.discovery.DiscoveryClient    : Saw local status change event StatusChangeEvent [timestamp=1774250374327, current=UP, previous=STARTING]
2026-03-23T14:19:34.328+07:00  INFO 25656 --- [CategoryService] [DiscoveryClient-InstanceInfoReplicator-%d] com.netflix.discovery.DiscoveryClient    : DiscoveryClient_CATEGORYSERVICE/host.docker.internal:CategoryService:8094: registering service...
2026-03-23T14:19:34.334+07:00  INFO 25656 --- [CategoryService] [main] o.s.b.w.embedded.tomcat.TomcatWebServer  : Tomcat started on port 8094 (http) with context path '/'
2026-03-23T14:19:34.335+07:00  INFO 25656 --- [CategoryService] [main] .s.c.n.e.s.EurekaAutoServiceRegistration : Updating port to 8094
2026-03-23T14:19:34.368+07:00  INFO 25656 --- [CategoryService] [main] o.a.k.clients.consumer.ConsumerConfig    : ConsumerConfig values: 
	allow.auto.create.topics = true
	auto.commit.interval.ms = 5000
	auto.include.jmx.reporter = true
	auto.offset.reset = earliest
	bootstrap.servers = [localhost:9092]
	check.crcs = true
	client.dns.lookup = use_all_dns_ips
	client.id = consumer-CategoryGroup-1
	client.rack = 
	connections.max.idle.ms = 540000
	default.api.timeout.ms = 60000
	enable.auto.commit = false
	enable.metrics.push = true
	exclude.internal.topics = true
	fetch.max.bytes = 52428800
	fetch.max.wait.ms = 500
	fetch.min.bytes = 1
	group.id = CategoryGroup
	group.instance.id = null
	group.protocol = classic
	group.remote.assignor = null
	heartbeat.interval.ms = 3000
	interceptor.classes = []
	internal.leave.group.on.close = true
	internal.throw.on.fetch.stable.offset.unsupported = false
	isolation.level = read_uncommitted
	key.deserializer = class org.apache.kafka.common.serialization.StringDeserializer
	max.partition.fetch.bytes = 1048576
	max.poll.interval.ms = 300000
	max.poll.records = 500
	metadata.max.age.ms = 300000
	metadata.recovery.strategy = none
	metric.reporters = []
	metrics.num.samples = 2
	metrics.recording.level = INFO
	metrics.sample.window.ms = 30000
	partition.assignment.strategy = [class org.apache.kafka.clients.consumer.RangeAssignor, class org.apache.kafka.clients.consumer.CooperativeStickyAssignor]
	receive.buffer.bytes = 65536
	reconnect.backoff.max.ms = 1000
	reconnect.backoff.ms = 50
	request.timeout.ms = 30000
	retry.backoff.max.ms = 1000
	retry.backoff.ms = 100
	sasl.client.callback.handler.class = null
	sasl.jaas.config = null
	sasl.kerberos.kinit.cmd = /usr/bin/kinit
	sasl.kerberos.min.time.before.relogin = 60000
	sasl.kerberos.service.name = null
	sasl.kerberos.ticket.renew.jitter = 0.05
	sasl.kerberos.ticket.renew.window.factor = 0.8
	sasl.login.callback.handler.class = null
	sasl.login.class = null
	sasl.login.connect.timeout.ms = null
	sasl.login.read.timeout.ms = null
	sasl.login.refresh.buffer.seconds = 300
	sasl.login.refresh.min.period.seconds = 60
	sasl.login.refresh.window.factor = 0.8
	sasl.login.refresh.window.jitter = 0.05
	sasl.login.retry.backoff.max.ms = 10000
	sasl.login.retry.backoff.ms = 100
	sasl.mechanism = GSSAPI
	sasl.oauthbearer.clock.skew.seconds = 30
	sasl.oauthbearer.expected.audience = null
	sasl.oauthbearer.expected.issuer = null
	sasl.oauthbearer.header.urlencode = false
	sasl.oauthbearer.jwks.endpoint.refresh.ms = 3600000
	sasl.oauthbearer.jwks.endpoint.retry.backoff.max.ms = 10000
	sasl.oauthbearer.jwks.endpoint.retry.backoff.ms = 100
	sasl.oauthbearer.jwks.endpoint.url = null
	sasl.oauthbearer.scope.claim.name = scope
	sasl.oauthbearer.sub.claim.name = sub
	sasl.oauthbearer.token.endpoint.url = null
	security.protocol = PLAINTEXT
	security.providers = null
	send.buffer.bytes = 131072
	session.timeout.ms = 45000
	socket.connection.setup.timeout.max.ms = 30000
	socket.connection.setup.timeout.ms = 10000
	ssl.cipher.suites = null
	ssl.enabled.protocols = [TLSv1.2, TLSv1.3]
	ssl.endpoint.identification.algorithm = https
	ssl.engine.factory.class = null
	ssl.key.password = null
	ssl.keymanager.algorithm = SunX509
	ssl.keystore.certificate.chain = null
	ssl.keystore.key = null
	ssl.keystore.location = null
	ssl.keystore.password = null
	ssl.keystore.type = JKS
	ssl.protocol = TLSv1.3
	ssl.provider = null
	ssl.secure.random.implementation = null
	ssl.trustmanager.algorithm = PKIX
	ssl.truststore.certificates = null
	ssl.truststore.location = null
	ssl.truststore.password = null
	ssl.truststore.type = JKS
	value.deserializer = class org.apache.kafka.common.serialization.StringDeserializer

2026-03-23T14:19:34.386+07:00  INFO 25656 --- [CategoryService] [DiscoveryClient-InstanceInfoReplicator-%d] com.netflix.discovery.DiscoveryClient    : DiscoveryClient_CATEGORYSERVICE/host.docker.internal:CategoryService:8094 - registration status: 204
2026-03-23T14:19:34.408+07:00  INFO 25656 --- [CategoryService] [main] o.a.k.c.t.i.KafkaMetricsCollector        : initializing Kafka metrics collector
2026-03-23T14:19:34.470+07:00  INFO 25656 --- [CategoryService] [main] o.a.kafka.common.utils.AppInfoParser     : Kafka version: 3.9.1
2026-03-23T14:19:34.471+07:00  INFO 25656 --- [CategoryService] [main] o.a.kafka.common.utils.AppInfoParser     : Kafka commitId: f745dfdcee2b9851
2026-03-23T14:19:34.471+07:00  INFO 25656 --- [CategoryService] [main] o.a.kafka.common.utils.AppInfoParser     : Kafka startTimeMs: 1774250374470
2026-03-23T14:19:34.478+07:00  INFO 25656 --- [CategoryService] [main] o.a.k.c.c.i.ClassicKafkaConsumer         : [Consumer clientId=consumer-CategoryGroup-1, groupId=CategoryGroup] Subscribed to topic(s): category
2026-03-23T14:19:34.501+07:00  INFO 25656 --- [CategoryService] [main] c.e.C.CategoryServiceApplication         : Started CategoryServiceApplication in 7.541 seconds (process running for 7.943)
2026-03-23T14:19:34.503+07:00  INFO 25656 --- [CategoryService] [CategoryGroup-0-C-1] org.apache.kafka.clients.Metadata        : [Consumer clientId=consumer-CategoryGroup-1, groupId=CategoryGroup] Cluster ID: TRE_F3PdR4SDra-wI1dJvg
2026-03-23T14:19:34.514+07:00  INFO 25656 --- [CategoryService] [CategoryGroup-0-C-1] o.a.k.c.c.internals.ConsumerCoordinator  : [Consumer clientId=consumer-CategoryGroup-1, groupId=CategoryGroup] Discovered group coordinator localhost:9092 (id: 2147483646 rack: null)
2026-03-23T14:19:34.516+07:00  INFO 25656 --- [CategoryService] [CategoryGroup-0-C-1] o.a.k.c.c.internals.ConsumerCoordinator  : [Consumer clientId=consumer-CategoryGroup-1, groupId=CategoryGroup] (Re-)joining group
2026-03-23T14:19:34.604+07:00  INFO 25656 --- [CategoryService] [CategoryGroup-0-C-1] o.a.k.c.c.internals.ConsumerCoordinator  : [Consumer clientId=consumer-CategoryGroup-1, groupId=CategoryGroup] Request joining group due to: need to re-join with the given member-id: consumer-CategoryGroup-1-79abb41c-9360-4ed6-94af-d0714625c8bd
2026-03-23T14:19:34.605+07:00  INFO 25656 --- [CategoryService] [CategoryGroup-0-C-1] o.a.k.c.c.internals.ConsumerCoordinator  : [Consumer clientId=consumer-CategoryGroup-1, groupId=CategoryGroup] (Re-)joining group
2026-03-23T14:19:37.654+07:00  INFO 25656 --- [CategoryService] [CategoryGroup-0-C-1] o.a.k.c.c.internals.ConsumerCoordinator  : [Consumer clientId=consumer-CategoryGroup-1, groupId=CategoryGroup] Successfully joined group with generation Generation{generationId=11, memberId='consumer-CategoryGroup-1-79abb41c-9360-4ed6-94af-d0714625c8bd', protocol='range'}
2026-03-23T14:19:37.661+07:00  INFO 25656 --- [CategoryService] [CategoryGroup-0-C-1] o.a.k.c.c.internals.ConsumerCoordinator  : [Consumer clientId=consumer-CategoryGroup-1, groupId=CategoryGroup] Finished assignment for group at generation 11: {consumer-CategoryGroup-1-79abb41c-9360-4ed6-94af-d0714625c8bd=Assignment(partitions=[category-0])}
2026-03-23T14:19:37.767+07:00  INFO 25656 --- [CategoryService] [CategoryGroup-0-C-1] o.a.k.c.c.internals.ConsumerCoordinator  : [Consumer clientId=consumer-CategoryGroup-1, groupId=CategoryGroup] Successfully synced group in generation Generation{generationId=11, memberId='consumer-CategoryGroup-1-79abb41c-9360-4ed6-94af-d0714625c8bd', protocol='range'}
2026-03-23T14:19:37.767+07:00  INFO 25656 --- [CategoryService] [CategoryGroup-0-C-1] o.a.k.c.c.internals.ConsumerCoordinator  : [Consumer clientId=consumer-CategoryGroup-1, groupId=CategoryGroup] Notifying assignor about the new Assignment(partitions=[category-0])
2026-03-23T14:19:37.770+07:00  INFO 25656 --- [CategoryService] [CategoryGroup-0-C-1] k.c.c.i.ConsumerRebalanceListenerInvoker : [Consumer clientId=consumer-CategoryGroup-1, groupId=CategoryGroup] Adding newly assigned partitions: category-0
2026-03-23T14:19:37.800+07:00  INFO 25656 --- [CategoryService] [CategoryGroup-0-C-1] o.a.k.c.c.internals.ConsumerUtils        : Setting offset for partition category-0 to the committed offset FetchPosition{offset=3, offsetEpoch=Optional.empty, currentLeader=LeaderAndEpoch{leader=Optional[localhost:9092 (id: 1 rack: null)], epoch=0}}
2026-03-23T14:19:37.802+07:00  INFO 25656 --- [CategoryService] [CategoryGroup-0-C-1] o.s.k.l.KafkaMessageListenerContainer    : CategoryGroup: partitions assigned: [category-0]
2026-03-23T14:20:04.317+07:00  INFO 25656 --- [CategoryService] [DiscoveryClient-CacheRefreshExecutor-%d] com.netflix.discovery.DiscoveryClient    : Disable delta property : false
2026-03-23T14:20:04.317+07:00  INFO 25656 --- [CategoryService] [DiscoveryClient-CacheRefreshExecutor-%d] com.netflix.discovery.DiscoveryClient    : Single vip registry refresh property : null
2026-03-23T14:20:04.317+07:00  INFO 25656 --- [CategoryService] [DiscoveryClient-CacheRefreshExecutor-%d] com.netflix.discovery.DiscoveryClient    : Force full registry fetch : false
2026-03-23T14:20:04.317+07:00  INFO 25656 --- [CategoryService] [DiscoveryClient-CacheRefreshExecutor-%d] com.netflix.discovery.DiscoveryClient    : Application is null : false
2026-03-23T14:20:04.318+07:00  INFO 25656 --- [CategoryService] [DiscoveryClient-CacheRefreshExecutor-%d] com.netflix.discovery.DiscoveryClient    : Registered Applications size is zero : true
2026-03-23T14:20:04.318+07:00  INFO 25656 --- [CategoryService] [DiscoveryClient-CacheRefreshExecutor-%d] com.netflix.discovery.DiscoveryClient    : Application version is -1: false
2026-03-23T14:20:04.318+07:00  INFO 25656 --- [CategoryService] [DiscoveryClient-CacheRefreshExecutor-%d] com.netflix.discovery.DiscoveryClient    : Getting all instance registry info from the eureka server
2026-03-23T14:20:04.335+07:00  INFO 25656 --- [CategoryService] [DiscoveryClient-CacheRefreshExecutor-%d] com.netflix.discovery.DiscoveryClient    : The response status is 200
2026-03-23T14:24:08.015+07:00  INFO 25656 --- [CategoryService] [scheduling-1] o.a.k.clients.producer.ProducerConfig    : ProducerConfig values: 
	acks = -1
	auto.include.jmx.reporter = true
	batch.size = 16384
	bootstrap.servers = [localhost:9092]
	buffer.memory = 33554432
	client.dns.lookup = use_all_dns_ips
	client.id = CategoryService-producer-1
	compression.gzip.level = -1
	compression.lz4.level = 9
	compression.type = none
	compression.zstd.level = 3
	connections.max.idle.ms = 540000
	delivery.timeout.ms = 120000
	enable.idempotence = true
	enable.metrics.push = true
	interceptor.classes = []
	key.serializer = class org.apache.kafka.common.serialization.StringSerializer
	linger.ms = 0
	max.block.ms = 60000
	max.in.flight.requests.per.connection = 5
	max.request.size = 1048576
	metadata.max.age.ms = 300000
	metadata.max.idle.ms = 300000
	metadata.recovery.strategy = none
	metric.reporters = []
	metrics.num.samples = 2
	metrics.recording.level = INFO
	metrics.sample.window.ms = 30000
	partitioner.adaptive.partitioning.enable = true
	partitioner.availability.timeout.ms = 0
	partitioner.class = null
	partitioner.ignore.keys = false
	receive.buffer.bytes = 32768
	reconnect.backoff.max.ms = 1000
	reconnect.backoff.ms = 50
	request.timeout.ms = 30000
	retries = 2147483647
	retry.backoff.max.ms = 1000
	retry.backoff.ms = 100
	sasl.client.callback.handler.class = null
	sasl.jaas.config = null
	sasl.kerberos.kinit.cmd = /usr/bin/kinit
	sasl.kerberos.min.time.before.relogin = 60000
	sasl.kerberos.service.name = null
	sasl.kerberos.ticket.renew.jitter = 0.05
	sasl.kerberos.ticket.renew.window.factor = 0.8
	sasl.login.callback.handler.class = null
	sasl.login.class = null
	sasl.login.connect.timeout.ms = null
	sasl.login.read.timeout.ms = null
	sasl.login.refresh.buffer.seconds = 300
	sasl.login.refresh.min.period.seconds = 60
	sasl.login.refresh.window.factor = 0.8
	sasl.login.refresh.window.jitter = 0.05
	sasl.login.retry.backoff.max.ms = 10000
	sasl.login.retry.backoff.ms = 100
	sasl.mechanism = GSSAPI
	sasl.oauthbearer.clock.skew.seconds = 30
	sasl.oauthbearer.expected.audience = null
	sasl.oauthbearer.expected.issuer = null
	sasl.oauthbearer.header.urlencode = false
	sasl.oauthbearer.jwks.endpoint.refresh.ms = 3600000
	sasl.oauthbearer.jwks.endpoint.retry.backoff.max.ms = 10000
	sasl.oauthbearer.jwks.endpoint.retry.backoff.ms = 100
	sasl.oauthbearer.jwks.endpoint.url = null
	sasl.oauthbearer.scope.claim.name = scope
	sasl.oauthbearer.sub.claim.name = sub
	sasl.oauthbearer.token.endpoint.url = null
	security.protocol = PLAINTEXT
	security.providers = null
	send.buffer.bytes = 131072
	socket.connection.setup.timeout.max.ms = 30000
	socket.connection.setup.timeout.ms = 10000
	ssl.cipher.suites = null
	ssl.enabled.protocols = [TLSv1.2, TLSv1.3]
	ssl.endpoint.identification.algorithm = https
	ssl.engine.factory.class = null
	ssl.key.password = null
	ssl.keymanager.algorithm = SunX509
	ssl.keystore.certificate.chain = null
	ssl.keystore.key = null
	ssl.keystore.location = null
	ssl.keystore.password = null
	ssl.keystore.type = JKS
	ssl.protocol = TLSv1.3
	ssl.provider = null
	ssl.secure.random.implementation = null
	ssl.trustmanager.algorithm = PKIX
	ssl.truststore.certificates = null
	ssl.truststore.location = null
	ssl.truststore.password = null
	ssl.truststore.type = JKS
	transaction.timeout.ms = 60000
	transactional.id = null
	value.serializer = class org.apache.kafka.common.serialization.StringSerializer

2026-03-23T14:24:08.016+07:00  INFO 25656 --- [CategoryService] [scheduling-1] o.a.k.c.t.i.KafkaMetricsCollector        : initializing Kafka metrics collector
2026-03-23T14:24:08.023+07:00  INFO 25656 --- [CategoryService] [scheduling-1] o.a.k.clients.producer.KafkaProducer     : [Producer clientId=CategoryService-producer-1] Instantiated an idempotent producer.
2026-03-23T14:24:08.032+07:00  INFO 25656 --- [CategoryService] [scheduling-1] o.a.kafka.common.utils.AppInfoParser     : Kafka version: 3.9.1
2026-03-23T14:24:08.033+07:00  INFO 25656 --- [CategoryService] [scheduling-1] o.a.kafka.common.utils.AppInfoParser     : Kafka commitId: f745dfdcee2b9851
2026-03-23T14:24:08.033+07:00  INFO 25656 --- [CategoryService] [scheduling-1] o.a.kafka.common.utils.AppInfoParser     : Kafka startTimeMs: 1774250648032
2026-03-23T14:24:08.038+07:00  INFO 25656 --- [CategoryService] [kafka-producer-network-thread | CategoryService-producer-1] org.apache.kafka.clients.Metadata        : [Producer clientId=CategoryService-producer-1] Cluster ID: TRE_F3PdR4SDra-wI1dJvg
2026-03-23T14:24:08.038+07:00  INFO 25656 --- [CategoryService] [kafka-producer-network-thread | CategoryService-producer-1] o.a.k.c.p.internals.TransactionManager   : [Producer clientId=CategoryService-producer-1] ProducerId set to 2001 with epoch 0
2026-03-23T14:24:34.024+07:00  INFO 25656 --- [CategoryService] [AsyncResolver-bootstrap-executor-%d] c.n.d.s.r.aws.ConfigClusterResolver      : Resolving eureka endpoints via configuration
