2026-03-23T14:20:03.180+07:00  INFO 22800 --- [EnrollmentService] [main] c.e.E.EnrollmentServiceApplication       : Starting EnrollmentServiceApplication using Java 25.0.1 with PID 22800 (C:\Users\vuna1\Desktop\learniverse\learniverse\EnrollmentService\target\classes started by vuna1 in C:\Users\vuna1\Desktop\learniverse\learniverse)
2026-03-23T14:20:03.183+07:00  INFO 22800 --- [EnrollmentService] [main] c.e.E.EnrollmentServiceApplication       : No active profile set, falling back to 1 default profile: "default"
2026-03-23T14:20:03.209+07:00  INFO 22800 --- [EnrollmentService] [main] o.s.c.c.c.ConfigServerConfigDataLoader   : Fetching config from server at : http://localhost:8082
2026-03-23T14:20:03.211+07:00  INFO 22800 --- [EnrollmentService] [main] o.s.c.c.c.ConfigServerConfigDataLoader   : Located environment: name=EnrollmentService, profiles=[default], label=null, version=null, state=null
2026-03-23T14:20:04.042+07:00  INFO 22800 --- [EnrollmentService] [main] .s.d.r.c.RepositoryConfigurationDelegate : Bootstrapping Spring Data JPA repositories in DEFAULT mode.
2026-03-23T14:20:04.136+07:00  INFO 22800 --- [EnrollmentService] [main] .s.d.r.c.RepositoryConfigurationDelegate : Finished Spring Data repository scanning in 88 ms. Found 2 JPA repository interfaces.
2026-03-23T14:20:04.380+07:00  INFO 22800 --- [EnrollmentService] [main] o.s.cloud.context.scope.GenericScope     : BeanFactory id=2f35f1bb-9918-3560-ab60-9d85d86f4cae
2026-03-23T14:20:04.849+07:00  INFO 22800 --- [EnrollmentService] [main] o.s.b.w.embedded.tomcat.TomcatWebServer  : Tomcat initialized with port 8090 (http)
2026-03-23T14:20:04.860+07:00  INFO 22800 --- [EnrollmentService] [main] o.apache.catalina.core.StandardService   : Starting service [Tomcat]
2026-03-23T14:20:04.860+07:00  INFO 22800 --- [EnrollmentService] [main] o.apache.catalina.core.StandardEngine    : Starting Servlet engine: [Apache Tomcat/10.1.42]
2026-03-23T14:20:04.908+07:00  INFO 22800 --- [EnrollmentService] [main] o.a.c.c.C.[Tomcat].[localhost].[/]       : Initializing Spring embedded WebApplicationContext
2026-03-23T14:20:04.909+07:00  INFO 22800 --- [EnrollmentService] [main] w.s.c.ServletWebServerApplicationContext : Root WebApplicationContext: initialization completed in 1696 ms
2026-03-23T14:20:05.195+07:00  INFO 22800 --- [EnrollmentService] [main] o.hibernate.jpa.internal.util.LogHelper  : HHH000204: Processing PersistenceUnitInfo [name: default]
2026-03-23T14:20:05.224+07:00  INFO 22800 --- [EnrollmentService] [main] org.hibernate.Version                    : HHH000412: Hibernate ORM core version 6.6.18.Final
2026-03-23T14:20:05.243+07:00  INFO 22800 --- [EnrollmentService] [main] o.h.c.internal.RegionFactoryInitiator    : HHH000026: Second-level cache disabled
2026-03-23T14:20:05.407+07:00  INFO 22800 --- [EnrollmentService] [main] o.s.o.j.p.SpringPersistenceUnitInfo      : No LoadTimeWeaver setup: ignoring JPA class transformer
2026-03-23T14:20:05.425+07:00  INFO 22800 --- [EnrollmentService] [main] com.zaxxer.hikari.HikariDataSource       : HikariPool-1 - Starting...
2026-03-23T14:20:05.641+07:00  INFO 22800 --- [EnrollmentService] [main] com.zaxxer.hikari.pool.HikariPool        : HikariPool-1 - Added connection com.mysql.cj.jdbc.ConnectionImpl@fdeec12
2026-03-23T14:20:05.642+07:00  INFO 22800 --- [EnrollmentService] [main] com.zaxxer.hikari.HikariDataSource       : HikariPool-1 - Start completed.
2026-03-23T14:20:05.670+07:00  WARN 22800 --- [EnrollmentService] [main] org.hibernate.orm.deprecation            : HHH90000025: MySQL8Dialect does not need to be specified explicitly using 'hibernate.dialect' (remove the property setting and it will be selected by default)
2026-03-23T14:20:05.670+07:00  WARN 22800 --- [EnrollmentService] [main] org.hibernate.orm.deprecation            : HHH90000026: MySQL8Dialect has been deprecated; use org.hibernate.dialect.MySQLDialect instead
2026-03-23T14:20:05.680+07:00  INFO 22800 --- [EnrollmentService] [main] org.hibernate.orm.connections.pooling    : HHH10001005: Database info:
	Database JDBC URL [Connecting through datasource 'HikariDataSource (HikariPool-1)']
	Database driver: undefined/unknown
	Database version: 8.0
	Autocommit mode: undefined/unknown
	Isolation level: undefined/unknown
	Minimum pool size: undefined/unknown
	Maximum pool size: undefined/unknown
2026-03-23T14:20:06.176+07:00  INFO 22800 --- [EnrollmentService] [main] o.h.e.t.j.p.i.JtaPlatformInitiator       : HHH000489: No JTA platform available (set 'hibernate.transaction.jta.platform' to enable JTA platform integration)
2026-03-23T14:20:06.210+07:00  INFO 22800 --- [EnrollmentService] [main] j.LocalContainerEntityManagerFactoryBean : Initialized JPA EntityManagerFactory for persistence unit 'default'
2026-03-23T14:20:06.403+07:00  INFO 22800 --- [EnrollmentService] [main] o.s.d.j.r.query.QueryEnhancerFactory     : Hibernate is in classpath; If applicable, HQL parser will be used.
2026-03-23T14:20:06.746+07:00  WARN 22800 --- [EnrollmentService] [main] JpaBaseConfiguration$JpaWebConfiguration : spring.jpa.open-in-view is enabled by default. Therefore, database queries may be performed during view rendering. Explicitly configure spring.jpa.open-in-view to disable this warning
2026-03-23T14:20:06.821+07:00  INFO 22800 --- [EnrollmentService] [main] o.s.c.openfeign.FeignClientFactoryBean   : For 'CourseService' URL not provided. Will try picking an instance via load-balancing.
2026-03-23T14:20:07.504+07:00  INFO 22800 --- [EnrollmentService] [main] o.s.b.a.e.web.EndpointLinksResolver      : Exposing 26 endpoints beneath base path '/actuator'
2026-03-23T14:20:07.540+07:00  WARN 22800 --- [EnrollmentService] [main] .s.s.UserDetailsServiceAutoConfiguration : 

Using generated security password: 5d93ee42-643e-4675-9016-04b95c52db2e

This generated password is for development use only. Your security configuration must be updated before running your application in production.

2026-03-23T14:20:07.546+07:00  INFO 22800 --- [EnrollmentService] [main] r$InitializeUserDetailsManagerConfigurer : Global AuthenticationManager configured with UserDetailsService bean with name inMemoryUserDetailsManager
2026-03-23T14:20:08.093+07:00  INFO 22800 --- [EnrollmentService] [main] DiscoveryClientOptionalArgsConfiguration : Eureka HTTP Client uses RestTemplate.
2026-03-23T14:20:08.133+07:00  WARN 22800 --- [EnrollmentService] [main] iguration$LoadBalancerCaffeineWarnLogger : Spring Cloud LoadBalancer is currently working with the default cache. While this cache implementation is useful for development and tests, it's recommended to use Caffeine cache in production.You can switch to using Caffeine cache, by adding it and org.springframework.cache.caffeine.CaffeineCacheManager to the classpath.
2026-03-23T14:20:08.225+07:00  INFO 22800 --- [EnrollmentService] [main] o.a.k.clients.admin.AdminClientConfig    : AdminClientConfig values: 
	auto.include.jmx.reporter = true
	bootstrap.controllers = []
	bootstrap.servers = [localhost:9092]
	client.dns.lookup = use_all_dns_ips
	client.id = EnrollmentService-admin-0
	connections.max.idle.ms = 300000
	default.api.timeout.ms = 60000
	enable.metrics.push = true
	metadata.max.age.ms = 300000
	metadata.recovery.strategy = none
	metric.reporters = []
	metrics.num.samples = 2
	metrics.recording.level = INFO
	metrics.sample.window.ms = 30000
	receive.buffer.bytes = 65536
	reconnect.backoff.max.ms = 1000
	reconnect.backoff.ms = 50
	request.timeout.ms = 30000
	retries = 2147483647
	retry.backoff.max.ms = 1000
	retry.backoff.ms = 100
	sasl.client.callback.handler.class = null
	sasl.jaas.config = null
	sasl.kerberos.kinit.cmd = /usr/bin/kinit
	sasl.kerberos.min.time.before.relogin = 60000
	sasl.kerberos.service.name = null
	sasl.kerberos.ticket.renew.jitter = 0.05
	sasl.kerberos.ticket.renew.window.factor = 0.8
	sasl.login.callback.handler.class = null
	sasl.login.class = null
	sasl.login.connect.timeout.ms = null
	sasl.login.read.timeout.ms = null
	sasl.login.refresh.buffer.seconds = 300
	sasl.login.refresh.min.period.seconds = 60
	sasl.login.refresh.window.factor = 0.8
	sasl.login.refresh.window.jitter = 0.05
	sasl.login.retry.backoff.max.ms = 10000
	sasl.login.retry.backoff.ms = 100
	sasl.mechanism = GSSAPI
	sasl.oauthbearer.clock.skew.seconds = 30
	sasl.oauthbearer.expected.audience = null
	sasl.oauthbearer.expected.issuer = null
	sasl.oauthbearer.header.urlencode = false
	sasl.oauthbearer.jwks.endpoint.refresh.ms = 3600000
	sasl.oauthbearer.jwks.endpoint.retry.backoff.max.ms = 10000
	sasl.oauthbearer.jwks.endpoint.retry.backoff.ms = 100
	sasl.oauthbearer.jwks.endpoint.url = null
	sasl.oauthbearer.scope.claim.name = scope
	sasl.oauthbearer.sub.claim.name = sub
	sasl.oauthbearer.token.endpoint.url = null
	security.protocol = PLAINTEXT
	security.providers = null
	send.buffer.bytes = 131072
	socket.connection.setup.timeout.max.ms = 30000
	socket.connection.setup.timeout.ms = 10000
	ssl.cipher.suites = null
	ssl.enabled.protocols = [TLSv1.2, TLSv1.3]
	ssl.endpoint.identification.algorithm = https
	ssl.engine.factory.class = null
	ssl.key.password = null
	ssl.keymanager.algorithm = SunX509
	ssl.keystore.certificate.chain = null
	ssl.keystore.key = null
	ssl.keystore.location = null
	ssl.keystore.password = null
	ssl.keystore.type = JKS
	ssl.protocol = TLSv1.3
	ssl.provider = null
	ssl.secure.random.implementation = null
	ssl.trustmanager.algorithm = PKIX
	ssl.truststore.certificates = null
	ssl.truststore.location = null
	ssl.truststore.password = null
	ssl.truststore.type = JKS

2026-03-23T14:20:08.310+07:00  INFO 22800 --- [EnrollmentService] [main] o.a.kafka.common.utils.AppInfoParser     : Kafka version: 3.9.1
2026-03-23T14:20:08.311+07:00  INFO 22800 --- [EnrollmentService] [main] o.a.kafka.common.utils.AppInfoParser     : Kafka commitId: f745dfdcee2b9851
2026-03-23T14:20:08.311+07:00  INFO 22800 --- [EnrollmentService] [main] o.a.kafka.common.utils.AppInfoParser     : Kafka startTimeMs: 1774250408310
2026-03-23T14:20:08.570+07:00  INFO 22800 --- [EnrollmentService] [kafka-admin-client-thread | EnrollmentService-admin-0] o.a.kafka.common.utils.AppInfoParser     : App info kafka.admin.client for EnrollmentService-admin-0 unregistered
2026-03-23T14:20:08.573+07:00  INFO 22800 --- [EnrollmentService] [kafka-admin-client-thread | EnrollmentService-admin-0] o.apache.kafka.common.metrics.Metrics    : Metrics scheduler closed
2026-03-23T14:20:08.573+07:00  INFO 22800 --- [EnrollmentService] [kafka-admin-client-thread | EnrollmentService-admin-0] o.apache.kafka.common.metrics.Metrics    : Closing reporter org.apache.kafka.common.metrics.JmxReporter
2026-03-23T14:20:08.573+07:00  INFO 22800 --- [EnrollmentService] [kafka-admin-client-thread | EnrollmentService-admin-0] o.apache.kafka.common.metrics.Metrics    : Metrics reporters closed
2026-03-23T14:20:08.584+07:00  INFO 22800 --- [EnrollmentService] [main] o.s.c.n.eureka.InstanceInfoFactory       : Setting initial instance status as: STARTING
2026-03-23T14:20:08.599+07:00  INFO 22800 --- [EnrollmentService] [main] com.netflix.discovery.DiscoveryClient    : Initializing Eureka in region us-east-1
2026-03-23T14:20:08.602+07:00  INFO 22800 --- [EnrollmentService] [main] c.n.d.s.r.aws.ConfigClusterResolver      : Resolving eureka endpoints via configuration
2026-03-23T14:20:08.607+07:00  INFO 22800 --- [EnrollmentService] [main] com.netflix.discovery.DiscoveryClient    : Disable delta property : false
2026-03-23T14:20:08.608+07:00  INFO 22800 --- [EnrollmentService] [main] com.netflix.discovery.DiscoveryClient    : Single vip registry refresh property : null
2026-03-23T14:20:08.608+07:00  INFO 22800 --- [EnrollmentService] [main] com.netflix.discovery.DiscoveryClient    : Force full registry fetch : false
2026-03-23T14:20:08.608+07:00  INFO 22800 --- [EnrollmentService] [main] com.netflix.discovery.DiscoveryClient    : Application is null : false
2026-03-23T14:20:08.608+07:00  INFO 22800 --- [EnrollmentService] [main] com.netflix.discovery.DiscoveryClient    : Registered Applications size is zero : true
2026-03-23T14:20:08.608+07:00  INFO 22800 --- [EnrollmentService] [main] com.netflix.discovery.DiscoveryClient    : Application version is -1: true
2026-03-23T14:20:08.608+07:00  INFO 22800 --- [EnrollmentService] [main] com.netflix.discovery.DiscoveryClient    : Getting all instance registry info from the eureka server
2026-03-23T14:20:08.766+07:00  INFO 22800 --- [EnrollmentService] [main] com.netflix.discovery.DiscoveryClient    : The response status is 200
2026-03-23T14:20:08.767+07:00  INFO 22800 --- [EnrollmentService] [main] com.netflix.discovery.DiscoveryClient    : Starting heartbeat executor: renew interval is: 30
2026-03-23T14:20:08.769+07:00  INFO 22800 --- [EnrollmentService] [main] c.n.discovery.InstanceInfoReplicator     : InstanceInfoReplicator onDemand update allowed rate per min is 4
2026-03-23T14:20:08.770+07:00  INFO 22800 --- [EnrollmentService] [main] com.netflix.discovery.DiscoveryClient    : Discovery Client initialized at timestamp 1774250408769 with initial instances count: 3
2026-03-23T14:20:08.777+07:00  INFO 22800 --- [EnrollmentService] [main] o.s.c.n.e.s.EurekaServiceRegistry        : Registering application ENROLLMENTSERVICE with eureka with status UP
2026-03-23T14:20:08.778+07:00  INFO 22800 --- [EnrollmentService] [main] com.netflix.discovery.DiscoveryClient    : Saw local status change event StatusChangeEvent [timestamp=1774250408778, current=UP, previous=STARTING]
2026-03-23T14:20:08.779+07:00  INFO 22800 --- [EnrollmentService] [DiscoveryClient-InstanceInfoReplicator-%d] com.netflix.discovery.DiscoveryClient    : DiscoveryClient_ENROLLMENTSERVICE/host.docker.internal:EnrollmentService:8090: registering service...
2026-03-23T14:20:08.786+07:00  INFO 22800 --- [EnrollmentService] [main] o.s.b.w.embedded.tomcat.TomcatWebServer  : Tomcat started on port 8090 (http) with context path '/'
2026-03-23T14:20:08.787+07:00  INFO 22800 --- [EnrollmentService] [main] .s.c.n.e.s.EurekaAutoServiceRegistration : Updating port to 8090
2026-03-23T14:20:08.803+07:00  INFO 22800 --- [EnrollmentService] [DiscoveryClient-InstanceInfoReplicator-%d] com.netflix.discovery.DiscoveryClient    : DiscoveryClient_ENROLLMENTSERVICE/host.docker.internal:EnrollmentService:8090 - registration status: 204
2026-03-23T14:20:08.809+07:00  INFO 22800 --- [EnrollmentService] [main] o.a.k.clients.consumer.ConsumerConfig    : ConsumerConfig values: 
	allow.auto.create.topics = true
	auto.commit.interval.ms = 5000
	auto.include.jmx.reporter = true
	auto.offset.reset = earliest
	bootstrap.servers = [localhost:9092]
	check.crcs = true
	client.dns.lookup = use_all_dns_ips
	client.id = consumer-EnrollmentGroup-1
	client.rack = 
	connections.max.idle.ms = 540000
	default.api.timeout.ms = 60000
	enable.auto.commit = false
	enable.metrics.push = true
	exclude.internal.topics = true
	fetch.max.bytes = 52428800
	fetch.max.wait.ms = 500
	fetch.min.bytes = 1
	group.id = EnrollmentGroup
	group.instance.id = null
	group.protocol = classic
	group.remote.assignor = null
	heartbeat.interval.ms = 3000
	interceptor.classes = []
	internal.leave.group.on.close = true
	internal.throw.on.fetch.stable.offset.unsupported = false
	isolation.level = read_uncommitted
	key.deserializer = class org.apache.kafka.common.serialization.StringDeserializer
	max.partition.fetch.bytes = 1048576
	max.poll.interval.ms = 300000
	max.poll.records = 500
	metadata.max.age.ms = 300000
	metadata.recovery.strategy = none
	metric.reporters = []
	metrics.num.samples = 2
	metrics.recording.level = INFO
	metrics.sample.window.ms = 30000
	partition.assignment.strategy = [class org.apache.kafka.clients.consumer.RangeAssignor, class org.apache.kafka.clients.consumer.CooperativeStickyAssignor]
	receive.buffer.bytes = 65536
	reconnect.backoff.max.ms = 1000
	reconnect.backoff.ms = 50
	request.timeout.ms = 30000
	retry.backoff.max.ms = 1000
	retry.backoff.ms = 100
	sasl.client.callback.handler.class = null
	sasl.jaas.config = null
	sasl.kerberos.kinit.cmd = /usr/bin/kinit
	sasl.kerberos.min.time.before.relogin = 60000
	sasl.kerberos.service.name = null
	sasl.kerberos.ticket.renew.jitter = 0.05
	sasl.kerberos.ticket.renew.window.factor = 0.8
	sasl.login.callback.handler.class = null
	sasl.login.class = null
	sasl.login.connect.timeout.ms = null
	sasl.login.read.timeout.ms = null
	sasl.login.refresh.buffer.seconds = 300
	sasl.login.refresh.min.period.seconds = 60
	sasl.login.refresh.window.factor = 0.8
	sasl.login.refresh.window.jitter = 0.05
	sasl.login.retry.backoff.max.ms = 10000
	sasl.login.retry.backoff.ms = 100
	sasl.mechanism = GSSAPI
	sasl.oauthbearer.clock.skew.seconds = 30
	sasl.oauthbearer.expected.audience = null
	sasl.oauthbearer.expected.issuer = null
	sasl.oauthbearer.header.urlencode = false
	sasl.oauthbearer.jwks.endpoint.refresh.ms = 3600000
	sasl.oauthbearer.jwks.endpoint.retry.backoff.max.ms = 10000
	sasl.oauthbearer.jwks.endpoint.retry.backoff.ms = 100
	sasl.oauthbearer.jwks.endpoint.url = null
	sasl.oauthbearer.scope.claim.name = scope
	sasl.oauthbearer.sub.claim.name = sub
	sasl.oauthbearer.token.endpoint.url = null
	security.protocol = PLAINTEXT
	security.providers = null
	send.buffer.bytes = 131072
	session.timeout.ms = 45000
	socket.connection.setup.timeout.max.ms = 30000
	socket.connection.setup.timeout.ms = 10000
	ssl.cipher.suites = null
	ssl.enabled.protocols = [TLSv1.2, TLSv1.3]
	ssl.endpoint.identification.algorithm = https
	ssl.engine.factory.class = null
	ssl.key.password = null
	ssl.keymanager.algorithm = SunX509
	ssl.keystore.certificate.chain = null
	ssl.keystore.key = null
	ssl.keystore.location = null
	ssl.keystore.password = null
	ssl.keystore.type = JKS
	ssl.protocol = TLSv1.3
	ssl.provider = null
	ssl.secure.random.implementation = null
	ssl.trustmanager.algorithm = PKIX
	ssl.truststore.certificates = null
	ssl.truststore.location = null
	ssl.truststore.password = null
	ssl.truststore.type = JKS
	value.deserializer = class org.apache.kafka.common.serialization.StringDeserializer

2026-03-23T14:20:08.841+07:00  INFO 22800 --- [EnrollmentService] [main] o.a.k.c.t.i.KafkaMetricsCollector        : initializing Kafka metrics collector
2026-03-23T14:20:08.874+07:00  INFO 22800 --- [EnrollmentService] [main] o.a.k.clients.consumer.ConsumerConfig    : These configurations '[spring.json.trusted.packages]' were supplied but are not used yet.
2026-03-23T14:20:08.874+07:00  INFO 22800 --- [EnrollmentService] [main] o.a.kafka.common.utils.AppInfoParser     : Kafka version: 3.9.1
2026-03-23T14:20:08.874+07:00  INFO 22800 --- [EnrollmentService] [main] o.a.kafka.common.utils.AppInfoParser     : Kafka commitId: f745dfdcee2b9851
2026-03-23T14:20:08.874+07:00  INFO 22800 --- [EnrollmentService] [main] o.a.kafka.common.utils.AppInfoParser     : Kafka startTimeMs: 1774250408874
2026-03-23T14:20:08.881+07:00  INFO 22800 --- [EnrollmentService] [main] o.a.k.c.c.i.ClassicKafkaConsumer         : [Consumer clientId=consumer-EnrollmentGroup-1, groupId=EnrollmentGroup] Subscribed to topic(s): payment-created-success
2026-03-23T14:20:08.898+07:00  INFO 22800 --- [EnrollmentService] [EnrollmentGroup-0-C-1] org.apache.kafka.clients.Metadata        : [Consumer clientId=consumer-EnrollmentGroup-1, groupId=EnrollmentGroup] Cluster ID: TRE_F3PdR4SDra-wI1dJvg
2026-03-23T14:20:08.898+07:00  INFO 22800 --- [EnrollmentService] [EnrollmentGroup-0-C-1] o.a.k.c.c.internals.ConsumerCoordinator  : [Consumer clientId=consumer-EnrollmentGroup-1, groupId=EnrollmentGroup] Discovered group coordinator localhost:9092 (id: 2147483646 rack: null)
2026-03-23T14:20:08.898+07:00  INFO 22800 --- [EnrollmentService] [main] c.e.E.EnrollmentServiceApplication       : Started EnrollmentServiceApplication in 6.453 seconds (process running for 6.858)
2026-03-23T14:20:08.900+07:00  INFO 22800 --- [EnrollmentService] [EnrollmentGroup-0-C-1] o.a.k.c.c.internals.ConsumerCoordinator  : [Consumer clientId=consumer-EnrollmentGroup-1, groupId=EnrollmentGroup] (Re-)joining group
2026-03-23T14:20:08.912+07:00  INFO 22800 --- [EnrollmentService] [EnrollmentGroup-0-C-1] o.a.k.c.c.internals.ConsumerCoordinator  : [Consumer clientId=consumer-EnrollmentGroup-1, groupId=EnrollmentGroup] Request joining group due to: need to re-join with the given member-id: consumer-EnrollmentGroup-1-620344ab-3586-4071-be10-a0ca043498cc
2026-03-23T14:20:08.912+07:00  INFO 22800 --- [EnrollmentService] [EnrollmentGroup-0-C-1] o.a.k.c.c.internals.ConsumerCoordinator  : [Consumer clientId=consumer-EnrollmentGroup-1, groupId=EnrollmentGroup] (Re-)joining group
2026-03-23T14:20:11.916+07:00  INFO 22800 --- [EnrollmentService] [EnrollmentGroup-0-C-1] o.a.k.c.c.internals.ConsumerCoordinator  : [Consumer clientId=consumer-EnrollmentGroup-1, groupId=EnrollmentGroup] Successfully joined group with generation Generation{generationId=15, memberId='consumer-EnrollmentGroup-1-620344ab-3586-4071-be10-a0ca043498cc', protocol='range'}
2026-03-23T14:20:11.922+07:00  INFO 22800 --- [EnrollmentService] [EnrollmentGroup-0-C-1] o.a.k.c.c.internals.ConsumerCoordinator  : [Consumer clientId=consumer-EnrollmentGroup-1, groupId=EnrollmentGroup] Finished assignment for group at generation 15: {consumer-EnrollmentGroup-1-620344ab-3586-4071-be10-a0ca043498cc=Assignment(partitions=[payment-created-success-0])}
2026-03-23T14:20:11.928+07:00  INFO 22800 --- [EnrollmentService] [EnrollmentGroup-0-C-1] o.a.k.c.c.internals.ConsumerCoordinator  : [Consumer clientId=consumer-EnrollmentGroup-1, groupId=EnrollmentGroup] Successfully synced group in generation Generation{generationId=15, memberId='consumer-EnrollmentGroup-1-620344ab-3586-4071-be10-a0ca043498cc', protocol='range'}
2026-03-23T14:20:11.928+07:00  INFO 22800 --- [EnrollmentService] [EnrollmentGroup-0-C-1] o.a.k.c.c.internals.ConsumerCoordinator  : [Consumer clientId=consumer-EnrollmentGroup-1, groupId=EnrollmentGroup] Notifying assignor about the new Assignment(partitions=[payment-created-success-0])
2026-03-23T14:20:11.931+07:00  INFO 22800 --- [EnrollmentService] [EnrollmentGroup-0-C-1] k.c.c.i.ConsumerRebalanceListenerInvoker : [Consumer clientId=consumer-EnrollmentGroup-1, groupId=EnrollmentGroup] Adding newly assigned partitions: payment-created-success-0
2026-03-23T14:20:11.936+07:00  INFO 22800 --- [EnrollmentService] [EnrollmentGroup-0-C-1] o.a.k.c.c.internals.ConsumerUtils        : Setting offset for partition payment-created-success-0 to the committed offset FetchPosition{offset=10, offsetEpoch=Optional.empty, currentLeader=LeaderAndEpoch{leader=Optional[localhost:9092 (id: 1 rack: null)], epoch=0}}
2026-03-23T14:20:11.938+07:00  INFO 22800 --- [EnrollmentService] [EnrollmentGroup-0-C-1] o.s.k.l.KafkaMessageListenerContainer    : EnrollmentGroup: partitions assigned: [payment-created-success-0]
2026-03-23T14:25:08.611+07:00  INFO 22800 --- [EnrollmentService] [AsyncResolver-bootstrap-executor-%d] c.n.d.s.r.aws.ConfigClusterResolver      : Resolving eureka endpoints via configuration
