2026-03-23T10:45:34.839+07:00  INFO 24324 --- [ConfigService] [main] c.e.C.ConfigServiceApplication           : Starting ConfigServiceApplication using Java 25.0.1 with PID 24324 (C:\Users\vuna1\Desktop\learniverse\learniverse\ConfigService\target\classes started by vuna1 in C:\Users\vuna1\Desktop\learniverse\learniverse)
2026-03-23T10:45:34.841+07:00  INFO 24324 --- [ConfigService] [main] c.e.C.ConfigServiceApplication           : The following 1 profile is active: "native"
2026-03-23T10:45:35.342+07:00  INFO 24324 --- [ConfigService] [main] o.s.cloud.context.scope.GenericScope     : BeanFactory id=ae19e10a-4378-3b85-b595-a8e3cc039b0c
2026-03-23T10:45:35.506+07:00  INFO 24324 --- [ConfigService] [main] o.s.b.w.embedded.tomcat.TomcatWebServer  : Tomcat initialized with port 8082 (http)
2026-03-23T10:45:35.515+07:00  INFO 24324 --- [ConfigService] [main] o.apache.catalina.core.StandardService   : Starting service [Tomcat]
2026-03-23T10:45:35.516+07:00  INFO 24324 --- [ConfigService] [main] o.apache.catalina.core.StandardEngine    : Starting Servlet engine: [Apache Tomcat/10.1.42]
2026-03-23T10:45:35.552+07:00  INFO 24324 --- [ConfigService] [main] o.a.c.c.C.[Tomcat].[localhost].[/]       : Initializing Spring embedded WebApplicationContext
2026-03-23T10:45:35.553+07:00  INFO 24324 --- [ConfigService] [main] w.s.c.ServletWebServerApplicationContext : Root WebApplicationContext: initialization completed in 686 ms
2026-03-23T10:45:36.044+07:00  INFO 24324 --- [ConfigService] [main] o.s.b.a.e.web.EndpointLinksResolver      : Exposing 1 endpoint beneath base path '/actuator'
2026-03-23T10:45:36.076+07:00  INFO 24324 --- [ConfigService] [main] o.s.b.w.embedded.tomcat.TomcatWebServer  : Tomcat started on port 8082 (http) with context path '/'
2026-03-23T10:45:36.092+07:00  INFO 24324 --- [ConfigService] [main] c.e.C.ConfigServiceApplication           : Started ConfigServiceApplication in 1.879 seconds (process running for 2.227)
2026-03-23T10:45:43.187+07:00  INFO 24324 --- [ConfigService] [http-nio-8082-exec-1] o.a.c.c.C.[Tomcat].[localhost].[/]       : Initializing Spring DispatcherServlet 'dispatcherServlet'
2026-03-23T10:45:43.187+07:00  INFO 24324 --- [ConfigService] [http-nio-8082-exec-1] o.s.web.servlet.DispatcherServlet        : Initializing Servlet 'dispatcherServlet'
2026-03-23T10:45:43.189+07:00  INFO 24324 --- [ConfigService] [http-nio-8082-exec-1] o.s.web.servlet.DispatcherServlet        : Completed initialization in 1 ms
2026-03-23T10:45:43.222+07:00  INFO 24324 --- [ConfigService] [http-nio-8082-exec-1] o.s.c.c.s.e.NativeEnvironmentRepository  : Adding property source: Config resource 'class path resource [shared/DiscoveryService.properties]' via location 'classpath:/shared/'
2026-03-23T10:45:43.222+07:00  INFO 24324 --- [ConfigService] [http-nio-8082-exec-1] o.s.c.c.s.e.NativeEnvironmentRepository  : Adding property source: Config resource 'class path resource [shared/application.properties]' via location 'classpath:/shared/'
2026-03-23T10:45:53.938+07:00  INFO 24324 --- [ConfigService] [http-nio-8082-exec-3] o.s.c.c.s.e.NativeEnvironmentRepository  : Adding property source: Config resource 'class path resource [shared/GateWayService.properties]' via location 'classpath:/shared/'
2026-03-23T10:45:53.938+07:00  INFO 24324 --- [ConfigService] [http-nio-8082-exec-3] o.s.c.c.s.e.NativeEnvironmentRepository  : Adding property source: Config resource 'class path resource [shared/application.properties]' via location 'classpath:/shared/'
2026-03-23T10:45:56.644+07:00  INFO 24324 --- [ConfigService] [http-nio-8082-exec-2] o.s.c.c.s.e.NativeEnvironmentRepository  : Adding property source: Config resource 'class path resource [shared/UserService.properties]' via location 'classpath:/shared/'
2026-03-23T10:45:56.645+07:00  INFO 24324 --- [ConfigService] [http-nio-8082-exec-2] o.s.c.c.s.e.NativeEnvironmentRepository  : Adding property source: Config resource 'class path resource [shared/application.properties]' via location 'classpath:/shared/'
2026-03-23T13:51:28.569+07:00  INFO 24324 --- [ConfigService] [SpringApplicationShutdownHook] o.s.b.w.e.tomcat.GracefulShutdown        : Commencing graceful shutdown. Waiting for active requests to complete
2026-03-23T13:51:28.614+07:00  INFO 24324 --- [ConfigService] [tomcat-shutdown] o.s.b.w.e.tomcat.GracefulShutdown        : Graceful shutdown complete
2026-03-23T13:51:52.760+07:00  INFO 28344 --- [ConfigService] [main] c.e.C.ConfigServiceApplication           : Starting ConfigServiceApplication using Java 25.0.1 with PID 28344 (C:\Users\vuna1\Desktop\learniverse\learniverse\ConfigService\target\classes started by vuna1 in C:\Users\vuna1\Desktop\learniverse\learniverse)
2026-03-23T13:51:52.762+07:00  INFO 28344 --- [ConfigService] [main] c.e.C.ConfigServiceApplication           : The following 1 profile is active: "native"
2026-03-23T13:51:53.438+07:00  INFO 28344 --- [ConfigService] [main] o.s.cloud.context.scope.GenericScope     : BeanFactory id=ae19e10a-4378-3b85-b595-a8e3cc039b0c
2026-03-23T13:51:53.675+07:00  INFO 28344 --- [ConfigService] [main] o.s.b.w.embedded.tomcat.TomcatWebServer  : Tomcat initialized with port 8082 (http)
2026-03-23T13:51:53.686+07:00  INFO 28344 --- [ConfigService] [main] o.apache.catalina.core.StandardService   : Starting service [Tomcat]
2026-03-23T13:51:53.687+07:00  INFO 28344 --- [ConfigService] [main] o.apache.catalina.core.StandardEngine    : Starting Servlet engine: [Apache Tomcat/10.1.42]
2026-03-23T13:51:53.728+07:00  INFO 28344 --- [ConfigService] [main] o.a.c.c.C.[Tomcat].[localhost].[/]       : Initializing Spring embedded WebApplicationContext
2026-03-23T13:51:53.729+07:00  INFO 28344 --- [ConfigService] [main] w.s.c.ServletWebServerApplicationContext : Root WebApplicationContext: initialization completed in 934 ms
2026-03-23T13:51:54.312+07:00  INFO 28344 --- [ConfigService] [main] o.s.b.a.e.web.EndpointLinksResolver      : Exposing 1 endpoint beneath base path '/actuator'
2026-03-23T13:51:54.353+07:00  INFO 28344 --- [ConfigService] [main] o.s.b.w.embedded.tomcat.TomcatWebServer  : Tomcat started on port 8082 (http) with context path '/'
2026-03-23T13:51:54.370+07:00  INFO 28344 --- [ConfigService] [main] c.e.C.ConfigServiceApplication           : Started ConfigServiceApplication in 2.34 seconds (process running for 2.852)
2026-03-23T13:52:05.211+07:00  INFO 28344 --- [ConfigService] [http-nio-8082-exec-1] o.a.c.c.C.[Tomcat].[localhost].[/]       : Initializing Spring DispatcherServlet 'dispatcherServlet'
2026-03-23T13:52:05.213+07:00  INFO 28344 --- [ConfigService] [http-nio-8082-exec-1] o.s.web.servlet.DispatcherServlet        : Initializing Servlet 'dispatcherServlet'
2026-03-23T13:52:05.213+07:00  INFO 28344 --- [ConfigService] [http-nio-8082-exec-1] o.s.web.servlet.DispatcherServlet        : Completed initialization in 0 ms
2026-03-23T13:52:05.251+07:00  INFO 28344 --- [ConfigService] [http-nio-8082-exec-1] o.s.c.c.s.e.NativeEnvironmentRepository  : Adding property source: Config resource 'class path resource [shared/DiscoveryService.properties]' via location 'classpath:/shared/'
2026-03-23T13:52:05.252+07:00  INFO 28344 --- [ConfigService] [http-nio-8082-exec-1] o.s.c.c.s.e.NativeEnvironmentRepository  : Adding property source: Config resource 'class path resource [shared/application.properties]' via location 'classpath:/shared/'
2026-03-23T13:52:08.665+07:00  INFO 28344 --- [ConfigService] [http-nio-8082-exec-2] o.s.c.c.s.e.NativeEnvironmentRepository  : Adding property source: Config resource 'class path resource [shared/GateWayService.properties]' via location 'classpath:/shared/'
2026-03-23T13:52:08.665+07:00  INFO 28344 --- [ConfigService] [http-nio-8082-exec-2] o.s.c.c.s.e.NativeEnvironmentRepository  : Adding property source: Config resource 'class path resource [shared/application.properties]' via location 'classpath:/shared/'
2026-03-23T13:52:12.044+07:00  INFO 28344 --- [ConfigService] [http-nio-8082-exec-3] o.s.c.c.s.e.NativeEnvironmentRepository  : Adding property source: Config resource 'class path resource [shared/UserService.properties]' via location 'classpath:/shared/'
2026-03-23T13:52:12.044+07:00  INFO 28344 --- [ConfigService] [http-nio-8082-exec-3] o.s.c.c.s.e.NativeEnvironmentRepository  : Adding property source: Config resource 'class path resource [shared/application.properties]' via location 'classpath:/shared/'
2026-03-23T13:52:15.850+07:00  INFO 28344 --- [ConfigService] [http-nio-8082-exec-4] o.s.c.c.s.e.NativeEnvironmentRepository  : Adding property source: Config resource 'class path resource [shared/WishlistService.properties]' via location 'classpath:/shared/'
2026-03-23T13:52:15.850+07:00  INFO 28344 --- [ConfigService] [http-nio-8082-exec-4] o.s.c.c.s.e.NativeEnvironmentRepository  : Adding property source: Config resource 'class path resource [shared/application.properties]' via location 'classpath:/shared/'
2026-03-23T13:53:43.582+07:00  INFO 28344 --- [ConfigService] [SpringApplicationShutdownHook] o.s.b.w.e.tomcat.GracefulShutdown        : Commencing graceful shutdown. Waiting for active requests to complete
2026-03-23T13:53:43.590+07:00  INFO 28344 --- [ConfigService] [tomcat-shutdown] o.s.b.w.e.tomcat.GracefulShutdown        : Graceful shutdown complete
2026-03-23T14:18:41.718+07:00  INFO 27876 --- [ConfigService] [main] c.e.C.ConfigServiceApplication           : Starting ConfigServiceApplication using Java 25.0.1 with PID 27876 (C:\Users\vuna1\Desktop\learniverse\learniverse\ConfigService\target\classes started by vuna1 in C:\Users\vuna1\Desktop\learniverse\learniverse)
2026-03-23T14:18:41.721+07:00  INFO 27876 --- [ConfigService] [main] c.e.C.ConfigServiceApplication           : The following 1 profile is active: "native"
2026-03-23T14:18:42.656+07:00  INFO 27876 --- [ConfigService] [main] o.s.cloud.context.scope.GenericScope     : BeanFactory id=ae19e10a-4378-3b85-b595-a8e3cc039b0c
2026-03-23T14:18:43.016+07:00  INFO 27876 --- [ConfigService] [main] o.s.b.w.embedded.tomcat.TomcatWebServer  : Tomcat initialized with port 8082 (http)
2026-03-23T14:18:43.042+07:00  INFO 27876 --- [ConfigService] [main] o.apache.catalina.core.StandardService   : Starting service [Tomcat]
2026-03-23T14:18:43.044+07:00  INFO 27876 --- [ConfigService] [main] o.apache.catalina.core.StandardEngine    : Starting Servlet engine: [Apache Tomcat/10.1.42]
2026-03-23T14:18:43.101+07:00  INFO 27876 --- [ConfigService] [main] o.a.c.c.C.[Tomcat].[localhost].[/]       : Initializing Spring embedded WebApplicationContext
2026-03-23T14:18:43.102+07:00  INFO 27876 --- [ConfigService] [main] w.s.c.ServletWebServerApplicationContext : Root WebApplicationContext: initialization completed in 1332 ms
2026-03-23T14:18:43.818+07:00  INFO 27876 --- [ConfigService] [main] o.s.b.a.e.web.EndpointLinksResolver      : Exposing 1 endpoint beneath base path '/actuator'
2026-03-23T14:18:43.868+07:00  INFO 27876 --- [ConfigService] [main] o.s.b.w.embedded.tomcat.TomcatWebServer  : Tomcat started on port 8082 (http) with context path '/'
2026-03-23T14:18:43.883+07:00  INFO 27876 --- [ConfigService] [main] c.e.C.ConfigServiceApplication           : Started ConfigServiceApplication in 3.443 seconds (process running for 3.876)
2026-03-23T14:19:12.083+07:00  INFO 27876 --- [ConfigService] [http-nio-8082-exec-1] o.a.c.c.C.[Tomcat].[localhost].[/]       : Initializing Spring DispatcherServlet 'dispatcherServlet'
2026-03-23T14:19:12.084+07:00  INFO 27876 --- [ConfigService] [http-nio-8082-exec-1] o.s.web.servlet.DispatcherServlet        : Initializing Servlet 'dispatcherServlet'
2026-03-23T14:19:12.085+07:00  INFO 27876 --- [ConfigService] [http-nio-8082-exec-1] o.s.web.servlet.DispatcherServlet        : Completed initialization in 1 ms
2026-03-23T14:19:12.124+07:00  INFO 27876 --- [ConfigService] [http-nio-8082-exec-1] o.s.c.c.s.e.NativeEnvironmentRepository  : Adding property source: Config resource 'class path resource [shared/DiscoveryService.properties]' via location 'classpath:/shared/'
2026-03-23T14:19:12.124+07:00  INFO 27876 --- [ConfigService] [http-nio-8082-exec-1] o.s.c.c.s.e.NativeEnvironmentRepository  : Adding property source: Config resource 'class path resource [shared/application.properties]' via location 'classpath:/shared/'
2026-03-23T14:19:27.396+07:00  INFO 27876 --- [ConfigService] [http-nio-8082-exec-3] o.s.c.c.s.e.NativeEnvironmentRepository  : Adding property source: Config resource 'class path resource [shared/CategoryService.properties]' via location 'classpath:/shared/'
2026-03-23T14:19:27.397+07:00  INFO 27876 --- [ConfigService] [http-nio-8082-exec-3] o.s.c.c.s.e.NativeEnvironmentRepository  : Adding property source: Config resource 'class path resource [shared/application.properties]' via location 'classpath:/shared/'
2026-03-23T14:19:39.839+07:00  INFO 27876 --- [ConfigService] [http-nio-8082-exec-6] o.s.c.c.s.e.NativeEnvironmentRepository  : Adding property source: Config resource 'class path resource [shared/CourseService.properties]' via location 'classpath:/shared/'
2026-03-23T14:19:39.839+07:00  INFO 27876 --- [ConfigService] [http-nio-8082-exec-6] o.s.c.c.s.e.NativeEnvironmentRepository  : Adding property source: Config resource 'class path resource [shared/application.properties]' via location 'classpath:/shared/'
2026-03-23T14:19:54.108+07:00  INFO 27876 --- [ConfigService] [http-nio-8082-exec-5] o.s.c.c.s.e.NativeEnvironmentRepository  : Adding property source: Config resource 'class path resource [shared/EmailService.properties]' via location 'classpath:/shared/'
2026-03-23T14:19:54.108+07:00  INFO 27876 --- [ConfigService] [http-nio-8082-exec-5] o.s.c.c.s.e.NativeEnvironmentRepository  : Adding property source: Config resource 'class path resource [shared/application.properties]' via location 'classpath:/shared/'
2026-03-23T14:20:02.922+07:00  INFO 27876 --- [ConfigService] [http-nio-8082-exec-2] o.s.c.c.s.e.NativeEnvironmentRepository  : Adding property source: Config resource 'class path resource [shared/EnrollmentService.properties]' via location 'classpath:/shared/'
2026-03-23T14:20:02.922+07:00  INFO 27876 --- [ConfigService] [http-nio-8082-exec-2] o.s.c.c.s.e.NativeEnvironmentRepository  : Adding property source: Config resource 'class path resource [shared/application.properties]' via location 'classpath:/shared/'
2026-03-23T14:20:37.779+07:00  INFO 27876 --- [ConfigService] [http-nio-8082-exec-8] o.s.c.c.s.e.NativeEnvironmentRepository  : Adding property source: Config resource 'class path resource [shared/GateWayService.properties]' via location 'classpath:/shared/'
2026-03-23T14:20:37.779+07:00  INFO 27876 --- [ConfigService] [http-nio-8082-exec-8] o.s.c.c.s.e.NativeEnvironmentRepository  : Adding property source: Config resource 'class path resource [shared/application.properties]' via location 'classpath:/shared/'
2026-03-23T14:20:53.742+07:00  INFO 27876 --- [ConfigService] [http-nio-8082-exec-10] o.s.c.c.s.e.NativeEnvironmentRepository  : Adding property source: Config resource 'class path resource [shared/PaymentService.properties]' via location 'classpath:/shared/'
2026-03-23T14:20:53.743+07:00  INFO 27876 --- [ConfigService] [http-nio-8082-exec-10] o.s.c.c.s.e.NativeEnvironmentRepository  : Adding property source: Config resource 'class path resource [shared/application.properties]' via location 'classpath:/shared/'
2026-03-23T14:21:04.071+07:00  INFO 27876 --- [ConfigService] [http-nio-8082-exec-6] o.s.c.c.s.e.NativeEnvironmentRepository  : Adding property source: Config resource 'class path resource [shared/UserService.properties]' via location 'classpath:/shared/'
2026-03-23T14:21:04.072+07:00  INFO 27876 --- [ConfigService] [http-nio-8082-exec-6] o.s.c.c.s.e.NativeEnvironmentRepository  : Adding property source: Config resource 'class path resource [shared/application.properties]' via location 'classpath:/shared/'
2026-03-23T14:21:11.935+07:00  INFO 27876 --- [ConfigService] [http-nio-8082-exec-5] o.s.c.c.s.e.NativeEnvironmentRepository  : Adding property source: Config resource 'class path resource [shared/WishlistService.properties]' via location 'classpath:/shared/'
2026-03-23T14:21:11.936+07:00  INFO 27876 --- [ConfigService] [http-nio-8082-exec-5] o.s.c.c.s.e.NativeEnvironmentRepository  : Adding property source: Config resource 'class path resource [shared/application.properties]' via location 'classpath:/shared/'
2026-03-23T14:23:05.625+07:00  INFO 27876 --- [ConfigService] [http-nio-8082-exec-9] o.s.c.c.s.e.NativeEnvironmentRepository  : Adding property source: Config resource 'class path resource [shared/StreamingService.properties]' via location 'classpath:/shared/'
2026-03-23T14:23:05.626+07:00  INFO 27876 --- [ConfigService] [http-nio-8082-exec-9] o.s.c.c.s.e.NativeEnvironmentRepository  : Adding property source: Config resource 'class path resource [shared/application.properties]' via location 'classpath:/shared/'
